Archive member included to satisfy reference by file (symbol)

/opt/homebrew/Cellar/arm-none-eabi-gcc/10.3-2021.07/gcc/bin/../lib/gcc/arm-none-eabi/10.3.1/thumb/v7e-m+fp/hard/libgcc.a(_arm_muldf3.o)
                              CMakeFiles/Mechanical_Arm.elf.dir/Lib/Src/Inverse_Mechanical_Calulation.c.obj (__aeabi_dmul)
/opt/homebrew/Cellar/arm-none-eabi-gcc/10.3-2021.07/gcc/bin/../lib/gcc/arm-none-eabi/10.3.1/thumb/v7e-m+fp/hard/libgcc.a(_arm_addsubdf3.o)
                              CMakeFiles/Mechanical_Arm.elf.dir/Lib/Src/Inverse_Mechanical_Calulation.c.obj (__aeabi_dsub)
/opt/homebrew/Cellar/arm-none-eabi-gcc/10.3-2021.07/gcc/bin/../lib/gcc/arm-none-eabi/10.3.1/thumb/v7e-m+fp/hard/libgcc.a(_arm_muldivdf3.o)
                              CMakeFiles/Mechanical_Arm.elf.dir/Lib/Src/Inverse_Mechanical_Calulation.c.obj (__aeabi_ddiv)
/opt/homebrew/Cellar/arm-none-eabi-gcc/10.3-2021.07/gcc/bin/../lib/gcc/arm-none-eabi/10.3.1/thumb/v7e-m+fp/hard/libgcc.a(_arm_fixdfsi.o)
                              CMakeFiles/Mechanical_Arm.elf.dir/Src/freertos.c.obj (__aeabi_d2iz)
/opt/homebrew/Cellar/arm-none-eabi-gcc/10.3-2021.07/gcc/bin/../lib/gcc/arm-none-eabi/10.3.1/thumb/v7e-m+fp/hard/libgcc.a(_arm_fixunsdfsi.o)
                              CMakeFiles/Mechanical_Arm.elf.dir/Lib/Src/servo.c.obj (__aeabi_d2uiz)
/opt/homebrew/Cellar/arm-none-eabi-gcc/10.3-2021.07/gcc/bin/../lib/gcc/arm-none-eabi/10.3.1/thumb/v7e-m+fp/hard/libgcc.a(_arm_truncdfsf2.o)
                              CMakeFiles/Mechanical_Arm.elf.dir/Lib/Src/servo.c.obj (__aeabi_d2f)
/opt/homebrew/Cellar/arm-none-eabi-gcc/10.3-2021.07/gcc/bin/../lib/gcc/arm-none-eabi/10.3.1/thumb/v7e-m+fp/hard/libgcc.a(_aeabi_uldivmod.o)
                              CMakeFiles/Mechanical_Arm.elf.dir/Drivers/STM32F4xx_HAL_Driver/Src/stm32f4xx_hal_rcc.c.obj (__aeabi_uldivmod)
/opt/homebrew/Cellar/arm-none-eabi-gcc/10.3-2021.07/gcc/bin/../lib/gcc/arm-none-eabi/10.3.1/thumb/v7e-m+fp/hard/libgcc.a(_udivmoddi4.o)
                              /opt/homebrew/Cellar/arm-none-eabi-gcc/10.3-2021.07/gcc/bin/../lib/gcc/arm-none-eabi/10.3.1/thumb/v7e-m+fp/hard/libgcc.a(_aeabi_uldivmod.o) (__udivmoddi4)
/opt/homebrew/Cellar/arm-none-eabi-gcc/10.3-2021.07/gcc/bin/../lib/gcc/arm-none-eabi/10.3.1/thumb/v7e-m+fp/hard/libgcc.a(_dvmd_tls.o)
                              /opt/homebrew/Cellar/arm-none-eabi-gcc/10.3-2021.07/gcc/bin/../lib/gcc/arm-none-eabi/10.3.1/thumb/v7e-m+fp/hard/libgcc.a(_aeabi_uldivmod.o) (__aeabi_ldiv0)
/opt/homebrew/Cellar/arm-none-eabi-gcc/10.3-2021.07/gcc/bin/../lib/gcc/arm-none-eabi/10.3.1/../../../../arm-none-eabi/lib/thumb/v7e-m+fp/hard/libg.a(lib_a-errno.o)
                              CMakeFiles/Mechanical_Arm.elf.dir/Src/syscalls.c.obj (__errno)
/opt/homebrew/Cellar/arm-none-eabi-gcc/10.3-2021.07/gcc/bin/../lib/gcc/arm-none-eabi/10.3.1/../../../../arm-none-eabi/lib/thumb/v7e-m+fp/hard/libg.a(lib_a-exit.o)
                              /opt/homebrew/Cellar/arm-none-eabi-gcc/10.3-2021.07/gcc/bin/../lib/gcc/arm-none-eabi/10.3.1/../../../../arm-none-eabi/lib/thumb/v7e-m+fp/hard/crt0.o (exit)
/opt/homebrew/Cellar/arm-none-eabi-gcc/10.3-2021.07/gcc/bin/../lib/gcc/arm-none-eabi/10.3.1/../../../../arm-none-eabi/lib/thumb/v7e-m+fp/hard/libg.a(lib_a-impure.o)
                              /opt/homebrew/Cellar/arm-none-eabi-gcc/10.3-2021.07/gcc/bin/../lib/gcc/arm-none-eabi/10.3.1/../../../../arm-none-eabi/lib/thumb/v7e-m+fp/hard/libg.a(lib_a-exit.o) (_global_impure_ptr)
/opt/homebrew/Cellar/arm-none-eabi-gcc/10.3-2021.07/gcc/bin/../lib/gcc/arm-none-eabi/10.3.1/../../../../arm-none-eabi/lib/thumb/v7e-m+fp/hard/libg.a(lib_a-init.o)
                              /opt/homebrew/Cellar/arm-none-eabi-gcc/10.3-2021.07/gcc/bin/../lib/gcc/arm-none-eabi/10.3.1/../../../../arm-none-eabi/lib/thumb/v7e-m+fp/hard/crt0.o (__libc_init_array)
/opt/homebrew/Cellar/arm-none-eabi-gcc/10.3-2021.07/gcc/bin/../lib/gcc/arm-none-eabi/10.3.1/../../../../arm-none-eabi/lib/thumb/v7e-m+fp/hard/libg.a(lib_a-memcpy.o)
                              CMakeFiles/Mechanical_Arm.elf.dir/Lib/Src/dynamixel2.c.obj (memcpy)
/opt/homebrew/Cellar/arm-none-eabi-gcc/10.3-2021.07/gcc/bin/../lib/gcc/arm-none-eabi/10.3.1/../../../../arm-none-eabi/lib/thumb/v7e-m+fp/hard/libg.a(lib_a-memmove.o)
                              CMakeFiles/Mechanical_Arm.elf.dir/Lib/Src/dynamixel2.c.obj (memmove)
/opt/homebrew/Cellar/arm-none-eabi-gcc/10.3-2021.07/gcc/bin/../lib/gcc/arm-none-eabi/10.3.1/../../../../arm-none-eabi/lib/thumb/v7e-m+fp/hard/libg.a(lib_a-memset.o)
                              /opt/homebrew/Cellar/arm-none-eabi-gcc/10.3-2021.07/gcc/bin/../lib/gcc/arm-none-eabi/10.3.1/../../../../arm-none-eabi/lib/thumb/v7e-m+fp/hard/crt0.o (memset)
/opt/homebrew/Cellar/arm-none-eabi-gcc/10.3-2021.07/gcc/bin/../lib/gcc/arm-none-eabi/10.3.1/../../../../arm-none-eabi/lib/thumb/v7e-m+fp/hard/libg.a(lib_a-vsprintf.o)
                              CMakeFiles/Mechanical_Arm.elf.dir/Lib/Src/A1_Drive.c.obj (vsprintf)
[...]
Memory Configuration

Name             Origin             Length             Attributes
RAM              0x0000000020000000 0x0000000000030000 xrw
CCMRAM           0x0000000010000000 0x0000000000010000 xrw
FLASH            0x0000000008000000 0x0000000000200000 xr
*default*        0x0000000000000000 0xffffffffffffffff

Linker script and memory map

LOAD /opt/homebrew/Cellar/arm-none-eabi-gcc/10.3-2021.07/gcc/bin/../lib/gcc/arm-none-eabi/10.3.1/thumb/v7e-m+fp/hard/crti.o
LOAD /opt/homebrew/Cellar/arm-none-eabi-gcc/10.3-2021.07/gcc/bin/../lib/gcc/arm-none-eabi/10.3.1/thumb/v7e-m+fp/hard/crtbegin.o
LOAD /opt/homebrew/Cellar/arm-none-eabi-gcc/10.3-2021.07/gcc/bin/../lib/gcc/arm-none-eabi/10.3.1/../../../../arm-none-eabi/lib/thumb/v7e-m+fp/hard/crt0.o
LOAD CMakeFiles/Mechanical_Arm.elf.dir/Drivers/STM32F4xx_HAL_Driver/Src/stm32f4xx_hal.c.obj
LOAD CMakeFiles/Mechanical_Arm.elf.dir/Drivers/STM32F4xx_HAL_Driver/Src/stm32f4xx_hal_can.c.obj
LOAD CMakeFiles/Mechanical_Arm.elf.dir/Drivers/STM32F4xx_HAL_Driver/Src/stm32f4xx_hal_cortex.c.obj
LOAD CMakeFiles/Mechanical_Arm.elf.dir/Drivers/STM32F4xx_HAL_Driver/Src/stm32f4xx_hal_dma.c.obj
LOAD CMakeFiles/Mechanical_Arm.elf.dir/Drivers/STM32F4xx_HAL_Driver/Src/stm32f4xx_hal_dma_ex.c.obj
LOAD CMakeFiles/Mechanical_Arm.elf.dir/Drivers/STM32F4xx_HAL_Driver/Src/stm32f4xx_hal_exti.c.obj
LOAD CMakeFiles/Mechanical_Arm.elf.dir/Drivers/STM32F4xx_HAL_Driver/Src/stm32f4xx_hal_flash.c.obj
LOAD CMakeFiles/Mechanical_Arm.elf.dir/Drivers/STM32F4xx_HAL_Driver/Src/stm32f4xx_hal_flash_ex.c.obj
LOAD CMakeFiles/Mechanical_Arm.elf.dir/Drivers/STM32F4xx_HAL_Driver/Src/stm32f4xx_hal_flash_ramfunc.c.obj
LOAD CMakeFiles/Mechanical_Arm.elf.dir/Drivers/STM32F4xx_HAL_Driver/Src/stm32f4xx_hal_gpio.c.obj
LOAD CMakeFiles/Mechanical_Arm.elf.dir/Drivers/STM32F4xx_HAL_Driver/Src/stm32f4xx_hal_pwr.c.obj
LOAD CMakeFiles/Mechanical_Arm.elf.dir/Drivers/STM32F4xx_HAL_Driver/Src/stm32f4xx_hal_pwr_ex.c.obj
LOAD CMakeFiles/Mechanical_Arm.elf.dir/Drivers/STM32F4xx_HAL_Driver/Src/stm32f4xx_hal_rcc.c.obj
LOAD CMakeFiles/Mechanical_Arm.elf.dir/Drivers/STM32F4xx_HAL_Driver/Src/stm32f4xx_hal_rcc_ex.c.obj
LOAD CMakeFiles/Mechanical_Arm.elf.dir/Drivers/STM32F4xx_HAL_Driver/Src/stm32f4xx_hal_tim.c.obj
LOAD CMakeFiles/Mechanical_Arm.elf.dir/Drivers/STM32F4xx_HAL_Driver/Src/stm32f4xx_hal_tim_ex.c.obj
LOAD CMakeFiles/Mechanical_Arm.elf.dir/Drivers/STM32F4xx_HAL_Driver/Src/stm32f4xx_hal_uart.c.obj
LOAD CMakeFiles/Mechanical_Arm.elf.dir/Lib/Src/A1_Drive.c.obj
LOAD CMakeFiles/Mechanical_Arm.elf.dir/Lib/Src/CAN_Operation.c.obj
LOAD CMakeFiles/Mechanical_Arm.elf.dir/Lib/Src/Inverse_Mechanical_Calulation.c.obj
LOAD CMakeFiles/Mechanical_Arm.elf.dir/Lib/Src/PID_Controlor.c.obj
LOAD CMakeFiles/Mechanical_Arm.elf.dir/Lib/Src/dynamixel2.c.obj
LOAD CMakeFiles/Mechanical_Arm.elf.dir/Lib/Src/servo.c.obj
LOAD CMakeFiles/Mechanical_Arm.elf.dir/Middlewares/Third_Party/FreeRTOS/Source/CMSIS_RTOS/cmsis_os.c.obj
LOAD CMakeFiles/Mechanical_Arm.elf.dir/Middlewares/Third_Party/FreeRTOS/Source/croutine.c.obj
LOAD CMakeFiles/Mechanical_Arm.elf.dir/Middlewares/Third_Party/FreeRTOS/Source/event_groups.c.obj
LOAD CMakeFiles/Mechanical_Arm.elf.dir/Middlewares/Third_Party/FreeRTOS/Source/list.c.obj
LOAD CMakeFiles/Mechanical_Arm.elf.dir/Middlewares/Third_Party/FreeRTOS/Source/portable/GCC/ARM_CM4F/port.c.obj
LOAD CMakeFiles/Mechanical_Arm.elf.dir/Middlewares/Third_Party/FreeRTOS/Source/portable/MemMang/heap_4.c.obj
LOAD CMakeFiles/Mechanical_Arm.elf.dir/Middlewares/Third_Party/FreeRTOS/Source/queue.c.obj
LOAD CMakeFiles/Mechanical_Arm.elf.dir/Middlewares/Third_Party/FreeRTOS/Source/stream_buffer.c.obj
LOAD CMakeFiles/Mechanical_Arm.elf.dir/Middlewares/Third_Party/FreeRTOS/Source/tasks.c.obj
LOAD CMakeFiles/Mechanical_Arm.elf.dir/Middlewares/Third_Party/FreeRTOS/Source/timers.c.obj
LOAD CMakeFiles/Mechanical_Arm.elf.dir/Src/can.c.obj
LOAD CMakeFiles/Mechanical_Arm.elf.dir/Src/dma.c.obj
LOAD CMakeFiles/Mechanical_Arm.elf.dir/Src/freertos.c.obj
LOAD CMakeFiles/Mechanical_Arm.elf.dir/Src/gpio.c.obj
LOAD CMakeFiles/Mechanical_Arm.elf.dir/Src/main.c.obj
LOAD CMakeFiles/Mechanical_Arm.elf.dir/Src/stm32f4xx_hal_msp.c.obj
LOAD CMakeFiles/Mechanical_Arm.elf.dir/Src/stm32f4xx_it.c.obj
LOAD CMakeFiles/Mechanical_Arm.elf.dir/Src/syscalls.c.obj
LOAD CMakeFiles/Mechanical_Arm.elf.dir/Src/system_stm32f4xx.c.obj
LOAD CMakeFiles/Mechanical_Arm.elf.dir/Src/usart.c.obj
LOAD CMakeFiles/Mechanical_Arm.elf.dir/startup/startup_stm32f427xx.s.obj
START GROUP
LOAD /opt/homebrew/Cellar/arm-none-eabi-gcc/10.3-2021.07/gcc/bin/../lib/gcc/arm-none-eabi/10.3.1/thumb/v7e-m+fp/hard/libgcc.a
LOAD /opt/homebrew/Cellar/arm-none-eabi-gcc/10.3-2021.07/gcc/bin/../lib/gcc/arm-none-eabi/10.3.1/../../../../arm-none-eabi/lib/thumb/v7e-m+fp/hard/libg.a
LOAD /opt/homebrew/Cellar/arm-none-eabi-gcc/10.3-2021.07/gcc/bin/../lib/gcc/arm-none-eabi/10.3.1/../../../../arm-none-eabi/lib/thumb/v7e-m+fp/hard/libc.a
END GROUP
LOAD /opt/homebrew/Cellar/arm-none-eabi-gcc/10.3-2021.07/gcc/bin/../lib/gcc/arm-none-eabi/10.3.1/thumb/v7e-m+fp/hard/crtend.o
LOAD /opt/homebrew/Cellar/arm-none-eabi-gcc/10.3-2021.07/gcc/bin/../lib/gcc/arm-none-eabi/10.3.1/thumb/v7e-m+fp/hard/crtn.o
                0x0000000020030000                _estack = 0x20030000
                0x0000000000000200                _Min_Heap_Size = 0x200
                0x0000000000000400                _Min_Stack_Size = 0x400

.isr_vector     0x0000000008000000      0x1ac
                0x0000000008000000                . = ALIGN (0x4)
 *(.isr_vector)
 .isr_vector    0x0000000008000000      0x1ac CMakeFiles/Mechanical_Arm.elf.dir/startup/startup_stm32f427xx.s.obj
                0x0000000008000000                g_pfnVectors
                0x00000000080001ac                . = ALIGN (0x4)

.text           0x00000000080001b0     0x49c0
                0x00000000080001b0                . = ALIGN (0x4)
 *(.text)
 .text          0x00000000080001b0       0x40 /opt/homebrew/Cellar/arm-none-eabi-gcc/10.3-2021.07/gcc/bin/../lib/gcc/arm-none-eabi/10.3.1/thumb/v7e-m+fp/hard/crtbegin.o
 .text          0x00000000080001f0      0x378 /opt/homebrew/Cellar/arm-none-eabi-gcc/10.3-2021.07/gcc/bin/../lib/gcc/arm-none-eabi/10.3.1/thumb/v7e-m+fp/hard/libgcc.a(_arm_addsubdf3.o)
                0x00000000080001f0                __aeabi_drsub
                0x00000000080001f8                __subdf3
                0x00000000080001f8                __aeabi_dsub
                0x00000000080001fc                __aeabi_dadd
                0x00000000080001fc                __adddf3
                0x0000000008000474                __aeabi_ui2d
                0x0000000008000474                __floatunsidf
                0x0000000008000494                __floatsidf
                0x0000000008000494                __aeabi_i2d
                0x00000000080004b8                __extendsfdf2
                0x00000000080004b8                __aeabi_f2d
                0x00000000080004fc                __aeabi_ul2d
                0x00000000080004fc                __floatundidf
                0x000000000800050c                __aeabi_l2d
                0x000000000800050c                __floatdidf
 .text          0x0000000008000568      0x424 /opt/homebrew/Cellar/arm-none-eabi-gcc/10.3-2021.07/gcc/bin/../lib/gcc/arm-none-eabi/10.3.1/thumb/v7e-m+fp/hard/libgcc.a(_arm_muldivdf3.o)
                0x0000000008000568                __aeabi_dmul
                0x0000000008000568                __muldf3
                0x00000000080007bc                __aeabi_ddiv
                0x00000000080007bc                __divdf3
 .text          0x000000000800098c       0x50 /opt/homebrew/Cellar/arm-none-eabi-gcc/10.3-2021.07/gcc/bin/../lib/gcc/arm-none-eabi/10.3.1/thumb/v7e-m+fp/hard/libgcc.a(_arm_fixdfsi.o)
                0x000000000800098c                __fixdfsi
                0x000000000800098c                __aeabi_d2iz
 .text          0x00000000080009dc       0xa0 /opt/homebrew/Cellar/arm-none-eabi-gcc/10.3-2021.07/gcc/bin/../lib/gcc/arm-none-eabi/10.3.1/thumb/v7e-m+fp/hard/libgcc.a(_arm_truncdfsf2.o)
                0x00000000080009dc                __aeabi_d2f
                0x00000000080009dc                __truncdfsf2
 .text          0x0000000008000a7c       0x30 /opt/homebrew/Cellar/arm-none-eabi-gcc/10.3-2021.07/gcc/bin/../lib/gcc/arm-none-eabi/10.3.1/thumb/v7e-m+fp/hard/libgcc.a(_aeabi_uldivmod.o)
                0x0000000008000a7c                __aeabi_uldivmod
 .text          0x0000000008000aac      0x2d0 /opt/homebrew/Cellar/arm-none-eabi-gcc/10.3-2021.07/gcc/bin/../lib/gcc/arm-none-eabi/10.3.1/thumb/v7e-m+fp/hard/libgcc.a(_udivmoddi4.o)
                0x0000000008000aac                __udivmoddi4
 .text          0x0000000008000d7c        0x4 /opt/homebrew/Cellar/arm-none-eabi-gcc/10.3-2021.07/gcc/bin/../lib/gcc/arm-none-eabi/10.3.1/thumb/v7e-m+fp/hard/libgcc.a(_dvmd_tls.o)
                0x0000000008000d7c                __aeabi_ldiv0
                0x0000000008000d7c                __aeabi_idiv0
 .text          0x0000000008000d80      0x134 /opt/homebrew/Cellar/arm-none-eabi-gcc/10.3-2021.07/gcc/bin/../lib/gcc/arm-none-eabi/10.3.1/../../../../arm-none-eabi/lib/thumb/v7e-m+fp/hard/libg.a(lib_a-memcpy.o)
                0x0000000008000d80                memcpy
 .text          0x0000000008000eb4      0x110 /opt/homebrew/Cellar/arm-none-eabi-gcc/10.3-2021.07/gcc/bin/../lib/gcc/arm-none-eabi/10.3.1/thumb/v7e-m+fp/hard/libgcc.a(_arm_cmpdf2.o)
                0x0000000008000eb4                __gedf2
                0x0000000008000eb4                __gtdf2
                0x0000000008000ebc                __ledf2
                0x0000000008000ebc                __ltdf2
                0x0000000008000ec4                __cmpdf2
                0x0000000008000ec4                __eqdf2
                0x0000000008000ec4                __nedf2
                0x0000000008000f40                __aeabi_cdrcmple
                0x0000000008000f50                __aeabi_cdcmple
                0x0000000008000f50                __aeabi_cdcmpeq
                0x0000000008000f60                __aeabi_dcmpeq
                0x0000000008000f74                __aeabi_dcmplt
                0x0000000008000f88                __aeabi_dcmple
                0x0000000008000f9c                __aeabi_dcmpge
                0x0000000008000fb0                __aeabi_dcmpgt
 .text          0x0000000008000fc4       0x2c /opt/homebrew/Cellar/arm-none-eabi-gcc/10.3-2021.07/gcc/bin/../lib/gcc/arm-none-eabi/10.3.1/thumb/v7e-m+fp/hard/libgcc.a(_arm_unorddf2.o)
                0x0000000008000fc4                __aeabi_dcmpun
                0x0000000008000fc4                __unorddf2
 *(.text*)
 .text.HAL_InitTick
                0x0000000008000ff0       0x4c CMakeFiles/Mechanical_Arm.elf.dir/Drivers/STM32F4xx_HAL_Driver/Src/stm32f4xx_hal.c.obj
                0x0000000008000ff0                HAL_InitTick
 .text.HAL_Init
                0x000000000800103c       0x34 CMakeFiles/Mechanical_Arm.elf.dir/Drivers/STM32F4xx_HAL_Driver/Src/stm32f4xx_hal.c.obj
                0x000000000800103c                HAL_Init
 .text.HAL_IncTick
                0x0000000008001070       0x18 CMakeFiles/Mechanical_Arm.elf.dir/Drivers/STM32F4xx_HAL_Driver/Src/stm32f4xx_hal.c.obj
                0x0000000008001070                HAL_IncTick
 .text.HAL_GetTick
                0x0000000008001088        0xc CMakeFiles/Mechanical_Arm.elf.dir/Drivers/STM32F4xx_HAL_Driver/Src/stm32f4xx_hal.c.obj
                0x0000000008001088                HAL_GetTick
 .text.HAL_Delay
                0x0000000008001094       0x28 CMakeFiles/Mechanical_Arm.elf.dir/Drivers/STM32F4xx_HAL_Driver/Src/stm32f4xx_hal.c.obj
                0x0000000008001094                HAL_Delay
 .text.HAL_CAN_Init
                0x00000000080010bc      0x14c CMakeFiles/Mechanical_Arm.elf.dir/Drivers/STM32F4xx_HAL_Driver/Src/stm32f4xx_hal_can.c.obj
                0x00000000080010bc                HAL_CAN_Init
 .text.HAL_CAN_ConfigFilter
                0x0000000008001208      0x138 CMakeFiles/Mechanical_Arm.elf.dir/Drivers/STM32F4xx_HAL_Driver/Src/stm32f4xx_hal_can.c.obj
                0x0000000008001208                HAL_CAN_ConfigFilter
 .text.HAL_CAN_Start
                0x0000000008001340       0x5c CMakeFiles/Mechanical_Arm.elf.dir/Drivers/STM32F4xx_HAL_Driver/Src/stm32f4xx_hal_can.c.obj
                0x0000000008001340                HAL_CAN_Start
 .text.HAL_CAN_AddTxMessage
                0x000000000800139c       0xfc CMakeFiles/Mechanical_Arm.elf.dir/Drivers/STM32F4xx_HAL_Driver/Src/stm32f4xx_hal_can.c.obj
                0x000000000800139c                HAL_CAN_AddTxMessage
 .text.HAL_CAN_GetRxMessage
                0x0000000008001498      0x14a CMakeFiles/Mechanical_Arm.elf.dir/Drivers/STM32F4xx_HAL_Driver/Src/stm32f4xx_hal_can.c.obj
                0x0000000008001498                HAL_CAN_GetRxMessage
 .text.HAL_CAN_ActivateNotification
                0x00000000080015e2       0x24 CMakeFiles/Mechanical_Arm.elf.dir/Drivers/STM32F4xx_HAL_Driver/Src/stm32f4xx_hal_can.c.obj
                0x00000000080015e2                HAL_CAN_ActivateNotification
 .text.HAL_CAN_TxMailbox0CompleteCallback
                0x0000000008001606        0x2 CMakeFiles/Mechanical_Arm.elf.dir/Drivers/STM32F4xx_HAL_Driver/Src/stm32f4xx_hal_can.c.obj
                0x0000000008001606                HAL_CAN_TxMailbox0CompleteCallback
 .text.HAL_CAN_TxMailbox1CompleteCallback
                0x0000000008001608        0x2 CMakeFiles/Mechanical_Arm.elf.dir/Drivers/STM32F4xx_HAL_Driver/Src/stm32f4xx_hal_can.c.obj
                0x0000000008001608                HAL_CAN_TxMailbox1CompleteCallback
 .text.HAL_CAN_TxMailbox2CompleteCallback
                0x000000000800160a        0x2 CMakeFiles/Mechanical_Arm.elf.dir/Drivers/STM32F4xx_HAL_Driver/Src/stm32f4xx_hal_can.c.obj
                0x000000000800160a                HAL_CAN_TxMailbox2CompleteCallback
 .text.HAL_CAN_TxMailbox0AbortCallback
                0x000000000800160c        0x2 CMakeFiles/Mechanical_Arm.elf.dir/Drivers/STM32F4xx_HAL_Driver/Src/stm32f4xx_hal_can.c.obj
                0x000000000800160c                HAL_CAN_TxMailbox0AbortCallback
 .text.HAL_CAN_TxMailbox1AbortCallback
                0x000000000800160e        0x2 CMakeFiles/Mechanical_Arm.elf.dir/Drivers/STM32F4xx_HAL_Driver/Src/stm32f4xx_hal_can.c.obj
                0x000000000800160e                HAL_CAN_TxMailbox1AbortCallback
 .text.HAL_CAN_TxMailbox2AbortCallback
                0x0000000008001610        0x2 CMakeFiles/Mechanical_Arm.elf.dir/Drivers/STM32F4xx_HAL_Driver/Src/stm32f4xx_hal_can.c.obj
                0x0000000008001610                HAL_CAN_TxMailbox2AbortCallback
 .text.HAL_CAN_RxFifo0FullCallback
                0x0000000008001612        0x2 CMakeFiles/Mechanical_Arm.elf.dir/Drivers/STM32F4xx_HAL_Driver/Src/stm32f4xx_hal_can.c.obj
                0x0000000008001612                HAL_CAN_RxFifo0FullCallback
 .text.HAL_CAN_RxFifo1MsgPendingCallback
                0x0000000008001614        0x2 CMakeFiles/Mechanical_Arm.elf.dir/Drivers/STM32F4xx_HAL_Driver/Src/stm32f4xx_hal_can.c.obj
                0x0000000008001614                HAL_CAN_RxFifo1MsgPendingCallback
 .text.HAL_CAN_RxFifo1FullCallback
                0x0000000008001616        0x2 CMakeFiles/Mechanical_Arm.elf.dir/Drivers/STM32F4xx_HAL_Driver/Src/stm32f4xx_hal_can.c.obj
                0x0000000008001616                HAL_CAN_RxFifo1FullCallback
 .text.HAL_CAN_SleepCallback
                0x0000000008001618        0x2 CMakeFiles/Mechanical_Arm.elf.dir/Drivers/STM32F4xx_HAL_Driver/Src/stm32f4xx_hal_can.c.obj
                0x0000000008001618                HAL_CAN_SleepCallback
 .text.HAL_CAN_WakeUpFromRxMsgCallback
                0x000000000800161a        0x2 CMakeFiles/Mechanical_Arm.elf.dir/Drivers/STM32F4xx_HAL_Driver/Src/stm32f4xx_hal_can.c.obj
                0x000000000800161a                HAL_CAN_WakeUpFromRxMsgCallback
 .text.HAL_CAN_ErrorCallback
                0x000000000800161c        0x2 CMakeFiles/Mechanical_Arm.elf.dir/Drivers/STM32F4xx_HAL_Driver/Src/stm32f4xx_hal_can.c.obj
                0x000000000800161c                HAL_CAN_ErrorCallback
 .text.HAL_CAN_IRQHandler
                0x000000000800161e      0x24a CMakeFiles/Mechanical_Arm.elf.dir/Drivers/STM32F4xx_HAL_Driver/Src/stm32f4xx_hal_can.c.obj
                0x000000000800161e                HAL_CAN_IRQHandler
 .text.HAL_NVIC_SetPriorityGrouping
                0x0000000008001868       0x24 CMakeFiles/Mechanical_Arm.elf.dir/Drivers/STM32F4xx_HAL_Driver/Src/stm32f4xx_hal_cortex.c.obj
                0x0000000008001868                HAL_NVIC_SetPriorityGrouping
 .text.HAL_NVIC_SetPriority
                0x000000000800188c       0x70 CMakeFiles/Mechanical_Arm.elf.dir/Drivers/STM32F4xx_HAL_Driver/Src/stm32f4xx_hal_cortex.c.obj
                0x000000000800188c                HAL_NVIC_SetPriority
 .text.HAL_NVIC_EnableIRQ
                0x00000000080018fc       0x1c CMakeFiles/Mechanical_Arm.elf.dir/Drivers/STM32F4xx_HAL_Driver/Src/stm32f4xx_hal_cortex.c.obj
                0x00000000080018fc                HAL_NVIC_EnableIRQ
 .text.HAL_SYSTICK_Config
                0x0000000008001918       0x28 CMakeFiles/Mechanical_Arm.elf.dir/Drivers/STM32F4xx_HAL_Driver/Src/stm32f4xx_hal_cortex.c.obj
                0x0000000008001918                HAL_SYSTICK_Config
 .text.DMA_CalcBaseAndBitshift
                0x0000000008001940       0x44 CMakeFiles/Mechanical_Arm.elf.dir/Drivers/STM32F4xx_HAL_Driver/Src/stm32f4xx_hal_dma.c.obj
 .text.DMA_CheckFifoParam
                0x0000000008001984       0x8e CMakeFiles/Mechanical_Arm.elf.dir/Drivers/STM32F4xx_HAL_Driver/Src/stm32f4xx_hal_dma.c.obj
 *fill*         0x0000000008001a12        0x2 
 .text.HAL_DMA_Init
                0x0000000008001a14       0xcc CMakeFiles/Mechanical_Arm.elf.dir/Drivers/STM32F4xx_HAL_Driver/Src/stm32f4xx_hal_dma.c.obj
                0x0000000008001a14                HAL_DMA_Init
 .text.HAL_DMA_IRQHandler
                0x0000000008001ae0      0x1dc CMakeFiles/Mechanical_Arm.elf.dir/Drivers/STM32F4xx_HAL_Driver/Src/stm32f4xx_hal_dma.c.obj
                0x0000000008001ae0                HAL_DMA_IRQHandler
 .text.HAL_GPIO_Init
                0x0000000008001cbc      0x1fc CMakeFiles/Mechanical_Arm.elf.dir/Drivers/STM32F4xx_HAL_Driver/Src/stm32f4xx_hal_gpio.c.obj
                0x0000000008001cbc                HAL_GPIO_Init
 .text.HAL_GPIO_WritePin
                0x0000000008001eb8        0xc CMakeFiles/Mechanical_Arm.elf.dir/Drivers/STM32F4xx_HAL_Driver/Src/stm32f4xx_hal_gpio.c.obj
                0x0000000008001eb8                HAL_GPIO_WritePin
 .text.HAL_RCC_OscConfig
                0x0000000008001ec4      0x3f8 CMakeFiles/Mechanical_Arm.elf.dir/Drivers/STM32F4xx_HAL_Driver/Src/stm32f4xx_hal_rcc.c.obj
                0x0000000008001ec4                HAL_RCC_OscConfig
 .text.HAL_RCC_GetSysClockFreq
                0x00000000080022bc       0xa4 CMakeFiles/Mechanical_Arm.elf.dir/Drivers/STM32F4xx_HAL_Driver/Src/stm32f4xx_hal_rcc.c.obj
                0x00000000080022bc                HAL_RCC_GetSysClockFreq
 .text.HAL_RCC_ClockConfig
                0x0000000008002360      0x160 CMakeFiles/Mechanical_Arm.elf.dir/Drivers/STM32F4xx_HAL_Driver/Src/stm32f4xx_hal_rcc.c.obj
                0x0000000008002360                HAL_RCC_ClockConfig
 .text.HAL_RCC_GetHCLKFreq
                0x00000000080024c0        0xc CMakeFiles/Mechanical_Arm.elf.dir/Drivers/STM32F4xx_HAL_Driver/Src/stm32f4xx_hal_rcc.c.obj
                0x00000000080024c0                HAL_RCC_GetHCLKFreq
 .text.HAL_RCC_GetPCLK1Freq
                0x00000000080024cc       0x20 CMakeFiles/Mechanical_Arm.elf.dir/Drivers/STM32F4xx_HAL_Driver/Src/stm32f4xx_hal_rcc.c.obj
                0x00000000080024cc                HAL_RCC_GetPCLK1Freq
 .text.HAL_RCC_GetPCLK2Freq
                0x00000000080024ec       0x20 CMakeFiles/Mechanical_Arm.elf.dir/Drivers/STM32F4xx_HAL_Driver/Src/stm32f4xx_hal_rcc.c.obj
                0x00000000080024ec                HAL_RCC_GetPCLK2Freq
 .text.UART_SetConfig
                0x000000000800250c      0x110 CMakeFiles/Mechanical_Arm.elf.dir/Drivers/STM32F4xx_HAL_Driver/Src/stm32f4xx_hal_uart.c.obj
 .text.UART_WaitOnFlagUntilTimeout
                0x000000000800261c       0x88 CMakeFiles/Mechanical_Arm.elf.dir/Drivers/STM32F4xx_HAL_Driver/Src/stm32f4xx_hal_uart.c.obj
 .text.HAL_UART_Init
                0x00000000080026a4       0x5e CMakeFiles/Mechanical_Arm.elf.dir/Drivers/STM32F4xx_HAL_Driver/Src/stm32f4xx_hal_uart.c.obj
                0x00000000080026a4                HAL_UART_Init
 .text.HAL_HalfDuplex_Init
                0x0000000008002702       0x6a CMakeFiles/Mechanical_Arm.elf.dir/Drivers/STM32F4xx_HAL_Driver/Src/stm32f4xx_hal_uart.c.obj
                0x0000000008002702                HAL_HalfDuplex_Init
 .text.HAL_UART_Transmit
                0x000000000800276c       0xd8 CMakeFiles/Mechanical_Arm.elf.dir/Drivers/STM32F4xx_HAL_Driver/Src/stm32f4xx_hal_uart.c.obj
                0x000000000800276c                HAL_UART_Transmit
 .text.HAL_HalfDuplex_EnableTransmitter
                0x0000000008002844       0x36 CMakeFiles/Mechanical_Arm.elf.dir/Drivers/STM32F4xx_HAL_Driver/Src/stm32f4xx_hal_uart.c.obj
                0x0000000008002844                HAL_HalfDuplex_EnableTransmitter
 .text.HAL_HalfDuplex_EnableReceiver
                0x000000000800287a       0x36 CMakeFiles/Mechanical_Arm.elf.dir/Drivers/STM32F4xx_HAL_Driver/Src/stm32f4xx_hal_uart.c.obj
                0x000000000800287a                HAL_HalfDuplex_EnableReceiver
 .text.Usart6_TX_DMA_Init
                0x00000000080028b0       0x14 CMakeFiles/Mechanical_Arm.elf.dir/Lib/Src/A1_Drive.c.obj
                0x00000000080028b0                Usart6_TX_DMA_Init
 .text.usart6_tx_dma_enable
                0x00000000080028c4       0xf0 CMakeFiles/Mechanical_Arm.elf.dir/Lib/Src/A1_Drive.c.obj
                0x00000000080028c4                usart6_tx_dma_enable
 .text.crc32_core
                0x00000000080029b4       0x58 CMakeFiles/Mechanical_Arm.elf.dir/Lib/Src/A1_Drive.c.obj
                0x00000000080029b4                crc32_core
 .text.Control_Message_Send
                0x0000000008002a0c       0x6c CMakeFiles/Mechanical_Arm.elf.dir/Lib/Src/A1_Drive.c.obj
                0x0000000008002a0c                Control_Message_Send
 .text.Mode_Control
                0x0000000008002a78       0x14 CMakeFiles/Mechanical_Arm.elf.dir/Lib/Src/A1_Drive.c.obj
                0x0000000008002a78                Mode_Control
 .text.A1_Motor_Multiple_Control
                0x0000000008002a8c       0xa0 CMakeFiles/Mechanical_Arm.elf.dir/Lib/Src/A1_Drive.c.obj
                0x0000000008002a8c                A1_Motor_Multiple_Control
 .text.A1_Motor_Position_Control
                0x0000000008002b2c       0x58 CMakeFiles/Mechanical_Arm.elf.dir/Lib/Src/A1_Drive.c.obj
                0x0000000008002b2c                A1_Motor_Position_Control
 .text.Received_Data_Dealer
                0x0000000008002b84       0xd8 CMakeFiles/Mechanical_Arm.elf.dir/Lib/Src/A1_Drive.c.obj
                0x0000000008002b84                Received_Data_Dealer
 .text.USART6_IRQHandler
                0x0000000008002c5c       0xdc CMakeFiles/Mechanical_Arm.elf.dir/Lib/Src/A1_Drive.c.obj
                0x0000000008002c5c                USART6_IRQHandler
 .text.CAN_CMD_Current
                0x0000000008002d38       0x54 CMakeFiles/Mechanical_Arm.elf.dir/Lib/Src/CAN_Operation.c.obj
                0x0000000008002d38                CAN_CMD_Current
 .text.CAN_Transmit_Message
                0x0000000008002d8c       0x50 CMakeFiles/Mechanical_Arm.elf.dir/Lib/Src/CAN_Operation.c.obj
                0x0000000008002d8c                CAN_Transmit_Message
 .text.CAN1_Filter_Init
                0x0000000008002ddc       0x58 CMakeFiles/Mechanical_Arm.elf.dir/Lib/Src/CAN_Operation.c.obj
                0x0000000008002ddc                CAN1_Filter_Init
 .text.CAN2_Filter_Init
                0x0000000008002e34       0x58 CMakeFiles/Mechanical_Arm.elf.dir/Lib/Src/CAN_Operation.c.obj
                0x0000000008002e34                CAN2_Filter_Init
 .text.HAL_CAN_RxFifo0MsgPendingCallback
                0x0000000008002e8c       0xcc CMakeFiles/Mechanical_Arm.elf.dir/Lib/Src/CAN_Operation.c.obj
                0x0000000008002e8c                HAL_CAN_RxFifo0MsgPendingCallback
 .text.Inverse_Theta_Calculation
                0x0000000008002f58      0x2c4 CMakeFiles/Mechanical_Arm.elf.dir/Lib/Src/Inverse_Mechanical_Calulation.c.obj
                0x0000000008002f58                Inverse_Theta_Calculation
 .text.M3508_Speed_Control_Init
                0x000000000800321c       0x40 CMakeFiles/Mechanical_Arm.elf.dir/Lib/Src/PID_Controlor.c.obj
                0x000000000800321c                M3508_Speed_Control_Init
 .text.M3508_Position_Control_Init
                0x000000000800325c       0x3c CMakeFiles/Mechanical_Arm.elf.dir/Lib/Src/PID_Controlor.c.obj
                0x000000000800325c                M3508_Position_Control_Init
 .text.Speed_PID_Calculate
                0x0000000008003298      0x110 CMakeFiles/Mechanical_Arm.elf.dir/Lib/Src/PID_Controlor.c.obj
                0x0000000008003298                Speed_PID_Calculate
 .text.Base_Speed_Calculation
                0x00000000080033a8       0x74 CMakeFiles/Mechanical_Arm.elf.dir/Lib/Src/PID_Controlor.c.obj
                0x00000000080033a8                Base_Speed_Calculation
 .text.Tuner_Control_Init
                0x000000000800341c       0x14 CMakeFiles/Mechanical_Arm.elf.dir/Lib/Src/PID_Controlor.c.obj
                0x000000000800341c                Tuner_Control_Init
 .text.update_crc
                0x0000000008003430       0x48 CMakeFiles/Mechanical_Arm.elf.dir/Lib/Src/dynamixel2.c.obj
                0x0000000008003430                update_crc
 .text.dxl_add_stuffing
                0x0000000008003478       0xec CMakeFiles/Mechanical_Arm.elf.dir/Lib/Src/dynamixel2.c.obj
                0x0000000008003478                dxl_add_stuffing
 .text.dxl2_tx_packet
                0x0000000008003564       0x64 CMakeFiles/Mechanical_Arm.elf.dir/Lib/Src/dynamixel2.c.obj
                0x0000000008003564                dxl2_tx_packet
 .text.dxl2_write_dword
                0x00000000080035c8       0x30 CMakeFiles/Mechanical_Arm.elf.dir/Lib/Src/dynamixel2.c.obj
                0x00000000080035c8                dxl2_write_dword
 .text.Servo_Goal_Position
                0x00000000080035f8       0x16 CMakeFiles/Mechanical_Arm.elf.dir/Lib/Src/servo.c.obj
                0x00000000080035f8                Servo_Goal_Position
 .text.vListInsertEnd
                0x000000000800360e       0x16 CMakeFiles/Mechanical_Arm.elf.dir/Middlewares/Third_Party/FreeRTOS/Source/list.c.obj
                0x000000000800360e                vListInsertEnd
 .text.uxListRemove
                0x0000000008003624       0x26 CMakeFiles/Mechanical_Arm.elf.dir/Middlewares/Third_Party/FreeRTOS/Source/list.c.obj
                0x0000000008003624                uxListRemove
 *fill*         0x000000000800364a        0x6 
 .text.SVC_Handler
                0x0000000008003650       0x24 CMakeFiles/Mechanical_Arm.elf.dir/Middlewares/Third_Party/FreeRTOS/Source/portable/GCC/ARM_CM4F/port.c.obj
                0x0000000008003650                SVC_Handler
 *fill*         0x0000000008003674        0xc 
 .text.PendSV_Handler
                0x0000000008003680       0x64 CMakeFiles/Mechanical_Arm.elf.dir/Middlewares/Third_Party/FreeRTOS/Source/portable/GCC/ARM_CM4F/port.c.obj
                0x0000000008003680                PendSV_Handler
 .text.xPortSysTickHandler
                0x00000000080036e4       0x2c CMakeFiles/Mechanical_Arm.elf.dir/Middlewares/Third_Party/FreeRTOS/Source/portable/GCC/ARM_CM4F/port.c.obj
                0x00000000080036e4                xPortSysTickHandler
 .text.prvResetNextTaskUnblockTime
                0x0000000008003710       0x2c CMakeFiles/Mechanical_Arm.elf.dir/Middlewares/Third_Party/FreeRTOS/Source/tasks.c.obj
 .text.xTaskIncrementTick
                0x000000000800373c      0x118 CMakeFiles/Mechanical_Arm.elf.dir/Middlewares/Third_Party/FreeRTOS/Source/tasks.c.obj
                0x000000000800373c                xTaskIncrementTick
 .text.vTaskSwitchContext
                0x0000000008003854       0x98 CMakeFiles/Mechanical_Arm.elf.dir/Middlewares/Third_Party/FreeRTOS/Source/tasks.c.obj
                0x0000000008003854                vTaskSwitchContext
 .text.xTaskGetSchedulerState
                0x00000000080038ec       0x20 CMakeFiles/Mechanical_Arm.elf.dir/Middlewares/Third_Party/FreeRTOS/Source/tasks.c.obj
                0x00000000080038ec                xTaskGetSchedulerState
 .text.MX_CAN1_Init
                0x000000000800390c       0x3c CMakeFiles/Mechanical_Arm.elf.dir/Src/can.c.obj
                0x000000000800390c                MX_CAN1_Init
 .text.MX_CAN2_Init
                0x0000000008003948       0x3c CMakeFiles/Mechanical_Arm.elf.dir/Src/can.c.obj
                0x0000000008003948                MX_CAN2_Init
 .text.HAL_CAN_MspInit
                0x0000000008003984      0x124 CMakeFiles/Mechanical_Arm.elf.dir/Src/can.c.obj
                0x0000000008003984                HAL_CAN_MspInit
 .text.MX_DMA_Init
                0x0000000008003aa8       0x44 CMakeFiles/Mechanical_Arm.elf.dir/Src/dma.c.obj
                0x0000000008003aa8                MX_DMA_Init
 .text.MX_GPIO_Init
                0x0000000008003aec       0xb8 CMakeFiles/Mechanical_Arm.elf.dir/Src/gpio.c.obj
                0x0000000008003aec                MX_GPIO_Init
 .text.CAN_Recieved_Data_Dealer
                0x0000000008003ba4       0xdc CMakeFiles/Mechanical_Arm.elf.dir/Src/main.c.obj
                0x0000000008003ba4                CAN_Recieved_Data_Dealer
 .text.Speed_Position_Control
                0x0000000008003c80      0x104 CMakeFiles/Mechanical_Arm.elf.dir/Src/main.c.obj
                0x0000000008003c80                Speed_Position_Control
 .text.Error_Handler
                0x0000000008003d84        0x4 CMakeFiles/Mechanical_Arm.elf.dir/Src/main.c.obj
                0x0000000008003d84                Error_Handler
 .text.SystemClock_Config
                0x0000000008003d88       0xa8 CMakeFiles/Mechanical_Arm.elf.dir/Src/main.c.obj
                0x0000000008003d88                SystemClock_Config
 .text.main     0x0000000008003e30      0x140 CMakeFiles/Mechanical_Arm.elf.dir/Src/main.c.obj
                0x0000000008003e30                main
 .text.HAL_MspInit
                0x0000000008003f70       0x44 CMakeFiles/Mechanical_Arm.elf.dir/Src/stm32f4xx_hal_msp.c.obj
                0x0000000008003f70                HAL_MspInit
 .text.NMI_Handler
                0x0000000008003fb4        0x2 CMakeFiles/Mechanical_Arm.elf.dir/Src/stm32f4xx_it.c.obj
                0x0000000008003fb4                NMI_Handler
 .text.HardFault_Handler
                0x0000000008003fb6        0x2 CMakeFiles/Mechanical_Arm.elf.dir/Src/stm32f4xx_it.c.obj
                0x0000000008003fb6                HardFault_Handler
 .text.MemManage_Handler
                0x0000000008003fb8        0x2 CMakeFiles/Mechanical_Arm.elf.dir/Src/stm32f4xx_it.c.obj
                0x0000000008003fb8                MemManage_Handler
 .text.BusFault_Handler
                0x0000000008003fba        0x2 CMakeFiles/Mechanical_Arm.elf.dir/Src/stm32f4xx_it.c.obj
                0x0000000008003fba                BusFault_Handler
 .text.UsageFault_Handler
                0x0000000008003fbc        0x2 CMakeFiles/Mechanical_Arm.elf.dir/Src/stm32f4xx_it.c.obj
                0x0000000008003fbc                UsageFault_Handler
 .text.DebugMon_Handler
                0x0000000008003fbe        0x2 CMakeFiles/Mechanical_Arm.elf.dir/Src/stm32f4xx_it.c.obj
                0x0000000008003fbe                DebugMon_Handler
 .text.SysTick_Handler
                0x0000000008003fc0       0x16 CMakeFiles/Mechanical_Arm.elf.dir/Src/stm32f4xx_it.c.obj
                0x0000000008003fc0                SysTick_Handler
 *fill*         0x0000000008003fd6        0x2 
 .text.CAN1_RX0_IRQHandler
                0x0000000008003fd8       0x10 CMakeFiles/Mechanical_Arm.elf.dir/Src/stm32f4xx_it.c.obj
                0x0000000008003fd8                CAN1_RX0_IRQHandler
 .text.DMA2_Stream2_IRQHandler
                0x0000000008003fe8       0x10 CMakeFiles/Mechanical_Arm.elf.dir/Src/stm32f4xx_it.c.obj
                0x0000000008003fe8                DMA2_Stream2_IRQHandler
 .text.CAN2_RX0_IRQHandler
                0x0000000008003ff8       0x10 CMakeFiles/Mechanical_Arm.elf.dir/Src/stm32f4xx_it.c.obj
                0x0000000008003ff8                CAN2_RX0_IRQHandler
 .text.DMA2_Stream7_IRQHandler
                0x0000000008004008       0x10 CMakeFiles/Mechanical_Arm.elf.dir/Src/stm32f4xx_it.c.obj
                0x0000000008004008                DMA2_Stream7_IRQHandler
 .text.SystemInit
                0x0000000008004018       0x14 CMakeFiles/Mechanical_Arm.elf.dir/Src/system_stm32f4xx.c.obj
                0x0000000008004018                SystemInit
 .text.MX_UART8_Init
                0x000000000800402c       0x34 CMakeFiles/Mechanical_Arm.elf.dir/Src/usart.c.obj
                0x000000000800402c                MX_UART8_Init
 .text.MX_USART6_UART_Init
                0x0000000008004060       0x3c CMakeFiles/Mechanical_Arm.elf.dir/Src/usart.c.obj
                0x0000000008004060                MX_USART6_UART_Init
 .text.HAL_UART_MspInit
                0x000000000800409c      0x15c CMakeFiles/Mechanical_Arm.elf.dir/Src/usart.c.obj
                0x000000000800409c                HAL_UART_MspInit
 .text.Reset_Handler
                0x00000000080041f8       0x50 CMakeFiles/Mechanical_Arm.elf.dir/startup/startup_stm32f427xx.s.obj
                0x00000000080041f8                Reset_Handler
 .text.Default_Handler
                0x0000000008004248        0x2 CMakeFiles/Mechanical_Arm.elf.dir/startup/startup_stm32f427xx.s.obj
                0x0000000008004248                DMA1_Stream3_IRQHandler
                0x0000000008004248                HASH_RNG_IRQHandler
                0x0000000008004248                EXTI2_IRQHandler
                0x0000000008004248                TIM8_CC_IRQHandler
                0x0000000008004248                UART8_IRQHandler
                0x0000000008004248                SPI4_IRQHandler
                0x0000000008004248                TIM1_CC_IRQHandler
                0x0000000008004248                DMA2_Stream5_IRQHandler
                0x0000000008004248                DMA1_Stream5_IRQHandler
                0x0000000008004248                PVD_IRQHandler
                0x0000000008004248                SDIO_IRQHandler
                0x0000000008004248                TAMP_STAMP_IRQHandler
                0x0000000008004248                CAN2_RX1_IRQHandler
                0x0000000008004248                EXTI3_IRQHandler
                0x0000000008004248                TIM8_TRG_COM_TIM14_IRQHandler
                0x0000000008004248                TIM1_UP_TIM10_IRQHandler
                0x0000000008004248                TIM8_UP_TIM13_IRQHandler
                0x0000000008004248                I2C3_ER_IRQHandler
                0x0000000008004248                EXTI0_IRQHandler
                0x0000000008004248                I2C2_EV_IRQHandler
                0x0000000008004248                DMA1_Stream2_IRQHandler
                0x0000000008004248                FPU_IRQHandler
                0x0000000008004248                OTG_HS_WKUP_IRQHandler
                0x0000000008004248                CAN2_SCE_IRQHandler
                0x0000000008004248                SPI1_IRQHandler
                0x0000000008004248                TIM6_DAC_IRQHandler
                0x0000000008004248                TIM1_BRK_TIM9_IRQHandler
                0x0000000008004248                DCMI_IRQHandler
                0x0000000008004248                DMA2_Stream3_IRQHandler
                0x0000000008004248                USART3_IRQHandler
                0x0000000008004248                CAN1_RX1_IRQHandler
                0x0000000008004248                UART5_IRQHandler
                0x0000000008004248                DMA2_Stream0_IRQHandler
                0x0000000008004248                TIM4_IRQHandler
                0x0000000008004248                I2C1_EV_IRQHandler
                0x0000000008004248                DMA1_Stream6_IRQHandler
                0x0000000008004248                DMA1_Stream1_IRQHandler
                0x0000000008004248                UART4_IRQHandler
                0x0000000008004248                TIM3_IRQHandler
                0x0000000008004248                RCC_IRQHandler
                0x0000000008004248                TIM8_BRK_TIM12_IRQHandler
                0x0000000008004248                Default_Handler
                0x0000000008004248                EXTI15_10_IRQHandler
                0x0000000008004248                ADC_IRQHandler
                0x0000000008004248                DMA1_Stream7_IRQHandler
                0x0000000008004248                SPI5_IRQHandler
                0x0000000008004248                TIM7_IRQHandler
                0x0000000008004248                CAN2_TX_IRQHandler
                0x0000000008004248                TIM5_IRQHandler
                0x0000000008004248                I2C3_EV_IRQHandler
                0x0000000008004248                EXTI9_5_IRQHandler
                0x0000000008004248                RTC_WKUP_IRQHandler
                0x0000000008004248                ETH_WKUP_IRQHandler
                0x0000000008004248                SPI2_IRQHandler
                0x0000000008004248                OTG_HS_EP1_IN_IRQHandler
                0x0000000008004248                DMA1_Stream0_IRQHandler
                0x0000000008004248                CAN1_TX_IRQHandler
                0x0000000008004248                EXTI4_IRQHandler
                0x0000000008004248                ETH_IRQHandler
                0x0000000008004248                OTG_HS_EP1_OUT_IRQHandler
                0x0000000008004248                WWDG_IRQHandler
                0x0000000008004248                SPI6_IRQHandler
                0x0000000008004248                TIM2_IRQHandler
                0x0000000008004248                OTG_FS_WKUP_IRQHandler
                0x0000000008004248                TIM1_TRG_COM_TIM11_IRQHandler
                0x0000000008004248                OTG_HS_IRQHandler
                0x0000000008004248                DMA2D_IRQHandler
                0x0000000008004248                EXTI1_IRQHandler
                0x0000000008004248                UART7_IRQHandler
                0x0000000008004248                USART2_IRQHandler
                0x0000000008004248                I2C2_ER_IRQHandler
                0x0000000008004248                DMA2_Stream1_IRQHandler
                0x0000000008004248                CAN1_SCE_IRQHandler
                0x0000000008004248                FLASH_IRQHandler
                0x0000000008004248                DMA2_Stream4_IRQHandler
                0x0000000008004248                USART1_IRQHandler
                0x0000000008004248                OTG_FS_IRQHandler
                0x0000000008004248                SPI3_IRQHandler
                0x0000000008004248                DMA1_Stream4_IRQHandler
                0x0000000008004248                I2C1_ER_IRQHandler
                0x0000000008004248                FMC_IRQHandler
                0x0000000008004248                DMA2_Stream6_IRQHandler
                0x0000000008004248                SAI1_IRQHandler
                0x0000000008004248                RTC_Alarm_IRQHandler
 *fill*         0x000000000800424a        0x2 
 .text.__errno  0x000000000800424c        0xc /opt/homebrew/Cellar/arm-none-eabi-gcc/10.3-2021.07/gcc/bin/../lib/gcc/arm-none-eabi/10.3.1/../../../../arm-none-eabi/lib/thumb/v7e-m+fp/hard/libg.a(lib_a-errno.o)
                0x000000000800424c                __errno
 .text.__libc_init_array
                0x0000000008004258       0x48 /opt/homebrew/Cellar/arm-none-eabi-gcc/10.3-2021.07/gcc/bin/../lib/gcc/arm-none-eabi/10.3.1/../../../../arm-none-eabi/lib/thumb/v7e-m+fp/hard/libg.a(lib_a-init.o)
                0x0000000008004258                __libc_init_array
 .text.memset   0x00000000080042a0       0xa4 /opt/homebrew/Cellar/arm-none-eabi-gcc/10.3-2021.07/gcc/bin/../lib/gcc/arm-none-eabi/10.3.1/../../../../arm-none-eabi/lib/thumb/v7e-m+fp/hard/libg.a(lib_a-memset.o)
                0x00000000080042a0                memset
 .text.startup.register_fini
                0x0000000008004344       0x14 /opt/homebrew/Cellar/arm-none-eabi-gcc/10.3-2021.07/gcc/bin/../lib/gcc/arm-none-eabi/10.3.1/../../../../arm-none-eabi/lib/thumb/v7e-m+fp/hard/libg.a(lib_a-__call_atexit.o)
 .text.atexit   0x0000000008004358        0xc /opt/homebrew/Cellar/arm-none-eabi-gcc/10.3-2021.07/gcc/bin/../lib/gcc/arm-none-eabi/10.3.1/../../../../arm-none-eabi/lib/thumb/v7e-m+fp/hard/libg.a(lib_a-atexit.o)
                0x0000000008004358                atexit
 .text.__libc_fini_array
                0x0000000008004364       0x2c /opt/homebrew/Cellar/arm-none-eabi-gcc/10.3-2021.07/gcc/bin/../lib/gcc/arm-none-eabi/10.3.1/../../../../arm-none-eabi/lib/thumb/v7e-m+fp/hard/libg.a(lib_a-fini.o)
                0x0000000008004364                __libc_fini_array
 .text.__retarget_lock_acquire_recursive
                0x0000000008004390        0x4 /opt/homebrew/Cellar/arm-none-eabi-gcc/10.3-2021.07/gcc/bin/../lib/gcc/arm-none-eabi/10.3.1/../../../../arm-none-eabi/lib/thumb/v7e-m+fp/hard/libg.a(lib_a-lock.o)
                0x0000000008004390                __retarget_lock_acquire_recursive
 .text.__retarget_lock_release_recursive
                0x0000000008004394        0x4 /opt/homebrew/Cellar/arm-none-eabi-gcc/10.3-2021.07/gcc/bin/../lib/gcc/arm-none-eabi/10.3.1/../../../../arm-none-eabi/lib/thumb/v7e-m+fp/hard/libg.a(lib_a-lock.o)
                0x0000000008004394                __retarget_lock_release_recursive
 .text.__register_exitproc
                0x0000000008004398       0x8c /opt/homebrew/Cellar/arm-none-eabi-gcc/10.3-2021.07/gcc/bin/../lib/gcc/arm-none-eabi/10.3.1/../../../../arm-none-eabi/lib/thumb/v7e-m+fp/hard/libg.a(lib_a-__atexit.o)
                0x0000000008004398                __register_exitproc
 .text.asin     0x0000000008004424       0x68 /opt/homebrew/Cellar/arm-none-eabi-gcc/10.3-2021.07/gcc/bin/../lib/gcc/arm-none-eabi/10.3.1/../../../../arm-none-eabi/lib/thumb/v7e-m+fp/hard/libm.a(lib_a-w_asin.o)
                0x0000000008004424                asin
 .text.sqrt     0x000000000800448c       0x68 /opt/homebrew/Cellar/arm-none-eabi-gcc/10.3-2021.07/gcc/bin/../lib/gcc/arm-none-eabi/10.3.1/../../../../arm-none-eabi/lib/thumb/v7e-m+fp/hard/libm.a(lib_a-w_sqrt.o)
                0x000000000800448c                sqrt
 *fill*         0x00000000080044f4        0x4 
 .text.__ieee754_asin
                0x00000000080044f8      0x4a4 /opt/homebrew/Cellar/arm-none-eabi-gcc/10.3-2021.07/gcc/bin/../lib/gcc/arm-none-eabi/10.3.1/../../../../arm-none-eabi/lib/thumb/v7e-m+fp/hard/libm.a(lib_a-e_asin.o)
                0x00000000080044f8                __ieee754_asin
 .text.__ieee754_sqrt
                0x000000000800499c      0x198 /opt/homebrew/Cellar/arm-none-eabi-gcc/10.3-2021.07/gcc/bin/../lib/gcc/arm-none-eabi/10.3.1/../../../../arm-none-eabi/lib/thumb/v7e-m+fp/hard/libm.a(lib_a-e_sqrt.o)
                0x000000000800499c                __ieee754_sqrt
 .text.fabs     0x0000000008004b34       0x14 /opt/homebrew/Cellar/arm-none-eabi-gcc/10.3-2021.07/gcc/bin/../lib/gcc/arm-none-eabi/10.3.1/../../../../arm-none-eabi/lib/thumb/v7e-m+fp/hard/libm.a(lib_a-s_fabs.o)
                0x0000000008004b34                fabs
 .text.nan      0x0000000008004b48       0x10 /opt/homebrew/Cellar/arm-none-eabi-gcc/10.3-2021.07/gcc/bin/../lib/gcc/arm-none-eabi/10.3.1/../../../../arm-none-eabi/lib/thumb/v7e-m+fp/hard/libm.a(lib_a-s_nan.o)
                0x0000000008004b48                nan
 *(.glue_7)
 .glue_7        0x0000000008004b58        0x0 linker stubs
 *(.glue_7t)
 .glue_7t       0x0000000008004b58        0x0 linker stubs
 *(.eh_frame)
 .eh_frame      0x0000000008004b58        0x0 /opt/homebrew/Cellar/arm-none-eabi-gcc/10.3-2021.07/gcc/bin/../lib/gcc/arm-none-eabi/10.3.1/thumb/v7e-m+fp/hard/crtbegin.o
 *(.init)
 .init          0x0000000008004b58        0x4 /opt/homebrew/Cellar/arm-none-eabi-gcc/10.3-2021.07/gcc/bin/../lib/gcc/arm-none-eabi/10.3.1/thumb/v7e-m+fp/hard/crti.o
                0x0000000008004b58                _init
 .init          0x0000000008004b5c        0x8 /opt/homebrew/Cellar/arm-none-eabi-gcc/10.3-2021.07/gcc/bin/../lib/gcc/arm-none-eabi/10.3.1/thumb/v7e-m+fp/hard/crtn.o
 *(.fini)
 .fini          0x0000000008004b64        0x4 /opt/homebrew/Cellar/arm-none-eabi-gcc/10.3-2021.07/gcc/bin/../lib/gcc/arm-none-eabi/10.3.1/thumb/v7e-m+fp/hard/crti.o
                0x0000000008004b64                _fini
 .fini          0x0000000008004b68        0x8 /opt/homebrew/Cellar/arm-none-eabi-gcc/10.3-2021.07/gcc/bin/../lib/gcc/arm-none-eabi/10.3.1/thumb/v7e-m+fp/hard/crtn.o
                0x0000000008004b70                . = ALIGN (0x4)
                0x0000000008004b70                _etext = .

.vfp11_veneer   0x0000000008004b70        0x0
 .vfp11_veneer  0x0000000008004b70        0x0 linker stubs

.v4_bx          0x0000000008004b70        0x0
 .v4_bx         0x0000000008004b70        0x0 linker stubs

.iplt           0x0000000008004b70        0x0
 .iplt          0x0000000008004b70        0x0 /opt/homebrew/Cellar/arm-none-eabi-gcc/10.3-2021.07/gcc/bin/../lib/gcc/arm-none-eabi/10.3.1/thumb/v7e-m+fp/hard/crtbegin.o

.rodata         0x0000000008004b70      0x228
                0x0000000008004b70                . = ALIGN (0x4)
 *(.rodata)
 .rodata        0x0000000008004b70      0x200 CMakeFiles/Mechanical_Arm.elf.dir/Lib/Src/dynamixel2.c.obj
 *(.rodata*)
 .rodata.flagBitshiftOffset.0
                0x0000000008004d70        0x8 CMakeFiles/Mechanical_Arm.elf.dir/Drivers/STM32F4xx_HAL_Driver/Src/stm32f4xx_hal_dma.c.obj
 .rodata.AHBPrescTable
                0x0000000008004d78       0x10 CMakeFiles/Mechanical_Arm.elf.dir/Src/system_stm32f4xx.c.obj
                0x0000000008004d78                AHBPrescTable
 .rodata.APBPrescTable
                0x0000000008004d88        0x8 CMakeFiles/Mechanical_Arm.elf.dir/Src/system_stm32f4xx.c.obj
                0x0000000008004d88                APBPrescTable
 .rodata._global_impure_ptr
                0x0000000008004d90        0x4 /opt/homebrew/Cellar/arm-none-eabi-gcc/10.3-2021.07/gcc/bin/../lib/gcc/arm-none-eabi/10.3.1/../../../../arm-none-eabi/lib/thumb/v7e-m+fp/hard/libg.a(lib_a-impure.o)
                0x0000000008004d90                _global_impure_ptr
 .rodata.asin.str1.4
                0x0000000008004d94        0x1 /opt/homebrew/Cellar/arm-none-eabi-gcc/10.3-2021.07/gcc/bin/../lib/gcc/arm-none-eabi/10.3.1/../../../../arm-none-eabi/lib/thumb/v7e-m+fp/hard/libm.a(lib_a-w_asin.o)
                0x0000000008004d98                . = ALIGN (0x4)
 *fill*         0x0000000008004d95        0x3 

.ARM.extab
 *(.ARM.extab* .gnu.linkonce.armextab.*)

.ARM            0x0000000008004d98        0x8
                0x0000000008004d98                __exidx_start = .
 *(.ARM.exidx*)
 .ARM.exidx     0x0000000008004d98        0x8 /opt/homebrew/Cellar/arm-none-eabi-gcc/10.3-2021.07/gcc/bin/../lib/gcc/arm-none-eabi/10.3.1/thumb/v7e-m+fp/hard/libgcc.a(_udivmoddi4.o)
                0x0000000008004da0                __exidx_end = .

.rel.dyn        0x0000000008004da0        0x0
 .rel.iplt      0x0000000008004da0        0x0 /opt/homebrew/Cellar/arm-none-eabi-gcc/10.3-2021.07/gcc/bin/../lib/gcc/arm-none-eabi/10.3.1/thumb/v7e-m+fp/hard/crtbegin.o

.preinit_array  0x0000000008004da0        0x0
                0x0000000008004da0                PROVIDE (__preinit_array_start = .)
 *(.preinit_array*)
                0x0000000008004da0                PROVIDE (__preinit_array_end = .)

.init_array     0x0000000008004da0        0x8
                0x0000000008004da0                PROVIDE (__init_array_start = .)
 *(SORT_BY_NAME(.init_array.*))
 .init_array.00000
                0x0000000008004da0        0x4 /opt/homebrew/Cellar/arm-none-eabi-gcc/10.3-2021.07/gcc/bin/../lib/gcc/arm-none-eabi/10.3.1/../../../../arm-none-eabi/lib/thumb/v7e-m+fp/hard/libg.a(lib_a-__call_atexit.o)
 *(.init_array*)
 .init_array    0x0000000008004da4        0x4 /opt/homebrew/Cellar/arm-none-eabi-gcc/10.3-2021.07/gcc/bin/../lib/gcc/arm-none-eabi/10.3.1/thumb/v7e-m+fp/hard/crtbegin.o
                0x0000000008004da8                PROVIDE (__init_array_end = .)

.fini_array     0x0000000008004da8        0x4
                0x0000000008004da8                PROVIDE (__fini_array_start = .)
 *(SORT_BY_NAME(.fini_array.*))
 *(.fini_array*)
 .fini_array    0x0000000008004da8        0x4 /opt/homebrew/Cellar/arm-none-eabi-gcc/10.3-2021.07/gcc/bin/../lib/gcc/arm-none-eabi/10.3.1/thumb/v7e-m+fp/hard/crtbegin.o
                0x0000000008004dac                PROVIDE (__fini_array_end = .)
                0x0000000008004dac                _sidata = LOADADDR (.data)

.data           0x0000000020000000      0x444 load address 0x0000000008004dac
                0x0000000020000000                . = ALIGN (0x4)
                0x0000000020000000                _sdata = .
 *(.data)
 *(.data*)
 .data.uwTickFreq
                0x0000000020000000        0x1 CMakeFiles/Mechanical_Arm.elf.dir/Drivers/STM32F4xx_HAL_Driver/Src/stm32f4xx_hal.c.obj
                0x0000000020000000                uwTickFreq
 *fill*         0x0000000020000001        0x3 
 .data.uwTickPrio
                0x0000000020000004        0x4 CMakeFiles/Mechanical_Arm.elf.dir/Drivers/STM32F4xx_HAL_Driver/Src/stm32f4xx_hal.c.obj
                0x0000000020000004                uwTickPrio
 .data.gbCommStatus
                0x0000000020000008        0x4 CMakeFiles/Mechanical_Arm.elf.dir/Lib/Src/dynamixel2.c.obj
 .data.SystemCoreClock
                0x000000002000000c        0x4 CMakeFiles/Mechanical_Arm.elf.dir/Src/system_stm32f4xx.c.obj
                0x000000002000000c                SystemCoreClock
 .data._impure_ptr
                0x0000000020000010        0x4 /opt/homebrew/Cellar/arm-none-eabi-gcc/10.3-2021.07/gcc/bin/../lib/gcc/arm-none-eabi/10.3.1/../../../../arm-none-eabi/lib/thumb/v7e-m+fp/hard/libg.a(lib_a-impure.o)
                0x0000000020000010                _impure_ptr
 *fill*         0x0000000020000014        0x4 
 .data.impure_data
                0x0000000020000018      0x428 /opt/homebrew/Cellar/arm-none-eabi-gcc/10.3-2021.07/gcc/bin/../lib/gcc/arm-none-eabi/10.3.1/../../../../arm-none-eabi/lib/thumb/v7e-m+fp/hard/libg.a(lib_a-impure.o)
 .data.__atexit_recursive_mutex
                0x0000000020000440        0x4 /opt/homebrew/Cellar/arm-none-eabi-gcc/10.3-2021.07/gcc/bin/../lib/gcc/arm-none-eabi/10.3.1/../../../../arm-none-eabi/lib/thumb/v7e-m+fp/hard/libg.a(lib_a-__call_atexit.o)
                0x0000000020000440                __atexit_recursive_mutex
                0x0000000020000444                . = ALIGN (0x4)
                0x0000000020000444                _edata = .
                0x00000000080051f0                _siccmram = LOADADDR (.ccmram)

.igot.plt       0x0000000020000444        0x0 load address 0x00000000080051f0
 .igot.plt      0x0000000020000444        0x0 /opt/homebrew/Cellar/arm-none-eabi-gcc/10.3-2021.07/gcc/bin/../lib/gcc/arm-none-eabi/10.3.1/thumb/v7e-m+fp/hard/crtbegin.o

.ccmram         0x0000000010000000        0x0 load address 0x00000000080051f0
                0x0000000010000000                . = ALIGN (0x4)
                0x0000000010000000                _sccmram = .
 *(.ccmram)
 *(.ccmram*)
                0x0000000010000000                . = ALIGN (0x4)
                0x0000000010000000                _eccmram = .
                0x0000000010000000                . = ALIGN (0x4)

.bss            0x0000000020000448      0x944
                0x0000000020000448                _sbss = .
                0x0000000020000448                __bss_start__ = _sbss
 *(.bss)
 .bss           0x0000000020000448       0x1c /opt/homebrew/Cellar/arm-none-eabi-gcc/10.3-2021.07/gcc/bin/../lib/gcc/arm-none-eabi/10.3.1/thumb/v7e-m+fp/hard/crtbegin.o
 *(.bss*)
 .bss.uwTick    0x0000000020000464        0x4 CMakeFiles/Mechanical_Arm.elf.dir/Drivers/STM32F4xx_HAL_Driver/Src/stm32f4xx_hal.c.obj
                0x0000000020000464                uwTick
 .bss.A1_Motor_Rx_Data
                0x0000000020000468       0xc6 CMakeFiles/Mechanical_Arm.elf.dir/Lib/Src/A1_Drive.c.obj
                0x0000000020000468                A1_Motor_Rx_Data
 *fill*         0x000000002000052e        0x2 
 .bss.A1_State  0x0000000020000530       0x48 CMakeFiles/Mechanical_Arm.elf.dir/Lib/Src/A1_Drive.c.obj
                0x0000000020000530                A1_State
 .bss.CRC_u     0x0000000020000578        0x4 CMakeFiles/Mechanical_Arm.elf.dir/Lib/Src/A1_Drive.c.obj
                0x0000000020000578                CRC_u
 .bss.Data_Box  0x000000002000057c       0x66 CMakeFiles/Mechanical_Arm.elf.dir/Lib/Src/A1_Drive.c.obj
                0x000000002000057c                Data_Box
 *fill*         0x00000000200005e2        0x2 
 .bss.Motor_Rx_u
                0x00000000200005e4       0x10 CMakeFiles/Mechanical_Arm.elf.dir/Lib/Src/A1_Drive.c.obj
                0x00000000200005e4                Motor_Rx_u
 .bss.Motor_Tx_u
                0x00000000200005f4       0x18 CMakeFiles/Mechanical_Arm.elf.dir/Lib/Src/A1_Drive.c.obj
                0x00000000200005f4                Motor_Tx_u
 .bss.this_time_rx_len.3
                0x000000002000060c        0x2 CMakeFiles/Mechanical_Arm.elf.dir/Lib/Src/A1_Drive.c.obj
 *fill*         0x000000002000060e        0x2 
 .bss.CAN_Recieved_Message
                0x0000000020000610        0x8 CMakeFiles/Mechanical_Arm.elf.dir/Lib/Src/CAN_Operation.c.obj
                0x0000000020000610                CAN_Recieved_Message
 .bss.Motor_Data_Box
                0x0000000020000618        0x8 CMakeFiles/Mechanical_Arm.elf.dir/Lib/Src/CAN_Operation.c.obj
                0x0000000020000618                Motor_Data_Box
 .bss.Motor_Message_Box
                0x0000000020000620       0x1c CMakeFiles/Mechanical_Arm.elf.dir/Lib/Src/CAN_Operation.c.obj
                0x0000000020000620                Motor_Message_Box
 .bss.Now_Angle_M6020
                0x000000002000063c        0xa CMakeFiles/Mechanical_Arm.elf.dir/Lib/Src/CAN_Operation.c.obj
                0x000000002000063c                Now_Angle_M6020
 *fill*         0x0000000020000646        0x2 
 .bss.Now_Angle_Normal
                0x0000000020000648        0xa CMakeFiles/Mechanical_Arm.elf.dir/Lib/Src/CAN_Operation.c.obj
                0x0000000020000648                Now_Angle_Normal
 *fill*         0x0000000020000652        0x2 
 .bss.Now_Speed_M6020
                0x0000000020000654        0xa CMakeFiles/Mechanical_Arm.elf.dir/Lib/Src/CAN_Operation.c.obj
                0x0000000020000654                Now_Speed_M6020
 *fill*         0x000000002000065e        0x2 
 .bss.Now_Speed_Normal
                0x0000000020000660        0xa CMakeFiles/Mechanical_Arm.elf.dir/Lib/Src/CAN_Operation.c.obj
                0x0000000020000660                Now_Speed_Normal
 *fill*         0x000000002000066a        0x2 
 .bss.Recieved_Message_Box
                0x000000002000066c       0x1c CMakeFiles/Mechanical_Arm.elf.dir/Lib/Src/CAN_Operation.c.obj
                0x000000002000066c                Recieved_Message_Box
 .bss.A         0x0000000020000688        0x8 CMakeFiles/Mechanical_Arm.elf.dir/Lib/Src/Inverse_Mechanical_Calulation.c.obj
                0x0000000020000688                A
 .bss.Angle_R   0x0000000020000690        0x8 CMakeFiles/Mechanical_Arm.elf.dir/Lib/Src/Inverse_Mechanical_Calulation.c.obj
                0x0000000020000690                Angle_R
 .bss.B         0x0000000020000698        0x8 CMakeFiles/Mechanical_Arm.elf.dir/Lib/Src/Inverse_Mechanical_Calulation.c.obj
                0x0000000020000698                B
 .bss.L1        0x00000000200006a0        0x8 CMakeFiles/Mechanical_Arm.elf.dir/Lib/Src/Inverse_Mechanical_Calulation.c.obj
                0x00000000200006a0                L1
 .bss.L2        0x00000000200006a8        0x8 CMakeFiles/Mechanical_Arm.elf.dir/Lib/Src/Inverse_Mechanical_Calulation.c.obj
                0x00000000200006a8                L2
 .bss.L3        0x00000000200006b0        0x8 CMakeFiles/Mechanical_Arm.elf.dir/Lib/Src/Inverse_Mechanical_Calulation.c.obj
                0x00000000200006b0                L3
 .bss.L4        0x00000000200006b8        0x8 CMakeFiles/Mechanical_Arm.elf.dir/Lib/Src/Inverse_Mechanical_Calulation.c.obj
                0x00000000200006b8                L4
 .bss.Start_Turn
                0x00000000200006c0        0x4 CMakeFiles/Mechanical_Arm.elf.dir/Lib/Src/Inverse_Mechanical_Calulation.c.obj
                0x00000000200006c0                Start_Turn
 .bss.Switch_State
                0x00000000200006c4        0x4 CMakeFiles/Mechanical_Arm.elf.dir/Lib/Src/Inverse_Mechanical_Calulation.c.obj
                0x00000000200006c4                Switch_State
 .bss.Theta1    0x00000000200006c8        0x8 CMakeFiles/Mechanical_Arm.elf.dir/Lib/Src/Inverse_Mechanical_Calulation.c.obj
                0x00000000200006c8                Theta1
 .bss.Theta2    0x00000000200006d0        0x8 CMakeFiles/Mechanical_Arm.elf.dir/Lib/Src/Inverse_Mechanical_Calulation.c.obj
                0x00000000200006d0                Theta2
 .bss.Theta3    0x00000000200006d8        0x8 CMakeFiles/Mechanical_Arm.elf.dir/Lib/Src/Inverse_Mechanical_Calulation.c.obj
                0x00000000200006d8                Theta3
 .bss.Current   0x00000000200006e0        0xa CMakeFiles/Mechanical_Arm.elf.dir/Lib/Src/PID_Controlor.c.obj
                0x00000000200006e0                Current
 *fill*         0x00000000200006ea        0x2 
 .bss.PID_Position_Control_Num
                0x00000000200006ec      0x1c0 CMakeFiles/Mechanical_Arm.elf.dir/Lib/Src/PID_Controlor.c.obj
                0x00000000200006ec                PID_Position_Control_Num
 .bss.PID_Speed_Control_Num
                0x00000000200008ac      0x1c0 CMakeFiles/Mechanical_Arm.elf.dir/Lib/Src/PID_Controlor.c.obj
                0x00000000200008ac                PID_Speed_Control_Num
 .bss.gbInstructionPacket
                0x0000000020000a6c       0xc8 CMakeFiles/Mechanical_Arm.elf.dir/Lib/Src/dynamixel2.c.obj
 .bss.pxCurrentTCB
                0x0000000020000b34        0x4 CMakeFiles/Mechanical_Arm.elf.dir/Middlewares/Third_Party/FreeRTOS/Source/tasks.c.obj
                0x0000000020000b34                pxCurrentTCB
 .bss.pxDelayedTaskList
                0x0000000020000b38        0x4 CMakeFiles/Mechanical_Arm.elf.dir/Middlewares/Third_Party/FreeRTOS/Source/tasks.c.obj
 .bss.pxOverflowDelayedTaskList
                0x0000000020000b3c        0x4 CMakeFiles/Mechanical_Arm.elf.dir/Middlewares/Third_Party/FreeRTOS/Source/tasks.c.obj
 .bss.pxReadyTasksLists
                0x0000000020000b40       0x8c CMakeFiles/Mechanical_Arm.elf.dir/Middlewares/Third_Party/FreeRTOS/Source/tasks.c.obj
 .bss.uxSchedulerSuspended
                0x0000000020000bcc        0x4 CMakeFiles/Mechanical_Arm.elf.dir/Middlewares/Third_Party/FreeRTOS/Source/tasks.c.obj
 .bss.uxTopReadyPriority
                0x0000000020000bd0        0x4 CMakeFiles/Mechanical_Arm.elf.dir/Middlewares/Third_Party/FreeRTOS/Source/tasks.c.obj
 .bss.xNextTaskUnblockTime
                0x0000000020000bd4        0x4 CMakeFiles/Mechanical_Arm.elf.dir/Middlewares/Third_Party/FreeRTOS/Source/tasks.c.obj
 .bss.xNumOfOverflows
                0x0000000020000bd8        0x4 CMakeFiles/Mechanical_Arm.elf.dir/Middlewares/Third_Party/FreeRTOS/Source/tasks.c.obj
 .bss.xPendedTicks
                0x0000000020000bdc        0x4 CMakeFiles/Mechanical_Arm.elf.dir/Middlewares/Third_Party/FreeRTOS/Source/tasks.c.obj
 .bss.xSchedulerRunning
                0x0000000020000be0        0x4 CMakeFiles/Mechanical_Arm.elf.dir/Middlewares/Third_Party/FreeRTOS/Source/tasks.c.obj
 .bss.xTickCount
                0x0000000020000be4        0x4 CMakeFiles/Mechanical_Arm.elf.dir/Middlewares/Third_Party/FreeRTOS/Source/tasks.c.obj
 .bss.xYieldPending
                0x0000000020000be8        0x4 CMakeFiles/Mechanical_Arm.elf.dir/Middlewares/Third_Party/FreeRTOS/Source/tasks.c.obj
 .bss.HAL_RCC_CAN1_CLK_ENABLED
                0x0000000020000bec        0x4 CMakeFiles/Mechanical_Arm.elf.dir/Src/can.c.obj
 .bss.hcan1     0x0000000020000bf0       0x28 CMakeFiles/Mechanical_Arm.elf.dir/Src/can.c.obj
                0x0000000020000bf0                hcan1
 .bss.hcan2     0x0000000020000c18       0x28 CMakeFiles/Mechanical_Arm.elf.dir/Src/can.c.obj
                0x0000000020000c18                hcan2
 .bss.hdma_usart6_rx
                0x0000000020000c40       0x60 CMakeFiles/Mechanical_Arm.elf.dir/Src/usart.c.obj
                0x0000000020000c40                hdma_usart6_rx
 .bss.hdma_usart6_tx
                0x0000000020000ca0       0x60 CMakeFiles/Mechanical_Arm.elf.dir/Src/usart.c.obj
                0x0000000020000ca0                hdma_usart6_tx
 .bss.huart6    0x0000000020000d00       0x44 CMakeFiles/Mechanical_Arm.elf.dir/Src/usart.c.obj
                0x0000000020000d00                huart6
 .bss.huart8    0x0000000020000d44       0x44 CMakeFiles/Mechanical_Arm.elf.dir/Src/usart.c.obj
                0x0000000020000d44                huart8
 .bss.__lock___atexit_recursive_mutex
                0x0000000020000d88        0x1 /opt/homebrew/Cellar/arm-none-eabi-gcc/10.3-2021.07/gcc/bin/../lib/gcc/arm-none-eabi/10.3.1/../../../../arm-none-eabi/lib/thumb/v7e-m+fp/hard/libg.a(lib_a-lock.o)
                0x0000000020000d88                __lock___atexit_recursive_mutex
 *(COMMON)
                0x0000000020000d8c                . = ALIGN (0x4)
 *fill*         0x0000000020000d89        0x3 
                0x0000000020000d8c                _ebss = .
                0x0000000020000d8c                __bss_end__ = _ebss

._user_heap_stack
                0x0000000020000d8c      0x604
                0x0000000020000d90                . = ALIGN (0x8)
 *fill*         0x0000000020000d8c        0x4 
                0x0000000020000d90                PROVIDE (end = .)
                [!provide]                        PROVIDE (_end = .)
                0x0000000020000f90                . = (. + _Min_Heap_Size)
 *fill*         0x0000000020000d90      0x200 
                0x0000000020001390                . = (. + _Min_Stack_Size)
 *fill*         0x0000000020000f90      0x400 
                0x0000000020001390                . = ALIGN (0x8)

/DISCARD/
 libc.a(*)
 libm.a(*)
 libgcc.a(*)

.ARM.attributes
                0x0000000000000000       0x30
 *(.ARM.attributes)
 .ARM.attributes
                0x0000000000000000       0x1e /opt/homebrew/Cellar/arm-none-eabi-gcc/10.3-2021.07/gcc/bin/../lib/gcc/arm-none-eabi/10.3.1/thumb/v7e-m+fp/hard/crti.o
 .ARM.attributes
                0x000000000000001e       0x34 /opt/homebrew/Cellar/arm-none-eabi-gcc/10.3-2021.07/gcc/bin/../lib/gcc/arm-none-eabi/10.3.1/thumb/v7e-m+fp/hard/crtbegin.o
 .ARM.attributes
                0x0000000000000052       0x34 CMakeFiles/Mechanical_Arm.elf.dir/Drivers/STM32F4xx_HAL_Driver/Src/stm32f4xx_hal.c.obj
 .ARM.attributes
                0x0000000000000086       0x34 CMakeFiles/Mechanical_Arm.elf.dir/Drivers/STM32F4xx_HAL_Driver/Src/stm32f4xx_hal_can.c.obj
 .ARM.attributes
                0x00000000000000ba       0x34 CMakeFiles/Mechanical_Arm.elf.dir/Drivers/STM32F4xx_HAL_Driver/Src/stm32f4xx_hal_cortex.c.obj
 .ARM.attributes
                0x00000000000000ee       0x34 CMakeFiles/Mechanical_Arm.elf.dir/Drivers/STM32F4xx_HAL_Driver/Src/stm32f4xx_hal_dma.c.obj
 .ARM.attributes
                0x0000000000000122       0x34 CMakeFiles/Mechanical_Arm.elf.dir/Drivers/STM32F4xx_HAL_Driver/Src/stm32f4xx_hal_gpio.c.obj
 .ARM.attributes
                0x0000000000000156       0x34 CMakeFiles/Mechanical_Arm.elf.dir/Drivers/STM32F4xx_HAL_Driver/Src/stm32f4xx_hal_rcc.c.obj
 .ARM.attributes
                0x000000000000018a       0x34 CMakeFiles/Mechanical_Arm.elf.dir/Drivers/STM32F4xx_HAL_Driver/Src/stm32f4xx_hal_uart.c.obj
 .ARM.attributes
                0x00000000000001be       0x34 CMakeFiles/Mechanical_Arm.elf.dir/Lib/Src/A1_Drive.c.obj
 .ARM.attributes
                0x00000000000001f2       0x34 CMakeFiles/Mechanical_Arm.elf.dir/Lib/Src/CAN_Operation.c.obj
 .ARM.attributes
                0x0000000000000226       0x34 CMakeFiles/Mechanical_Arm.elf.dir/Lib/Src/Inverse_Mechanical_Calulation.c.obj
 .ARM.attributes
                0x000000000000025a       0x34 CMakeFiles/Mechanical_Arm.elf.dir/Lib/Src/PID_Controlor.c.obj
 .ARM.attributes
                0x000000000000028e       0x34 CMakeFiles/Mechanical_Arm.elf.dir/Lib/Src/dynamixel2.c.obj
 .ARM.attributes
                0x00000000000002c2       0x34 CMakeFiles/Mechanical_Arm.elf.dir/Lib/Src/servo.c.obj
 .ARM.attributes
                0x00000000000002f6       0x34 CMakeFiles/Mechanical_Arm.elf.dir/Middlewares/Third_Party/FreeRTOS/Source/list.c.obj
 .ARM.attributes
                0x000000000000032a       0x34 CMakeFiles/Mechanical_Arm.elf.dir/Middlewares/Third_Party/FreeRTOS/Source/portable/GCC/ARM_CM4F/port.c.obj
 .ARM.attributes
                0x000000000000035e       0x34 CMakeFiles/Mechanical_Arm.elf.dir/Middlewares/Third_Party/FreeRTOS/Source/tasks.c.obj
 .ARM.attributes
                0x0000000000000392       0x34 CMakeFiles/Mechanical_Arm.elf.dir/Src/can.c.obj
 .ARM.attributes
                0x00000000000003c6       0x34 CMakeFiles/Mechanical_Arm.elf.dir/Src/dma.c.obj
 .ARM.attributes
                0x00000000000003fa       0x34 CMakeFiles/Mechanical_Arm.elf.dir/Src/gpio.c.obj
 .ARM.attributes
                0x000000000000042e       0x34 CMakeFiles/Mechanical_Arm.elf.dir/Src/main.c.obj
 .ARM.attributes
                0x0000000000000462       0x34 CMakeFiles/Mechanical_Arm.elf.dir/Src/stm32f4xx_hal_msp.c.obj
 .ARM.attributes
                0x0000000000000496       0x34 CMakeFiles/Mechanical_Arm.elf.dir/Src/stm32f4xx_it.c.obj
 .ARM.attributes
                0x00000000000004ca       0x34 CMakeFiles/Mechanical_Arm.elf.dir/Src/system_stm32f4xx.c.obj
 .ARM.attributes
                0x00000000000004fe       0x34 CMakeFiles/Mechanical_Arm.elf.dir/Src/usart.c.obj
 .ARM.attributes
                0x0000000000000532       0x21 CMakeFiles/Mechanical_Arm.elf.dir/startup/startup_stm32f427xx.s.obj
 .ARM.attributes
                0x0000000000000553       0x1e /opt/homebrew/Cellar/arm-none-eabi-gcc/10.3-2021.07/gcc/bin/../lib/gcc/arm-none-eabi/10.3.1/thumb/v7e-m+fp/hard/libgcc.a(_arm_addsubdf3.o)
 .ARM.attributes
                0x0000000000000571       0x1e /opt/homebrew/Cellar/arm-none-eabi-gcc/10.3-2021.07/gcc/bin/../lib/gcc/arm-none-eabi/10.3.1/thumb/v7e-m+fp/hard/libgcc.a(_arm_muldivdf3.o)
 .ARM.attributes
                0x000000000000058f       0x1e /opt/homebrew/Cellar/arm-none-eabi-gcc/10.3-2021.07/gcc/bin/../lib/gcc/arm-none-eabi/10.3.1/thumb/v7e-m+fp/hard/libgcc.a(_arm_fixdfsi.o)
 .ARM.attributes
                0x00000000000005ad       0x1e /opt/homebrew/Cellar/arm-none-eabi-gcc/10.3-2021.07/gcc/bin/../lib/gcc/arm-none-eabi/10.3.1/thumb/v7e-m+fp/hard/libgcc.a(_arm_truncdfsf2.o)
 .ARM.attributes
                0x00000000000005cb       0x1e /opt/homebrew/Cellar/arm-none-eabi-gcc/10.3-2021.07/gcc/bin/../lib/gcc/arm-none-eabi/10.3.1/thumb/v7e-m+fp/hard/libgcc.a(_aeabi_uldivmod.o)
 .ARM.attributes
                0x00000000000005e9       0x34 /opt/homebrew/Cellar/arm-none-eabi-gcc/10.3-2021.07/gcc/bin/../lib/gcc/arm-none-eabi/10.3.1/thumb/v7e-m+fp/hard/libgcc.a(_udivmoddi4.o)
 .ARM.attributes
                0x000000000000061d       0x1e /opt/homebrew/Cellar/arm-none-eabi-gcc/10.3-2021.07/gcc/bin/../lib/gcc/arm-none-eabi/10.3.1/thumb/v7e-m+fp/hard/libgcc.a(_dvmd_tls.o)
 .ARM.attributes
                0x000000000000063b       0x34 /opt/homebrew/Cellar/arm-none-eabi-gcc/10.3-2021.07/gcc/bin/../lib/gcc/arm-none-eabi/10.3.1/../../../../arm-none-eabi/lib/thumb/v7e-m+fp/hard/libg.a(lib_a-errno.o)
 .ARM.attributes
                0x000000000000066f       0x32 /opt/homebrew/Cellar/arm-none-eabi-gcc/10.3-2021.07/gcc/bin/../lib/gcc/arm-none-eabi/10.3.1/../../../../arm-none-eabi/lib/thumb/v7e-m+fp/hard/libg.a(lib_a-impure.o)
 .ARM.attributes
                0x00000000000006a1       0x34 /opt/homebrew/Cellar/arm-none-eabi-gcc/10.3-2021.07/gcc/bin/../lib/gcc/arm-none-eabi/10.3.1/../../../../arm-none-eabi/lib/thumb/v7e-m+fp/hard/libg.a(lib_a-init.o)
 .ARM.attributes
                0x00000000000006d5       0x1c /opt/homebrew/Cellar/arm-none-eabi-gcc/10.3-2021.07/gcc/bin/../lib/gcc/arm-none-eabi/10.3.1/../../../../arm-none-eabi/lib/thumb/v7e-m+fp/hard/libg.a(lib_a-memcpy.o)
 .ARM.attributes
                0x00000000000006f1       0x34 /opt/homebrew/Cellar/arm-none-eabi-gcc/10.3-2021.07/gcc/bin/../lib/gcc/arm-none-eabi/10.3.1/../../../../arm-none-eabi/lib/thumb/v7e-m+fp/hard/libg.a(lib_a-memset.o)
 .ARM.attributes
                0x0000000000000725       0x34 /opt/homebrew/Cellar/arm-none-eabi-gcc/10.3-2021.07/gcc/bin/../lib/gcc/arm-none-eabi/10.3.1/../../../../arm-none-eabi/lib/thumb/v7e-m+fp/hard/libg.a(lib_a-__call_atexit.o)
 .ARM.attributes
                0x0000000000000759       0x34 /opt/homebrew/Cellar/arm-none-eabi-gcc/10.3-2021.07/gcc/bin/../lib/gcc/arm-none-eabi/10.3.1/../../../../arm-none-eabi/lib/thumb/v7e-m+fp/hard/libg.a(lib_a-atexit.o)
 .ARM.attributes
                0x000000000000078d       0x34 /opt/homebrew/Cellar/arm-none-eabi-gcc/10.3-2021.07/gcc/bin/../lib/gcc/arm-none-eabi/10.3.1/../../../../arm-none-eabi/lib/thumb/v7e-m+fp/hard/libg.a(lib_a-fini.o)
 .ARM.attributes
                0x00000000000007c1       0x34 /opt/homebrew/Cellar/arm-none-eabi-gcc/10.3-2021.07/gcc/bin/../lib/gcc/arm-none-eabi/10.3.1/../../../../arm-none-eabi/lib/thumb/v7e-m+fp/hard/libg.a(lib_a-lock.o)
 .ARM.attributes
                0x00000000000007f5       0x34 /opt/homebrew/Cellar/arm-none-eabi-gcc/10.3-2021.07/gcc/bin/../lib/gcc/arm-none-eabi/10.3.1/../../../../arm-none-eabi/lib/thumb/v7e-m+fp/hard/libg.a(lib_a-__atexit.o)
 .ARM.attributes
                0x0000000000000829       0x1e /opt/homebrew/Cellar/arm-none-eabi-gcc/10.3-2021.07/gcc/bin/../lib/gcc/arm-none-eabi/10.3.1/thumb/v7e-m+fp/hard/libgcc.a(_arm_cmpdf2.o)
 .ARM.attributes
                0x0000000000000847       0x1e /opt/homebrew/Cellar/arm-none-eabi-gcc/10.3-2021.07/gcc/bin/../lib/gcc/arm-none-eabi/10.3.1/thumb/v7e-m+fp/hard/libgcc.a(_arm_unorddf2.o)
 .ARM.attributes
                0x0000000000000865       0x1e /opt/homebrew/Cellar/arm-none-eabi-gcc/10.3-2021.07/gcc/bin/../lib/gcc/arm-none-eabi/10.3.1/thumb/v7e-m+fp/hard/crtn.o
OUTPUT(Mechanical_Arm.elf elf32-littlearm)
LOAD linker stubs
LOAD /opt/homebrew/Cellar/arm-none-eabi-gcc/10.3-2021.07/gcc/bin/../lib/gcc/arm-none-eabi/10.3.1/../../../../arm-none-eabi/lib/thumb/v7e-m+fp/hard/libc.a
LOAD /opt/homebrew/Cellar/arm-none-eabi-gcc/10.3-2021.07/gcc/bin/../lib/gcc/arm-none-eabi/10.3.1/../../../../arm-none-eabi/lib/thumb/v7e-m+fp/hard/libm.a
LOAD /opt/homebrew/Cellar/arm-none-eabi-gcc/10.3-2021.07/gcc/bin/../lib/gcc/arm-none-eabi/10.3.1/thumb/v7e-m+fp/hard/libgcc.a

.debug_info     0x0000000000000000    0x14b9c
 .debug_info    0x0000000000000000      0xa5c CMakeFiles/Mechanical_Arm.elf.dir/Drivers/STM32F4xx_HAL_Driver/Src/stm32f4xx_hal.c.obj
 .debug_info    0x0000000000000a5c     0x126e CMakeFiles/Mechanical_Arm.elf.dir/Drivers/STM32F4xx_HAL_Driver/Src/stm32f4xx_hal_can.c.obj
 .debug_info    0x0000000000001cca     0x10c2 CMakeFiles/Mechanical_Arm.elf.dir/Drivers/STM32F4xx_HAL_Driver/Src/stm32f4xx_hal_cortex.c.obj
 .debug_info    0x0000000000002d8c      0xb3f CMakeFiles/Mechanical_Arm.elf.dir/Drivers/STM32F4xx_HAL_Driver/Src/stm32f4xx_hal_dma.c.obj
 .debug_info    0x00000000000038cb      0x7cc CMakeFiles/Mechanical_Arm.elf.dir/Drivers/STM32F4xx_HAL_Driver/Src/stm32f4xx_hal_gpio.c.obj
 .debug_info    0x0000000000004097      0xb1f CMakeFiles/Mechanical_Arm.elf.dir/Drivers/STM32F4xx_HAL_Driver/Src/stm32f4xx_hal_rcc.c.obj
 .debug_info    0x0000000000004bb6     0x4233 CMakeFiles/Mechanical_Arm.elf.dir/Drivers/STM32F4xx_HAL_Driver/Src/stm32f4xx_hal_uart.c.obj
 .debug_info    0x0000000000008de9     0x104c CMakeFiles/Mechanical_Arm.elf.dir/Lib/Src/A1_Drive.c.obj
 .debug_info    0x0000000000009e35      0xb7b CMakeFiles/Mechanical_Arm.elf.dir/Lib/Src/CAN_Operation.c.obj
 .debug_info    0x000000000000a9b0      0x37b CMakeFiles/Mechanical_Arm.elf.dir/Lib/Src/Inverse_Mechanical_Calulation.c.obj
 .debug_info    0x000000000000ad2b      0x489 CMakeFiles/Mechanical_Arm.elf.dir/Lib/Src/PID_Controlor.c.obj
 .debug_info    0x000000000000b1b4     0x149f CMakeFiles/Mechanical_Arm.elf.dir/Lib/Src/dynamixel2.c.obj
 .debug_info    0x000000000000c653      0xdde CMakeFiles/Mechanical_Arm.elf.dir/Lib/Src/servo.c.obj
 .debug_info    0x000000000000d431      0x2e0 CMakeFiles/Mechanical_Arm.elf.dir/Middlewares/Third_Party/FreeRTOS/Source/list.c.obj
 .debug_info    0x000000000000d711      0x587 CMakeFiles/Mechanical_Arm.elf.dir/Middlewares/Third_Party/FreeRTOS/Source/portable/GCC/ARM_CM4F/port.c.obj
 .debug_info    0x000000000000dc98     0x2971 CMakeFiles/Mechanical_Arm.elf.dir/Middlewares/Third_Party/FreeRTOS/Source/tasks.c.obj
 .debug_info    0x0000000000010609      0xcff CMakeFiles/Mechanical_Arm.elf.dir/Src/can.c.obj
 .debug_info    0x0000000000011308      0x576 CMakeFiles/Mechanical_Arm.elf.dir/Src/dma.c.obj
 .debug_info    0x000000000001187e      0x4cd CMakeFiles/Mechanical_Arm.elf.dir/Src/gpio.c.obj
 .debug_info    0x0000000000011d4b      0xd14 CMakeFiles/Mechanical_Arm.elf.dir/Src/main.c.obj
 .debug_info    0x0000000000012a5f      0x53e CMakeFiles/Mechanical_Arm.elf.dir/Src/stm32f4xx_hal_msp.c.obj
 .debug_info    0x0000000000012f9d      0x888 CMakeFiles/Mechanical_Arm.elf.dir/Src/stm32f4xx_it.c.obj
 .debug_info    0x0000000000013825      0x554 CMakeFiles/Mechanical_Arm.elf.dir/Src/system_stm32f4xx.c.obj
 .debug_info    0x0000000000013d79      0xe01 CMakeFiles/Mechanical_Arm.elf.dir/Src/usart.c.obj
 .debug_info    0x0000000000014b7a       0x22 CMakeFiles/Mechanical_Arm.elf.dir/startup/startup_stm32f427xx.s.obj

.debug_abbrev   0x0000000000000000     0x32ca
 .debug_abbrev  0x0000000000000000      0x206 CMakeFiles/Mechanical_Arm.elf.dir/Drivers/STM32F4xx_HAL_Driver/Src/stm32f4xx_hal.c.obj
 .debug_abbrev  0x0000000000000206      0x267 CMakeFiles/Mechanical_Arm.elf.dir/Drivers/STM32F4xx_HAL_Driver/Src/stm32f4xx_hal_can.c.obj
 .debug_abbrev  0x000000000000046d      0x36a CMakeFiles/Mechanical_Arm.elf.dir/Drivers/STM32F4xx_HAL_Driver/Src/stm32f4xx_hal_cortex.c.obj
 .debug_abbrev  0x00000000000007d7      0x2c2 CMakeFiles/Mechanical_Arm.elf.dir/Drivers/STM32F4xx_HAL_Driver/Src/stm32f4xx_hal_dma.c.obj
 .debug_abbrev  0x0000000000000a99      0x1ef CMakeFiles/Mechanical_Arm.elf.dir/Drivers/STM32F4xx_HAL_Driver/Src/stm32f4xx_hal_gpio.c.obj
 .debug_abbrev  0x0000000000000c88      0x28a CMakeFiles/Mechanical_Arm.elf.dir/Drivers/STM32F4xx_HAL_Driver/Src/stm32f4xx_hal_rcc.c.obj
 .debug_abbrev  0x0000000000000f12      0x2f6 CMakeFiles/Mechanical_Arm.elf.dir/Drivers/STM32F4xx_HAL_Driver/Src/stm32f4xx_hal_uart.c.obj
 .debug_abbrev  0x0000000000001208      0x340 CMakeFiles/Mechanical_Arm.elf.dir/Lib/Src/A1_Drive.c.obj
 .debug_abbrev  0x0000000000001548      0x244 CMakeFiles/Mechanical_Arm.elf.dir/Lib/Src/CAN_Operation.c.obj
 .debug_abbrev  0x000000000000178c       0xd3 CMakeFiles/Mechanical_Arm.elf.dir/Lib/Src/Inverse_Mechanical_Calulation.c.obj
 .debug_abbrev  0x000000000000185f      0x18c CMakeFiles/Mechanical_Arm.elf.dir/Lib/Src/PID_Controlor.c.obj
 .debug_abbrev  0x00000000000019eb      0x380 CMakeFiles/Mechanical_Arm.elf.dir/Lib/Src/dynamixel2.c.obj
 .debug_abbrev  0x0000000000001d6b      0x1fa CMakeFiles/Mechanical_Arm.elf.dir/Lib/Src/servo.c.obj
 .debug_abbrev  0x0000000000001f65      0x106 CMakeFiles/Mechanical_Arm.elf.dir/Middlewares/Third_Party/FreeRTOS/Source/list.c.obj
 .debug_abbrev  0x000000000000206b      0x26b CMakeFiles/Mechanical_Arm.elf.dir/Middlewares/Third_Party/FreeRTOS/Source/portable/GCC/ARM_CM4F/port.c.obj
 .debug_abbrev  0x00000000000022d6      0x313 CMakeFiles/Mechanical_Arm.elf.dir/Middlewares/Third_Party/FreeRTOS/Source/tasks.c.obj
 .debug_abbrev  0x00000000000025e9      0x1f6 CMakeFiles/Mechanical_Arm.elf.dir/Src/can.c.obj
 .debug_abbrev  0x00000000000027df      0x126 CMakeFiles/Mechanical_Arm.elf.dir/Src/dma.c.obj
 .debug_abbrev  0x0000000000002905      0x14e CMakeFiles/Mechanical_Arm.elf.dir/Src/gpio.c.obj
 .debug_abbrev  0x0000000000002a53      0x289 CMakeFiles/Mechanical_Arm.elf.dir/Src/main.c.obj
 .debug_abbrev  0x0000000000002cdc      0x119 CMakeFiles/Mechanical_Arm.elf.dir/Src/stm32f4xx_hal_msp.c.obj
 .debug_abbrev  0x0000000000002df5      0x1bb CMakeFiles/Mechanical_Arm.elf.dir/Src/stm32f4xx_it.c.obj
 .debug_abbrev  0x0000000000002fb0      0x119 CMakeFiles/Mechanical_Arm.elf.dir/Src/system_stm32f4xx.c.obj
 .debug_abbrev  0x00000000000030c9      0x1ef CMakeFiles/Mechanical_Arm.elf.dir/Src/usart.c.obj
 .debug_abbrev  0x00000000000032b8       0x12 CMakeFiles/Mechanical_Arm.elf.dir/startup/startup_stm32f427xx.s.obj

.debug_loc      0x0000000000000000     0xb6da
 .debug_loc     0x0000000000000000      0x141 CMakeFiles/Mechanical_Arm.elf.dir/Drivers/STM32F4xx_HAL_Driver/Src/stm32f4xx_hal.c.obj
 .debug_loc     0x0000000000000141      0xde6 CMakeFiles/Mechanical_Arm.elf.dir/Drivers/STM32F4xx_HAL_Driver/Src/stm32f4xx_hal_can.c.obj
 .debug_loc     0x0000000000000f27      0x744 CMakeFiles/Mechanical_Arm.elf.dir/Drivers/STM32F4xx_HAL_Driver/Src/stm32f4xx_hal_cortex.c.obj
 .debug_loc     0x000000000000166b      0xbf9 CMakeFiles/Mechanical_Arm.elf.dir/Drivers/STM32F4xx_HAL_Driver/Src/stm32f4xx_hal_dma.c.obj
 .debug_loc     0x0000000000002264      0x520 CMakeFiles/Mechanical_Arm.elf.dir/Drivers/STM32F4xx_HAL_Driver/Src/stm32f4xx_hal_gpio.c.obj
 .debug_loc     0x0000000000002784      0x58c CMakeFiles/Mechanical_Arm.elf.dir/Drivers/STM32F4xx_HAL_Driver/Src/stm32f4xx_hal_rcc.c.obj
 .debug_loc     0x0000000000002d10     0x49eb CMakeFiles/Mechanical_Arm.elf.dir/Drivers/STM32F4xx_HAL_Driver/Src/stm32f4xx_hal_uart.c.obj
 .debug_loc     0x00000000000076fb      0x629 CMakeFiles/Mechanical_Arm.elf.dir/Lib/Src/A1_Drive.c.obj
 .debug_loc     0x0000000000007d24      0x277 CMakeFiles/Mechanical_Arm.elf.dir/Lib/Src/CAN_Operation.c.obj
 .debug_loc     0x0000000000007f9b       0x6a CMakeFiles/Mechanical_Arm.elf.dir/Lib/Src/Inverse_Mechanical_Calulation.c.obj
 .debug_loc     0x0000000000008005      0x1e5 CMakeFiles/Mechanical_Arm.elf.dir/Lib/Src/PID_Controlor.c.obj
 .debug_loc     0x00000000000081ea      0xb4d CMakeFiles/Mechanical_Arm.elf.dir/Lib/Src/dynamixel2.c.obj
 .debug_loc     0x0000000000008d37      0x3e7 CMakeFiles/Mechanical_Arm.elf.dir/Lib/Src/servo.c.obj
 .debug_loc     0x000000000000911e       0xad CMakeFiles/Mechanical_Arm.elf.dir/Middlewares/Third_Party/FreeRTOS/Source/list.c.obj
 .debug_loc     0x00000000000091cb      0x124 CMakeFiles/Mechanical_Arm.elf.dir/Middlewares/Third_Party/FreeRTOS/Source/portable/GCC/ARM_CM4F/port.c.obj
 .debug_loc     0x00000000000092ef     0x1e83 CMakeFiles/Mechanical_Arm.elf.dir/Middlewares/Third_Party/FreeRTOS/Source/tasks.c.obj
 .debug_loc     0x000000000000b172       0xcb CMakeFiles/Mechanical_Arm.elf.dir/Src/can.c.obj
 .debug_loc     0x000000000000b23d      0x28d CMakeFiles/Mechanical_Arm.elf.dir/Src/main.c.obj
 .debug_loc     0x000000000000b4ca      0x158 CMakeFiles/Mechanical_Arm.elf.dir/Src/system_stm32f4xx.c.obj
 .debug_loc     0x000000000000b622       0xb8 CMakeFiles/Mechanical_Arm.elf.dir/Src/usart.c.obj

.debug_aranges  0x0000000000000000      0xdd0
 .debug_aranges
                0x0000000000000000      0x100 CMakeFiles/Mechanical_Arm.elf.dir/Drivers/STM32F4xx_HAL_Driver/Src/stm32f4xx_hal.c.obj
 .debug_aranges
                0x0000000000000100      0x138 CMakeFiles/Mechanical_Arm.elf.dir/Drivers/STM32F4xx_HAL_Driver/Src/stm32f4xx_hal_can.c.obj
 .debug_aranges
                0x0000000000000238       0xa8 CMakeFiles/Mechanical_Arm.elf.dir/Drivers/STM32F4xx_HAL_Driver/Src/stm32f4xx_hal_cortex.c.obj
 .debug_aranges
                0x00000000000002e0       0x90 CMakeFiles/Mechanical_Arm.elf.dir/Drivers/STM32F4xx_HAL_Driver/Src/stm32f4xx_hal_dma.c.obj
 .debug_aranges
                0x0000000000000370       0x58 CMakeFiles/Mechanical_Arm.elf.dir/Drivers/STM32F4xx_HAL_Driver/Src/stm32f4xx_hal_gpio.c.obj
 .debug_aranges
                0x00000000000003c8       0x88 CMakeFiles/Mechanical_Arm.elf.dir/Drivers/STM32F4xx_HAL_Driver/Src/stm32f4xx_hal_rcc.c.obj
 .debug_aranges
                0x0000000000000450      0x200 CMakeFiles/Mechanical_Arm.elf.dir/Drivers/STM32F4xx_HAL_Driver/Src/stm32f4xx_hal_uart.c.obj
 .debug_aranges
                0x0000000000000650       0x88 CMakeFiles/Mechanical_Arm.elf.dir/Lib/Src/A1_Drive.c.obj
 .debug_aranges
                0x00000000000006d8       0x50 CMakeFiles/Mechanical_Arm.elf.dir/Lib/Src/CAN_Operation.c.obj
 .debug_aranges
                0x0000000000000728       0x20 CMakeFiles/Mechanical_Arm.elf.dir/Lib/Src/Inverse_Mechanical_Calulation.c.obj
 .debug_aranges
                0x0000000000000748       0x58 CMakeFiles/Mechanical_Arm.elf.dir/Lib/Src/PID_Controlor.c.obj
 .debug_aranges
                0x00000000000007a0      0x190 CMakeFiles/Mechanical_Arm.elf.dir/Lib/Src/dynamixel2.c.obj
 .debug_aranges
                0x0000000000000930       0x58 CMakeFiles/Mechanical_Arm.elf.dir/Lib/Src/servo.c.obj
 .debug_aranges
                0x0000000000000988       0x40 CMakeFiles/Mechanical_Arm.elf.dir/Middlewares/Third_Party/FreeRTOS/Source/list.c.obj
 .debug_aranges
                0x00000000000009c8       0x80 CMakeFiles/Mechanical_Arm.elf.dir/Middlewares/Third_Party/FreeRTOS/Source/portable/GCC/ARM_CM4F/port.c.obj
 .debug_aranges
                0x0000000000000a48      0x1b8 CMakeFiles/Mechanical_Arm.elf.dir/Middlewares/Third_Party/FreeRTOS/Source/tasks.c.obj
 .debug_aranges
                0x0000000000000c00       0x38 CMakeFiles/Mechanical_Arm.elf.dir/Src/can.c.obj
 .debug_aranges
                0x0000000000000c38       0x20 CMakeFiles/Mechanical_Arm.elf.dir/Src/dma.c.obj
 .debug_aranges
                0x0000000000000c58       0x20 CMakeFiles/Mechanical_Arm.elf.dir/Src/gpio.c.obj
 .debug_aranges
                0x0000000000000c78       0x40 CMakeFiles/Mechanical_Arm.elf.dir/Src/main.c.obj
 .debug_aranges
                0x0000000000000cb8       0x20 CMakeFiles/Mechanical_Arm.elf.dir/Src/stm32f4xx_hal_msp.c.obj
 .debug_aranges
                0x0000000000000cd8       0x70 CMakeFiles/Mechanical_Arm.elf.dir/Src/stm32f4xx_it.c.obj
 .debug_aranges
                0x0000000000000d48       0x28 CMakeFiles/Mechanical_Arm.elf.dir/Src/system_stm32f4xx.c.obj
 .debug_aranges
                0x0000000000000d70       0x38 CMakeFiles/Mechanical_Arm.elf.dir/Src/usart.c.obj
 .debug_aranges
                0x0000000000000da8       0x28 CMakeFiles/Mechanical_Arm.elf.dir/startup/startup_stm32f427xx.s.obj

.debug_ranges   0x0000000000000000      0xe30
 .debug_ranges  0x0000000000000000       0xf0 CMakeFiles/Mechanical_Arm.elf.dir/Drivers/STM32F4xx_HAL_Driver/Src/stm32f4xx_hal.c.obj
 .debug_ranges  0x00000000000000f0      0x128 CMakeFiles/Mechanical_Arm.elf.dir/Drivers/STM32F4xx_HAL_Driver/Src/stm32f4xx_hal_can.c.obj
 .debug_ranges  0x0000000000000218       0xf8 CMakeFiles/Mechanical_Arm.elf.dir/Drivers/STM32F4xx_HAL_Driver/Src/stm32f4xx_hal_cortex.c.obj
 .debug_ranges  0x0000000000000310       0x80 CMakeFiles/Mechanical_Arm.elf.dir/Drivers/STM32F4xx_HAL_Driver/Src/stm32f4xx_hal_dma.c.obj
 .debug_ranges  0x0000000000000390       0x48 CMakeFiles/Mechanical_Arm.elf.dir/Drivers/STM32F4xx_HAL_Driver/Src/stm32f4xx_hal_gpio.c.obj
 .debug_ranges  0x00000000000003d8       0x90 CMakeFiles/Mechanical_Arm.elf.dir/Drivers/STM32F4xx_HAL_Driver/Src/stm32f4xx_hal_rcc.c.obj
 .debug_ranges  0x0000000000000468      0x208 CMakeFiles/Mechanical_Arm.elf.dir/Drivers/STM32F4xx_HAL_Driver/Src/stm32f4xx_hal_uart.c.obj
 .debug_ranges  0x0000000000000670       0xc8 CMakeFiles/Mechanical_Arm.elf.dir/Lib/Src/A1_Drive.c.obj
 .debug_ranges  0x0000000000000738       0x40 CMakeFiles/Mechanical_Arm.elf.dir/Lib/Src/CAN_Operation.c.obj
 .debug_ranges  0x0000000000000778       0x10 CMakeFiles/Mechanical_Arm.elf.dir/Lib/Src/Inverse_Mechanical_Calulation.c.obj
 .debug_ranges  0x0000000000000788       0x48 CMakeFiles/Mechanical_Arm.elf.dir/Lib/Src/PID_Controlor.c.obj
 .debug_ranges  0x00000000000007d0      0x180 CMakeFiles/Mechanical_Arm.elf.dir/Lib/Src/dynamixel2.c.obj
 .debug_ranges  0x0000000000000950       0x48 CMakeFiles/Mechanical_Arm.elf.dir/Lib/Src/servo.c.obj
 .debug_ranges  0x0000000000000998       0x30 CMakeFiles/Mechanical_Arm.elf.dir/Middlewares/Third_Party/FreeRTOS/Source/list.c.obj
 .debug_ranges  0x00000000000009c8       0x88 CMakeFiles/Mechanical_Arm.elf.dir/Middlewares/Third_Party/FreeRTOS/Source/portable/GCC/ARM_CM4F/port.c.obj
 .debug_ranges  0x0000000000000a50      0x280 CMakeFiles/Mechanical_Arm.elf.dir/Middlewares/Third_Party/FreeRTOS/Source/tasks.c.obj
 .debug_ranges  0x0000000000000cd0       0x28 CMakeFiles/Mechanical_Arm.elf.dir/Src/can.c.obj
 .debug_ranges  0x0000000000000cf8       0x10 CMakeFiles/Mechanical_Arm.elf.dir/Src/dma.c.obj
 .debug_ranges  0x0000000000000d08       0x10 CMakeFiles/Mechanical_Arm.elf.dir/Src/gpio.c.obj
 .debug_ranges  0x0000000000000d18       0x48 CMakeFiles/Mechanical_Arm.elf.dir/Src/main.c.obj
 .debug_ranges  0x0000000000000d60       0x10 CMakeFiles/Mechanical_Arm.elf.dir/Src/stm32f4xx_hal_msp.c.obj
 .debug_ranges  0x0000000000000d70       0x60 CMakeFiles/Mechanical_Arm.elf.dir/Src/stm32f4xx_it.c.obj
 .debug_ranges  0x0000000000000dd0       0x18 CMakeFiles/Mechanical_Arm.elf.dir/Src/system_stm32f4xx.c.obj
 .debug_ranges  0x0000000000000de8       0x28 CMakeFiles/Mechanical_Arm.elf.dir/Src/usart.c.obj
 .debug_ranges  0x0000000000000e10       0x20 CMakeFiles/Mechanical_Arm.elf.dir/startup/startup_stm32f427xx.s.obj

.debug_line     0x0000000000000000    0x10bc9
 .debug_line    0x0000000000000000      0x683 CMakeFiles/Mechanical_Arm.elf.dir/Drivers/STM32F4xx_HAL_Driver/Src/stm32f4xx_hal.c.obj
 .debug_line    0x0000000000000683     0x11c3 CMakeFiles/Mechanical_Arm.elf.dir/Drivers/STM32F4xx_HAL_Driver/Src/stm32f4xx_hal_can.c.obj
 .debug_line    0x0000000000001846      0x85e CMakeFiles/Mechanical_Arm.elf.dir/Drivers/STM32F4xx_HAL_Driver/Src/stm32f4xx_hal_cortex.c.obj
 .debug_line    0x00000000000020a4      0xed7 CMakeFiles/Mechanical_Arm.elf.dir/Drivers/STM32F4xx_HAL_Driver/Src/stm32f4xx_hal_dma.c.obj
 .debug_line    0x0000000000002f7b      0x7a5 CMakeFiles/Mechanical_Arm.elf.dir/Drivers/STM32F4xx_HAL_Driver/Src/stm32f4xx_hal_gpio.c.obj
 .debug_line    0x0000000000003720      0xbbe CMakeFiles/Mechanical_Arm.elf.dir/Drivers/STM32F4xx_HAL_Driver/Src/stm32f4xx_hal_rcc.c.obj
 .debug_line    0x00000000000042de     0x46be CMakeFiles/Mechanical_Arm.elf.dir/Drivers/STM32F4xx_HAL_Driver/Src/stm32f4xx_hal_uart.c.obj
 .debug_line    0x000000000000899c      0xa2c CMakeFiles/Mechanical_Arm.elf.dir/Lib/Src/A1_Drive.c.obj
 .debug_line    0x00000000000093c8      0x640 CMakeFiles/Mechanical_Arm.elf.dir/Lib/Src/CAN_Operation.c.obj
 .debug_line    0x0000000000009a08      0x1fe CMakeFiles/Mechanical_Arm.elf.dir/Lib/Src/Inverse_Mechanical_Calulation.c.obj
 .debug_line    0x0000000000009c06      0x4c4 CMakeFiles/Mechanical_Arm.elf.dir/Lib/Src/PID_Controlor.c.obj
 .debug_line    0x000000000000a0ca     0x12c0 CMakeFiles/Mechanical_Arm.elf.dir/Lib/Src/dynamixel2.c.obj
 .debug_line    0x000000000000b38a      0x58e CMakeFiles/Mechanical_Arm.elf.dir/Lib/Src/servo.c.obj
 .debug_line    0x000000000000b918      0x408 CMakeFiles/Mechanical_Arm.elf.dir/Middlewares/Third_Party/FreeRTOS/Source/list.c.obj
 .debug_line    0x000000000000bd20      0x7b4 CMakeFiles/Mechanical_Arm.elf.dir/Middlewares/Third_Party/FreeRTOS/Source/portable/GCC/ARM_CM4F/port.c.obj
 .debug_line    0x000000000000c4d4     0x2588 CMakeFiles/Mechanical_Arm.elf.dir/Middlewares/Third_Party/FreeRTOS/Source/tasks.c.obj
 .debug_line    0x000000000000ea5c      0x5a7 CMakeFiles/Mechanical_Arm.elf.dir/Src/can.c.obj
 .debug_line    0x000000000000f003      0x22f CMakeFiles/Mechanical_Arm.elf.dir/Src/dma.c.obj
 .debug_line    0x000000000000f232      0x272 CMakeFiles/Mechanical_Arm.elf.dir/Src/gpio.c.obj
 .debug_line    0x000000000000f4a4      0x6ec CMakeFiles/Mechanical_Arm.elf.dir/Src/main.c.obj
 .debug_line    0x000000000000fb90      0x240 CMakeFiles/Mechanical_Arm.elf.dir/Src/stm32f4xx_hal_msp.c.obj
 .debug_line    0x000000000000fdd0      0x504 CMakeFiles/Mechanical_Arm.elf.dir/Src/stm32f4xx_it.c.obj
 .debug_line    0x00000000000102d4      0x2fa CMakeFiles/Mechanical_Arm.elf.dir/Src/system_stm32f4xx.c.obj
 .debug_line    0x00000000000105ce      0x546 CMakeFiles/Mechanical_Arm.elf.dir/Src/usart.c.obj
 .debug_line    0x0000000000010b14       0xb5 CMakeFiles/Mechanical_Arm.elf.dir/startup/startup_stm32f427xx.s.obj

.debug_str      0x0000000000000000     0x501b
 .debug_str     0x0000000000000000      0xc0b CMakeFiles/Mechanical_Arm.elf.dir/Drivers/STM32F4xx_HAL_Driver/Src/stm32f4xx_hal.c.obj
                                        0xc64 (size before relaxing)
 .debug_str     0x0000000000000c0b      0x7f2 CMakeFiles/Mechanical_Arm.elf.dir/Drivers/STM32F4xx_HAL_Driver/Src/stm32f4xx_hal_can.c.obj
                                        0xaba (size before relaxing)
 .debug_str     0x00000000000013fd      0x4df CMakeFiles/Mechanical_Arm.elf.dir/Drivers/STM32F4xx_HAL_Driver/Src/stm32f4xx_hal_cortex.c.obj
                                        0xce8 (size before relaxing)
 .debug_str     0x00000000000018dc      0x53e CMakeFiles/Mechanical_Arm.elf.dir/Drivers/STM32F4xx_HAL_Driver/Src/stm32f4xx_hal_dma.c.obj
                                        0x7e5 (size before relaxing)
 .debug_str     0x0000000000001e1a      0x20c CMakeFiles/Mechanical_Arm.elf.dir/Drivers/STM32F4xx_HAL_Driver/Src/stm32f4xx_hal_gpio.c.obj
                                        0x562 (size before relaxing)
 .debug_str     0x0000000000002026      0x355 CMakeFiles/Mechanical_Arm.elf.dir/Drivers/STM32F4xx_HAL_Driver/Src/stm32f4xx_hal_rcc.c.obj
                                        0x788 (size before relaxing)
 .debug_str     0x000000000000237b      0x830 CMakeFiles/Mechanical_Arm.elf.dir/Drivers/STM32F4xx_HAL_Driver/Src/stm32f4xx_hal_uart.c.obj
                                        0xdc8 (size before relaxing)
 .debug_str     0x0000000000002bab      0x30b CMakeFiles/Mechanical_Arm.elf.dir/Lib/Src/A1_Drive.c.obj
                                        0x994 (size before relaxing)
 .debug_str     0x0000000000002eb6      0x1d3 CMakeFiles/Mechanical_Arm.elf.dir/Lib/Src/CAN_Operation.c.obj
                                        0x85b (size before relaxing)
 .debug_str     0x0000000000003089       0xec CMakeFiles/Mechanical_Arm.elf.dir/Lib/Src/Inverse_Mechanical_Calulation.c.obj
                                        0x2b1 (size before relaxing)
 .debug_str     0x0000000000003175      0x1c1 CMakeFiles/Mechanical_Arm.elf.dir/Lib/Src/PID_Controlor.c.obj
                                        0x422 (size before relaxing)
 .debug_str     0x0000000000003336      0x5c1 CMakeFiles/Mechanical_Arm.elf.dir/Lib/Src/dynamixel2.c.obj
                                        0xc77 (size before relaxing)
 .debug_str     0x00000000000038f7      0x1e7 CMakeFiles/Mechanical_Arm.elf.dir/Lib/Src/servo.c.obj
                                        0x435 (size before relaxing)
 .debug_str     0x0000000000003ade      0x19a CMakeFiles/Mechanical_Arm.elf.dir/Middlewares/Third_Party/FreeRTOS/Source/list.c.obj
                                        0x371 (size before relaxing)
 .debug_str     0x0000000000003c78      0x2e1 CMakeFiles/Mechanical_Arm.elf.dir/Middlewares/Third_Party/FreeRTOS/Source/portable/GCC/ARM_CM4F/port.c.obj
                                        0x4f1 (size before relaxing)
 .debug_str     0x0000000000003f59      0xc59 CMakeFiles/Mechanical_Arm.elf.dir/Middlewares/Third_Party/FreeRTOS/Source/tasks.c.obj
                                       0x108a (size before relaxing)
 .debug_str     0x0000000000004bb2       0x7e CMakeFiles/Mechanical_Arm.elf.dir/Src/can.c.obj
                                        0xc4b (size before relaxing)
 .debug_str     0x0000000000004c30       0x4d CMakeFiles/Mechanical_Arm.elf.dir/Src/dma.c.obj
                                        0x88d (size before relaxing)
 .debug_str     0x0000000000004c7d       0x4f CMakeFiles/Mechanical_Arm.elf.dir/Src/gpio.c.obj
                                        0x3e9 (size before relaxing)
 .debug_str     0x0000000000004ccc       0xbf CMakeFiles/Mechanical_Arm.elf.dir/Src/main.c.obj
                                        0x7c3 (size before relaxing)
 .debug_str     0x0000000000004d8b       0x4f CMakeFiles/Mechanical_Arm.elf.dir/Src/stm32f4xx_hal_msp.c.obj
                                        0x888 (size before relaxing)
 .debug_str     0x0000000000004dda      0x117 CMakeFiles/Mechanical_Arm.elf.dir/Src/stm32f4xx_it.c.obj
                                        0x838 (size before relaxing)
 .debug_str     0x0000000000004ef1       0x79 CMakeFiles/Mechanical_Arm.elf.dir/Src/system_stm32f4xx.c.obj
                                        0x3f2 (size before relaxing)
 .debug_str     0x0000000000004f6a       0x4e CMakeFiles/Mechanical_Arm.elf.dir/Src/usart.c.obj
                                        0xe53 (size before relaxing)
 .debug_str     0x0000000000004fb8       0x63 CMakeFiles/Mechanical_Arm.elf.dir/startup/startup_stm32f427xx.s.obj
                                         0xac (size before relaxing)

.comment        0x0000000000000000       0x49
 .comment       0x0000000000000000       0x49 CMakeFiles/Mechanical_Arm.elf.dir/Drivers/STM32F4xx_HAL_Driver/Src/stm32f4xx_hal.c.obj
                                         0x4a (size before relaxing)
 .comment       0x0000000000000049       0x4a CMakeFiles/Mechanical_Arm.elf.dir/Drivers/STM32F4xx_HAL_Driver/Src/stm32f4xx_hal_can.c.obj
 .comment       0x0000000000000049       0x4a CMakeFiles/Mechanical_Arm.elf.dir/Drivers/STM32F4xx_HAL_Driver/Src/stm32f4xx_hal_cortex.c.obj
 .comment       0x0000000000000049       0x4a CMakeFiles/Mechanical_Arm.elf.dir/Drivers/STM32F4xx_HAL_Driver/Src/stm32f4xx_hal_dma.c.obj