Archive member included to satisfy reference by file (symbol)

/opt/homebrew/Cellar/arm-none-eabi-gcc/10.3-2021.07/gcc/bin/../lib/gcc/arm-none-eabi/10.3.1/thumb/v7e-m+fp/hard/libgcc.a(_arm_muldf3.o)
                              CMakeFiles/Mechanical_Arm.elf.dir/Lib/Src/Inverse_Mechanical_Calulation.c.obj (__aeabi_dmul)
/opt/homebrew/Cellar/arm-none-eabi-gcc/10.3-2021.07/gcc/bin/../lib/gcc/arm-none-eabi/10.3.1/thumb/v7e-m+fp/hard/libgcc.a(_arm_addsubdf3.o)
                              CMakeFiles/Mechanical_Arm.elf.dir/Lib/Src/Inverse_Mechanical_Calulation.c.obj (__aeabi_dsub)
/opt/homebrew/Cellar/arm-none-eabi-gcc/10.3-2021.07/gcc/bin/../lib/gcc/arm-none-eabi/10.3.1/thumb/v7e-m+fp/hard/libgcc.a(_arm_muldivdf3.o)
                              CMakeFiles/Mechanical_Arm.elf.dir/Lib/Src/Inverse_Mechanical_Calulation.c.obj (__aeabi_ddiv)
/opt/homebrew/Cellar/arm-none-eabi-gcc/10.3-2021.07/gcc/bin/../lib/gcc/arm-none-eabi/10.3.1/thumb/v7e-m+fp/hard/libgcc.a(_arm_fixdfsi.o)
                              CMakeFiles/Mechanical_Arm.elf.dir/Src/freertos.c.obj (__aeabi_d2iz)
/opt/homebrew/Cellar/arm-none-eabi-gcc/10.3-2021.07/gcc/bin/../lib/gcc/arm-none-eabi/10.3.1/thumb/v7e-m+fp/hard/libgcc.a(_arm_fixunsdfsi.o)
                              CMakeFiles/Mechanical_Arm.elf.dir/Lib/Src/Inverse_Mechanical_Calulation.c.obj (__aeabi_d2uiz)
/opt/homebrew/Cellar/arm-none-eabi-gcc/10.3-2021.07/gcc/bin/../lib/gcc/arm-none-eabi/10.3.1/thumb/v7e-m+fp/hard/libgcc.a(_arm_truncdfsf2.o)
                              CMakeFiles/Mechanical_Arm.elf.dir/Lib/Src/Inverse_Mechanical_Calulation.c.obj (__aeabi_d2f)
/opt/homebrew/Cellar/arm-none-eabi-gcc/10.3-2021.07/gcc/bin/../lib/gcc/arm-none-eabi/10.3.1/thumb/v7e-m+fp/hard/libgcc.a(_aeabi_uldivmod.o)
                              CMakeFiles/Mechanical_Arm.elf.dir/Drivers/STM32F4xx_HAL_Driver/Src/stm32f4xx_hal_rcc.c.obj (__aeabi_uldivmod)
/opt/homebrew/Cellar/arm-none-eabi-gcc/10.3-2021.07/gcc/bin/../lib/gcc/arm-none-eabi/10.3.1/thumb/v7e-m+fp/hard/libgcc.a(_udivmoddi4.o)
                              /opt/homebrew/Cellar/arm-none-eabi-gcc/10.3-2021.07/gcc/bin/../lib/gcc/arm-none-eabi/10.3.1/thumb/v7e-m+fp/hard/libgcc.a(_aeabi_uldivmod.o) (__udivmoddi4)
/opt/homebrew/Cellar/arm-none-eabi-gcc/10.3-2021.07/gcc/bin/../lib/gcc/arm-none-eabi/10.3.1/thumb/v7e-m+fp/hard/libgcc.a(_dvmd_tls.o)
                              /opt/homebrew/Cellar/arm-none-eabi-gcc/10.3-2021.07/gcc/bin/../lib/gcc/arm-none-eabi/10.3.1/thumb/v7e-m+fp/hard/libgcc.a(_aeabi_uldivmod.o) (__aeabi_ldiv0)
/opt/homebrew/Cellar/arm-none-eabi-gcc/10.3-2021.07/gcc/bin/../lib/gcc/arm-none-eabi/10.3.1/../../../../arm-none-eabi/lib/thumb/v7e-m+fp/hard/libg.a(lib_a-errno.o)
                              CMakeFiles/Mechanical_Arm.elf.dir/Src/syscalls.c.obj (__errno)
/opt/homebrew/Cellar/arm-none-eabi-gcc/10.3-2021.07/gcc/bin/../lib/gcc/arm-none-eabi/10.3.1/../../../../arm-none-eabi/lib/thumb/v7e-m+fp/hard/libg.a(lib_a-exit.o)
                              /opt/homebrew/Cellar/arm-none-eabi-gcc/10.3-2021.07/gcc/bin/../lib/gcc/arm-none-eabi/10.3.1/../../../../arm-none-eabi/lib/thumb/v7e-m+fp/hard/crt0.o (exit)
/opt/homebrew/Cellar/arm-none-eabi-gcc/10.3-2021.07/gcc/bin/../lib/gcc/arm-none-eabi/10.3.1/../../../../arm-none-eabi/lib/thumb/v7e-m+fp/hard/libg.a(lib_a-impure.o)
                              /opt/homebrew/Cellar/arm-none-eabi-gcc/10.3-2021.07/gcc/bin/../lib/gcc/arm-none-eabi/10.3.1/../../../../arm-none-eabi/lib/thumb/v7e-m+fp/hard/libg.a(lib_a-exit.o) (_global_impure_ptr)
/opt/homebrew/Cellar/arm-none-eabi-gcc/10.3-2021.07/gcc/bin/../lib/gcc/arm-none-eabi/10.3.1/../../../../arm-none-eabi/lib/thumb/v7e-m+fp/hard/libg.a(lib_a-init.o)
                              /opt/homebrew/Cellar/arm-none-eabi-gcc/10.3-2021.07/gcc/bin/../lib/gcc/arm-none-eabi/10.3.1/../../../../arm-none-eabi/lib/thumb/v7e-m+fp/hard/crt0.o (__libc_init_array)
/opt/homebrew/Cellar/arm-none-eabi-gcc/10.3-2021.07/gcc/bin/../lib/gcc/arm-none-eabi/10.3.1/../../../../arm-none-eabi/lib/thumb/v7e-m+fp/hard/libg.a(lib_a-memcpy.o)
                              CMakeFiles/Mechanical_Arm.elf.dir/Lib/Src/dynamixel2.c.obj (memcpy)
/opt/homebrew/Cellar/arm-none-eabi-gcc/10.3-2021.07/gcc/bin/../lib/gcc/arm-none-eabi/10.3.1/../../../../arm-none-eabi/lib/thumb/v7e-m+fp/hard/libg.a(lib_a-memmove.o)
                              CMakeFiles/Mechanical_Arm.elf.dir/Lib/Src/dynamixel2.c.obj (memmove)
/opt/homebrew/Cellar/arm-none-eabi-gcc/10.3-2021.07/gcc/bin/../lib/gcc/arm-none-eabi/10.3.1/../../../../arm-none-eabi/lib/thumb/v7e-m+fp/hard/libg.a(lib_a-memset.o)
                              /opt/homebrew/Cellar/arm-none-eabi-gcc/10.3-2021.07/gcc/bin/../lib/gcc/arm-none-eabi/10.3.1/../../../../arm-none-eabi/lib/thumb/v7e-m+fp/hard/crt0.o (memset)
/opt/homebrew/Cellar/arm-none-eabi-gcc/10.3-2021.07/gcc/bin/../lib/gcc/arm-none-eabi/10.3.1/../../../../arm-none-eabi/lib/thumb/v7e-m+fp/hard/libg.a(lib_a-vsprintf.o)
[...]
Memory Configuration

Name             Origin             Length             Attributes
RAM              0x0000000020000000 0x0000000000030000 xrw
CCMRAM           0x0000000010000000 0x0000000000010000 xrw
FLASH            0x0000000008000000 0x0000000000200000 xr
*default*        0x0000000000000000 0xffffffffffffffff

Linker script and memory map

LOAD /opt/homebrew/Cellar/arm-none-eabi-gcc/10.3-2021.07/gcc/bin/../lib/gcc/arm-none-eabi/10.3.1/thumb/v7e-m+fp/hard/crti.o
LOAD /opt/homebrew/Cellar/arm-none-eabi-gcc/10.3-2021.07/gcc/bin/../lib/gcc/arm-none-eabi/10.3.1/thumb/v7e-m+fp/hard/crtbegin.o
LOAD /opt/homebrew/Cellar/arm-none-eabi-gcc/10.3-2021.07/gcc/bin/../lib/gcc/arm-none-eabi/10.3.1/../../../../arm-none-eabi/lib/thumb/v7e-m+fp/hard/crt0.o
LOAD CMakeFiles/Mechanical_Arm.elf.dir/Drivers/STM32F4xx_HAL_Driver/Src/stm32f4xx_hal.c.obj
LOAD CMakeFiles/Mechanical_Arm.elf.dir/Drivers/STM32F4xx_HAL_Driver/Src/stm32f4xx_hal_can.c.obj
LOAD CMakeFiles/Mechanical_Arm.elf.dir/Drivers/STM32F4xx_HAL_Driver/Src/stm32f4xx_hal_cortex.c.obj
LOAD CMakeFiles/Mechanical_Arm.elf.dir/Drivers/STM32F4xx_HAL_Driver/Src/stm32f4xx_hal_dma.c.obj
LOAD CMakeFiles/Mechanical_Arm.elf.dir/Drivers/STM32F4xx_HAL_Driver/Src/stm32f4xx_hal_dma_ex.c.obj
LOAD CMakeFiles/Mechanical_Arm.elf.dir/Drivers/STM32F4xx_HAL_Driver/Src/stm32f4xx_hal_exti.c.obj
LOAD CMakeFiles/Mechanical_Arm.elf.dir/Drivers/STM32F4xx_HAL_Driver/Src/stm32f4xx_hal_flash.c.obj
LOAD CMakeFiles/Mechanical_Arm.elf.dir/Drivers/STM32F4xx_HAL_Driver/Src/stm32f4xx_hal_flash_ex.c.obj
LOAD CMakeFiles/Mechanical_Arm.elf.dir/Drivers/STM32F4xx_HAL_Driver/Src/stm32f4xx_hal_flash_ramfunc.c.obj
LOAD CMakeFiles/Mechanical_Arm.elf.dir/Drivers/STM32F4xx_HAL_Driver/Src/stm32f4xx_hal_gpio.c.obj
LOAD CMakeFiles/Mechanical_Arm.elf.dir/Drivers/STM32F4xx_HAL_Driver/Src/stm32f4xx_hal_pwr.c.obj
LOAD CMakeFiles/Mechanical_Arm.elf.dir/Drivers/STM32F4xx_HAL_Driver/Src/stm32f4xx_hal_pwr_ex.c.obj
LOAD CMakeFiles/Mechanical_Arm.elf.dir/Drivers/STM32F4xx_HAL_Driver/Src/stm32f4xx_hal_rcc.c.obj
LOAD CMakeFiles/Mechanical_Arm.elf.dir/Drivers/STM32F4xx_HAL_Driver/Src/stm32f4xx_hal_rcc_ex.c.obj
LOAD CMakeFiles/Mechanical_Arm.elf.dir/Drivers/STM32F4xx_HAL_Driver/Src/stm32f4xx_hal_tim.c.obj
LOAD CMakeFiles/Mechanical_Arm.elf.dir/Drivers/STM32F4xx_HAL_Driver/Src/stm32f4xx_hal_tim_ex.c.obj
LOAD CMakeFiles/Mechanical_Arm.elf.dir/Drivers/STM32F4xx_HAL_Driver/Src/stm32f4xx_hal_uart.c.obj
LOAD CMakeFiles/Mechanical_Arm.elf.dir/Lib/Src/A1_Drive.c.obj
LOAD CMakeFiles/Mechanical_Arm.elf.dir/Lib/Src/CAN_Operation.c.obj
LOAD CMakeFiles/Mechanical_Arm.elf.dir/Lib/Src/Inverse_Mechanical_Calulation.c.obj
LOAD CMakeFiles/Mechanical_Arm.elf.dir/Lib/Src/M6020_PID_Controller.c.obj
LOAD CMakeFiles/Mechanical_Arm.elf.dir/Lib/Src/PID_Controlor.c.obj
LOAD CMakeFiles/Mechanical_Arm.elf.dir/Lib/Src/dynamixel2.c.obj
LOAD CMakeFiles/Mechanical_Arm.elf.dir/Lib/Src/servo.c.obj
LOAD CMakeFiles/Mechanical_Arm.elf.dir/Middlewares/Third_Party/FreeRTOS/Source/CMSIS_RTOS/cmsis_os.c.obj
LOAD CMakeFiles/Mechanical_Arm.elf.dir/Middlewares/Third_Party/FreeRTOS/Source/croutine.c.obj
LOAD CMakeFiles/Mechanical_Arm.elf.dir/Middlewares/Third_Party/FreeRTOS/Source/event_groups.c.obj
LOAD CMakeFiles/Mechanical_Arm.elf.dir/Middlewares/Third_Party/FreeRTOS/Source/list.c.obj
LOAD CMakeFiles/Mechanical_Arm.elf.dir/Middlewares/Third_Party/FreeRTOS/Source/portable/GCC/ARM_CM4F/port.c.obj
LOAD CMakeFiles/Mechanical_Arm.elf.dir/Middlewares/Third_Party/FreeRTOS/Source/portable/MemMang/heap_4.c.obj
LOAD CMakeFiles/Mechanical_Arm.elf.dir/Middlewares/Third_Party/FreeRTOS/Source/queue.c.obj
LOAD CMakeFiles/Mechanical_Arm.elf.dir/Middlewares/Third_Party/FreeRTOS/Source/stream_buffer.c.obj
LOAD CMakeFiles/Mechanical_Arm.elf.dir/Middlewares/Third_Party/FreeRTOS/Source/tasks.c.obj
LOAD CMakeFiles/Mechanical_Arm.elf.dir/Middlewares/Third_Party/FreeRTOS/Source/timers.c.obj
LOAD CMakeFiles/Mechanical_Arm.elf.dir/Src/can.c.obj
LOAD CMakeFiles/Mechanical_Arm.elf.dir/Src/dma.c.obj
LOAD CMakeFiles/Mechanical_Arm.elf.dir/Src/freertos.c.obj
LOAD CMakeFiles/Mechanical_Arm.elf.dir/Src/gpio.c.obj
LOAD CMakeFiles/Mechanical_Arm.elf.dir/Src/main.c.obj
LOAD CMakeFiles/Mechanical_Arm.elf.dir/Src/stm32f4xx_hal_msp.c.obj
LOAD CMakeFiles/Mechanical_Arm.elf.dir/Src/stm32f4xx_it.c.obj
LOAD CMakeFiles/Mechanical_Arm.elf.dir/Src/syscalls.c.obj
LOAD CMakeFiles/Mechanical_Arm.elf.dir/Src/system_stm32f4xx.c.obj
LOAD CMakeFiles/Mechanical_Arm.elf.dir/Src/usart.c.obj
LOAD CMakeFiles/Mechanical_Arm.elf.dir/startup/startup_stm32f427xx.s.obj
START GROUP
LOAD /opt/homebrew/Cellar/arm-none-eabi-gcc/10.3-2021.07/gcc/bin/../lib/gcc/arm-none-eabi/10.3.1/thumb/v7e-m+fp/hard/libgcc.a
LOAD /opt/homebrew/Cellar/arm-none-eabi-gcc/10.3-2021.07/gcc/bin/../lib/gcc/arm-none-eabi/10.3.1/../../../../arm-none-eabi/lib/thumb/v7e-m+fp/hard/libg.a
LOAD /opt/homebrew/Cellar/arm-none-eabi-gcc/10.3-2021.07/gcc/bin/../lib/gcc/arm-none-eabi/10.3.1/../../../../arm-none-eabi/lib/thumb/v7e-m+fp/hard/libc.a
END GROUP
LOAD /opt/homebrew/Cellar/arm-none-eabi-gcc/10.3-2021.07/gcc/bin/../lib/gcc/arm-none-eabi/10.3.1/thumb/v7e-m+fp/hard/crtend.o
LOAD /opt/homebrew/Cellar/arm-none-eabi-gcc/10.3-2021.07/gcc/bin/../lib/gcc/arm-none-eabi/10.3.1/thumb/v7e-m+fp/hard/crtn.o
                0x0000000020030000                _estack = 0x20030000
                0x0000000000000200                _Min_Heap_Size = 0x200
                0x0000000000000400                _Min_Stack_Size = 0x400

.isr_vector     0x0000000008000000      0x1ac
                0x0000000008000000                . = ALIGN (0x4)
 *(.isr_vector)
 .isr_vector    0x0000000008000000      0x1ac CMakeFiles/Mechanical_Arm.elf.dir/startup/startup_stm32f427xx.s.obj
                0x0000000008000000                g_pfnVectors
                0x00000000080001ac                . = ALIGN (0x4)

.text           0x00000000080001b0     0x4fc8
                0x00000000080001b0                . = ALIGN (0x4)
 *(.text)
 .text          0x00000000080001b0       0x40 /opt/homebrew/Cellar/arm-none-eabi-gcc/10.3-2021.07/gcc/bin/../lib/gcc/arm-none-eabi/10.3.1/thumb/v7e-m+fp/hard/crtbegin.o
 .text          0x00000000080001f0      0x378 /opt/homebrew/Cellar/arm-none-eabi-gcc/10.3-2021.07/gcc/bin/../lib/gcc/arm-none-eabi/10.3.1/thumb/v7e-m+fp/hard/libgcc.a(_arm_addsubdf3.o)
                0x00000000080001f0                __aeabi_drsub
                0x00000000080001f8                __subdf3
                0x00000000080001f8                __aeabi_dsub
                0x00000000080001fc                __aeabi_dadd
                0x00000000080001fc                __adddf3
                0x0000000008000474                __aeabi_ui2d
                0x0000000008000474                __floatunsidf
                0x0000000008000494                __floatsidf
                0x0000000008000494                __aeabi_i2d
                0x00000000080004b8                __extendsfdf2
                0x00000000080004b8                __aeabi_f2d
                0x00000000080004fc                __aeabi_ul2d
                0x00000000080004fc                __floatundidf
                0x000000000800050c                __aeabi_l2d
                0x000000000800050c                __floatdidf
 .text          0x0000000008000568      0x424 /opt/homebrew/Cellar/arm-none-eabi-gcc/10.3-2021.07/gcc/bin/../lib/gcc/arm-none-eabi/10.3.1/thumb/v7e-m+fp/hard/libgcc.a(_arm_muldivdf3.o)
                0x0000000008000568                __aeabi_dmul
                0x0000000008000568                __muldf3
                0x00000000080007bc                __aeabi_ddiv
                0x00000000080007bc                __divdf3
 .text          0x000000000800098c       0x40 /opt/homebrew/Cellar/arm-none-eabi-gcc/10.3-2021.07/gcc/bin/../lib/gcc/arm-none-eabi/10.3.1/thumb/v7e-m+fp/hard/libgcc.a(_arm_fixunsdfsi.o)
                0x000000000800098c                __fixunsdfsi
                0x000000000800098c                __aeabi_d2uiz
 .text          0x00000000080009cc       0xa0 /opt/homebrew/Cellar/arm-none-eabi-gcc/10.3-2021.07/gcc/bin/../lib/gcc/arm-none-eabi/10.3.1/thumb/v7e-m+fp/hard/libgcc.a(_arm_truncdfsf2.o)
                0x00000000080009cc                __aeabi_d2f
                0x00000000080009cc                __truncdfsf2
 .text          0x0000000008000a6c       0x30 /opt/homebrew/Cellar/arm-none-eabi-gcc/10.3-2021.07/gcc/bin/../lib/gcc/arm-none-eabi/10.3.1/thumb/v7e-m+fp/hard/libgcc.a(_aeabi_uldivmod.o)
                0x0000000008000a6c                __aeabi_uldivmod
 .text          0x0000000008000a9c      0x2d0 /opt/homebrew/Cellar/arm-none-eabi-gcc/10.3-2021.07/gcc/bin/../lib/gcc/arm-none-eabi/10.3.1/thumb/v7e-m+fp/hard/libgcc.a(_udivmoddi4.o)
                0x0000000008000a9c                __udivmoddi4
 .text          0x0000000008000d6c        0x4 /opt/homebrew/Cellar/arm-none-eabi-gcc/10.3-2021.07/gcc/bin/../lib/gcc/arm-none-eabi/10.3.1/thumb/v7e-m+fp/hard/libgcc.a(_dvmd_tls.o)
                0x0000000008000d6c                __aeabi_ldiv0
                0x0000000008000d6c                __aeabi_idiv0
 .text          0x0000000008000d70      0x134 /opt/homebrew/Cellar/arm-none-eabi-gcc/10.3-2021.07/gcc/bin/../lib/gcc/arm-none-eabi/10.3.1/../../../../arm-none-eabi/lib/thumb/v7e-m+fp/hard/libg.a(lib_a-memcpy.o)
                0x0000000008000d70                memcpy
 .text          0x0000000008000ea4      0x110 /opt/homebrew/Cellar/arm-none-eabi-gcc/10.3-2021.07/gcc/bin/../lib/gcc/arm-none-eabi/10.3.1/thumb/v7e-m+fp/hard/libgcc.a(_arm_cmpdf2.o)
                0x0000000008000ea4                __gedf2
                0x0000000008000ea4                __gtdf2
                0x0000000008000eac                __ledf2
                0x0000000008000eac                __ltdf2
                0x0000000008000eb4                __cmpdf2
                0x0000000008000eb4                __eqdf2
                0x0000000008000eb4                __nedf2
                0x0000000008000f30                __aeabi_cdrcmple
                0x0000000008000f40                __aeabi_cdcmple
                0x0000000008000f40                __aeabi_cdcmpeq
                0x0000000008000f50                __aeabi_dcmpeq
                0x0000000008000f64                __aeabi_dcmplt
                0x0000000008000f78                __aeabi_dcmple
                0x0000000008000f8c                __aeabi_dcmpge
                0x0000000008000fa0                __aeabi_dcmpgt
 .text          0x0000000008000fb4       0x2c /opt/homebrew/Cellar/arm-none-eabi-gcc/10.3-2021.07/gcc/bin/../lib/gcc/arm-none-eabi/10.3.1/thumb/v7e-m+fp/hard/libgcc.a(_arm_unorddf2.o)
                0x0000000008000fb4                __aeabi_dcmpun
                0x0000000008000fb4                __unorddf2
 *(.text*)
 .text.HAL_InitTick
                0x0000000008000fe0       0x4c CMakeFiles/Mechanical_Arm.elf.dir/Drivers/STM32F4xx_HAL_Driver/Src/stm32f4xx_hal.c.obj
                0x0000000008000fe0                HAL_InitTick
 .text.HAL_Init
                0x000000000800102c       0x34 CMakeFiles/Mechanical_Arm.elf.dir/Drivers/STM32F4xx_HAL_Driver/Src/stm32f4xx_hal.c.obj
                0x000000000800102c                HAL_Init
 .text.HAL_IncTick
                0x0000000008001060       0x18 CMakeFiles/Mechanical_Arm.elf.dir/Drivers/STM32F4xx_HAL_Driver/Src/stm32f4xx_hal.c.obj
                0x0000000008001060                HAL_IncTick
 .text.HAL_GetTick
                0x0000000008001078        0xc CMakeFiles/Mechanical_Arm.elf.dir/Drivers/STM32F4xx_HAL_Driver/Src/stm32f4xx_hal.c.obj
                0x0000000008001078                HAL_GetTick
 .text.HAL_Delay
                0x0000000008001084       0x28 CMakeFiles/Mechanical_Arm.elf.dir/Drivers/STM32F4xx_HAL_Driver/Src/stm32f4xx_hal.c.obj
                0x0000000008001084                HAL_Delay
 .text.HAL_CAN_Init
                0x00000000080010ac      0x14c CMakeFiles/Mechanical_Arm.elf.dir/Drivers/STM32F4xx_HAL_Driver/Src/stm32f4xx_hal_can.c.obj
                0x00000000080010ac                HAL_CAN_Init
 .text.HAL_CAN_ConfigFilter
                0x00000000080011f8      0x138 CMakeFiles/Mechanical_Arm.elf.dir/Drivers/STM32F4xx_HAL_Driver/Src/stm32f4xx_hal_can.c.obj
                0x00000000080011f8                HAL_CAN_ConfigFilter
 .text.HAL_CAN_Start
                0x0000000008001330       0x5c CMakeFiles/Mechanical_Arm.elf.dir/Drivers/STM32F4xx_HAL_Driver/Src/stm32f4xx_hal_can.c.obj
                0x0000000008001330                HAL_CAN_Start
 .text.HAL_CAN_AddTxMessage
                0x000000000800138c       0xfc CMakeFiles/Mechanical_Arm.elf.dir/Drivers/STM32F4xx_HAL_Driver/Src/stm32f4xx_hal_can.c.obj
                0x000000000800138c                HAL_CAN_AddTxMessage
 .text.HAL_CAN_GetRxMessage
                0x0000000008001488      0x14a CMakeFiles/Mechanical_Arm.elf.dir/Drivers/STM32F4xx_HAL_Driver/Src/stm32f4xx_hal_can.c.obj
                0x0000000008001488                HAL_CAN_GetRxMessage
 .text.HAL_CAN_ActivateNotification
                0x00000000080015d2       0x24 CMakeFiles/Mechanical_Arm.elf.dir/Drivers/STM32F4xx_HAL_Driver/Src/stm32f4xx_hal_can.c.obj
                0x00000000080015d2                HAL_CAN_ActivateNotification
 .text.HAL_CAN_TxMailbox0CompleteCallback
                0x00000000080015f6        0x2 CMakeFiles/Mechanical_Arm.elf.dir/Drivers/STM32F4xx_HAL_Driver/Src/stm32f4xx_hal_can.c.obj
                0x00000000080015f6                HAL_CAN_TxMailbox0CompleteCallback
 .text.HAL_CAN_TxMailbox1CompleteCallback
                0x00000000080015f8        0x2 CMakeFiles/Mechanical_Arm.elf.dir/Drivers/STM32F4xx_HAL_Driver/Src/stm32f4xx_hal_can.c.obj
                0x00000000080015f8                HAL_CAN_TxMailbox1CompleteCallback
 .text.HAL_CAN_TxMailbox2CompleteCallback
                0x00000000080015fa        0x2 CMakeFiles/Mechanical_Arm.elf.dir/Drivers/STM32F4xx_HAL_Driver/Src/stm32f4xx_hal_can.c.obj
                0x00000000080015fa                HAL_CAN_TxMailbox2CompleteCallback
 .text.HAL_CAN_TxMailbox0AbortCallback
                0x00000000080015fc        0x2 CMakeFiles/Mechanical_Arm.elf.dir/Drivers/STM32F4xx_HAL_Driver/Src/stm32f4xx_hal_can.c.obj
                0x00000000080015fc                HAL_CAN_TxMailbox0AbortCallback
 .text.HAL_CAN_TxMailbox1AbortCallback
                0x00000000080015fe        0x2 CMakeFiles/Mechanical_Arm.elf.dir/Drivers/STM32F4xx_HAL_Driver/Src/stm32f4xx_hal_can.c.obj
                0x00000000080015fe                HAL_CAN_TxMailbox1AbortCallback
 .text.HAL_CAN_TxMailbox2AbortCallback
                0x0000000008001600        0x2 CMakeFiles/Mechanical_Arm.elf.dir/Drivers/STM32F4xx_HAL_Driver/Src/stm32f4xx_hal_can.c.obj
                0x0000000008001600                HAL_CAN_TxMailbox2AbortCallback
 .text.HAL_CAN_RxFifo0FullCallback
                0x0000000008001602        0x2 CMakeFiles/Mechanical_Arm.elf.dir/Drivers/STM32F4xx_HAL_Driver/Src/stm32f4xx_hal_can.c.obj
                0x0000000008001602                HAL_CAN_RxFifo0FullCallback
 .text.HAL_CAN_RxFifo1MsgPendingCallback
                0x0000000008001604        0x2 CMakeFiles/Mechanical_Arm.elf.dir/Drivers/STM32F4xx_HAL_Driver/Src/stm32f4xx_hal_can.c.obj
                0x0000000008001604                HAL_CAN_RxFifo1MsgPendingCallback
 .text.HAL_CAN_RxFifo1FullCallback
                0x0000000008001606        0x2 CMakeFiles/Mechanical_Arm.elf.dir/Drivers/STM32F4xx_HAL_Driver/Src/stm32f4xx_hal_can.c.obj
                0x0000000008001606                HAL_CAN_RxFifo1FullCallback
 .text.HAL_CAN_SleepCallback
                0x0000000008001608        0x2 CMakeFiles/Mechanical_Arm.elf.dir/Drivers/STM32F4xx_HAL_Driver/Src/stm32f4xx_hal_can.c.obj
                0x0000000008001608                HAL_CAN_SleepCallback
 .text.HAL_CAN_WakeUpFromRxMsgCallback
                0x000000000800160a        0x2 CMakeFiles/Mechanical_Arm.elf.dir/Drivers/STM32F4xx_HAL_Driver/Src/stm32f4xx_hal_can.c.obj
                0x000000000800160a                HAL_CAN_WakeUpFromRxMsgCallback
 .text.HAL_CAN_ErrorCallback
                0x000000000800160c        0x2 CMakeFiles/Mechanical_Arm.elf.dir/Drivers/STM32F4xx_HAL_Driver/Src/stm32f4xx_hal_can.c.obj
                0x000000000800160c                HAL_CAN_ErrorCallback
 .text.HAL_CAN_IRQHandler
                0x000000000800160e      0x24a CMakeFiles/Mechanical_Arm.elf.dir/Drivers/STM32F4xx_HAL_Driver/Src/stm32f4xx_hal_can.c.obj
                0x000000000800160e                HAL_CAN_IRQHandler
 .text.HAL_NVIC_SetPriorityGrouping
                0x0000000008001858       0x24 CMakeFiles/Mechanical_Arm.elf.dir/Drivers/STM32F4xx_HAL_Driver/Src/stm32f4xx_hal_cortex.c.obj
                0x0000000008001858                HAL_NVIC_SetPriorityGrouping
 .text.HAL_NVIC_SetPriority
                0x000000000800187c       0x70 CMakeFiles/Mechanical_Arm.elf.dir/Drivers/STM32F4xx_HAL_Driver/Src/stm32f4xx_hal_cortex.c.obj
                0x000000000800187c                HAL_NVIC_SetPriority
 .text.HAL_NVIC_EnableIRQ
                0x00000000080018ec       0x1c CMakeFiles/Mechanical_Arm.elf.dir/Drivers/STM32F4xx_HAL_Driver/Src/stm32f4xx_hal_cortex.c.obj
                0x00000000080018ec                HAL_NVIC_EnableIRQ
 .text.HAL_SYSTICK_Config
                0x0000000008001908       0x28 CMakeFiles/Mechanical_Arm.elf.dir/Drivers/STM32F4xx_HAL_Driver/Src/stm32f4xx_hal_cortex.c.obj
                0x0000000008001908                HAL_SYSTICK_Config
 .text.DMA_CalcBaseAndBitshift
                0x0000000008001930       0x44 CMakeFiles/Mechanical_Arm.elf.dir/Drivers/STM32F4xx_HAL_Driver/Src/stm32f4xx_hal_dma.c.obj
 .text.DMA_CheckFifoParam
                0x0000000008001974       0x8e CMakeFiles/Mechanical_Arm.elf.dir/Drivers/STM32F4xx_HAL_Driver/Src/stm32f4xx_hal_dma.c.obj
 *fill*         0x0000000008001a02        0x2 
 .text.HAL_DMA_Init
                0x0000000008001a04       0xcc CMakeFiles/Mechanical_Arm.elf.dir/Drivers/STM32F4xx_HAL_Driver/Src/stm32f4xx_hal_dma.c.obj
                0x0000000008001a04                HAL_DMA_Init
 .text.HAL_DMA_IRQHandler
                0x0000000008001ad0      0x1dc CMakeFiles/Mechanical_Arm.elf.dir/Drivers/STM32F4xx_HAL_Driver/Src/stm32f4xx_hal_dma.c.obj
                0x0000000008001ad0                HAL_DMA_IRQHandler
 .text.HAL_GPIO_Init
                0x0000000008001cac      0x1fc CMakeFiles/Mechanical_Arm.elf.dir/Drivers/STM32F4xx_HAL_Driver/Src/stm32f4xx_hal_gpio.c.obj
                0x0000000008001cac                HAL_GPIO_Init
 .text.HAL_GPIO_WritePin
                0x0000000008001ea8        0xc CMakeFiles/Mechanical_Arm.elf.dir/Drivers/STM32F4xx_HAL_Driver/Src/stm32f4xx_hal_gpio.c.obj
                0x0000000008001ea8                HAL_GPIO_WritePin
 .text.HAL_RCC_OscConfig
                0x0000000008001eb4      0x3f8 CMakeFiles/Mechanical_Arm.elf.dir/Drivers/STM32F4xx_HAL_Driver/Src/stm32f4xx_hal_rcc.c.obj
                0x0000000008001eb4                HAL_RCC_OscConfig
 .text.HAL_RCC_GetSysClockFreq
                0x00000000080022ac       0xa4 CMakeFiles/Mechanical_Arm.elf.dir/Drivers/STM32F4xx_HAL_Driver/Src/stm32f4xx_hal_rcc.c.obj
                0x00000000080022ac                HAL_RCC_GetSysClockFreq
 .text.HAL_RCC_ClockConfig
                0x0000000008002350      0x160 CMakeFiles/Mechanical_Arm.elf.dir/Drivers/STM32F4xx_HAL_Driver/Src/stm32f4xx_hal_rcc.c.obj
                0x0000000008002350                HAL_RCC_ClockConfig
 .text.HAL_RCC_GetHCLKFreq
                0x00000000080024b0        0xc CMakeFiles/Mechanical_Arm.elf.dir/Drivers/STM32F4xx_HAL_Driver/Src/stm32f4xx_hal_rcc.c.obj
                0x00000000080024b0                HAL_RCC_GetHCLKFreq
 .text.HAL_RCC_GetPCLK1Freq
                0x00000000080024bc       0x20 CMakeFiles/Mechanical_Arm.elf.dir/Drivers/STM32F4xx_HAL_Driver/Src/stm32f4xx_hal_rcc.c.obj
                0x00000000080024bc                HAL_RCC_GetPCLK1Freq
 .text.HAL_RCC_GetPCLK2Freq
                0x00000000080024dc       0x20 CMakeFiles/Mechanical_Arm.elf.dir/Drivers/STM32F4xx_HAL_Driver/Src/stm32f4xx_hal_rcc.c.obj
                0x00000000080024dc                HAL_RCC_GetPCLK2Freq
 .text.UART_SetConfig
                0x00000000080024fc      0x110 CMakeFiles/Mechanical_Arm.elf.dir/Drivers/STM32F4xx_HAL_Driver/Src/stm32f4xx_hal_uart.c.obj
 .text.UART_WaitOnFlagUntilTimeout
                0x000000000800260c       0x88 CMakeFiles/Mechanical_Arm.elf.dir/Drivers/STM32F4xx_HAL_Driver/Src/stm32f4xx_hal_uart.c.obj
 .text.HAL_UART_Init
                0x0000000008002694       0x5e CMakeFiles/Mechanical_Arm.elf.dir/Drivers/STM32F4xx_HAL_Driver/Src/stm32f4xx_hal_uart.c.obj
                0x0000000008002694                HAL_UART_Init
 .text.HAL_HalfDuplex_Init
                0x00000000080026f2       0x6a CMakeFiles/Mechanical_Arm.elf.dir/Drivers/STM32F4xx_HAL_Driver/Src/stm32f4xx_hal_uart.c.obj
                0x00000000080026f2                HAL_HalfDuplex_Init
 .text.HAL_UART_Transmit
                0x000000000800275c       0xd8 CMakeFiles/Mechanical_Arm.elf.dir/Drivers/STM32F4xx_HAL_Driver/Src/stm32f4xx_hal_uart.c.obj
                0x000000000800275c                HAL_UART_Transmit
 .text.HAL_HalfDuplex_EnableTransmitter
                0x0000000008002834       0x36 CMakeFiles/Mechanical_Arm.elf.dir/Drivers/STM32F4xx_HAL_Driver/Src/stm32f4xx_hal_uart.c.obj
                0x0000000008002834                HAL_HalfDuplex_EnableTransmitter
 .text.HAL_HalfDuplex_EnableReceiver
                0x000000000800286a       0x36 CMakeFiles/Mechanical_Arm.elf.dir/Drivers/STM32F4xx_HAL_Driver/Src/stm32f4xx_hal_uart.c.obj
                0x000000000800286a                HAL_HalfDuplex_EnableReceiver
 .text.Usart6_TX_DMA_Init
                0x00000000080028a0       0x14 CMakeFiles/Mechanical_Arm.elf.dir/Lib/Src/A1_Drive.c.obj
                0x00000000080028a0                Usart6_TX_DMA_Init
 .text.usart6_tx_dma_enable
                0x00000000080028b4       0xf0 CMakeFiles/Mechanical_Arm.elf.dir/Lib/Src/A1_Drive.c.obj
                0x00000000080028b4                usart6_tx_dma_enable
 .text.crc32_core
                0x00000000080029a4       0x58 CMakeFiles/Mechanical_Arm.elf.dir/Lib/Src/A1_Drive.c.obj
                0x00000000080029a4                crc32_core
 .text.Control_Message_Send
                0x00000000080029fc       0x6c CMakeFiles/Mechanical_Arm.elf.dir/Lib/Src/A1_Drive.c.obj
                0x00000000080029fc                Control_Message_Send
 .text.Mode_Control
                0x0000000008002a68       0x14 CMakeFiles/Mechanical_Arm.elf.dir/Lib/Src/A1_Drive.c.obj
                0x0000000008002a68                Mode_Control
 .text.A1_Motor_Multiple_Control
                0x0000000008002a7c       0xa0 CMakeFiles/Mechanical_Arm.elf.dir/Lib/Src/A1_Drive.c.obj
                0x0000000008002a7c                A1_Motor_Multiple_Control
 .text.A1_Motor_Position_Control
                0x0000000008002b1c       0x58 CMakeFiles/Mechanical_Arm.elf.dir/Lib/Src/A1_Drive.c.obj
                0x0000000008002b1c                A1_Motor_Position_Control
 .text.USART6_Receive_init
                0x0000000008002b74       0x68 CMakeFiles/Mechanical_Arm.elf.dir/Lib/Src/A1_Drive.c.obj
                0x0000000008002b74                USART6_Receive_init
 .text.USART6_Rx_Init
                0x0000000008002bdc       0x14 CMakeFiles/Mechanical_Arm.elf.dir/Lib/Src/A1_Drive.c.obj
                0x0000000008002bdc                USART6_Rx_Init
 .text.Received_Data_Dealer
                0x0000000008002bf0       0xd8 CMakeFiles/Mechanical_Arm.elf.dir/Lib/Src/A1_Drive.c.obj
                0x0000000008002bf0                Received_Data_Dealer
 .text.USART6_IRQHandler
                0x0000000008002cc8       0xdc CMakeFiles/Mechanical_Arm.elf.dir/Lib/Src/A1_Drive.c.obj
                0x0000000008002cc8                USART6_IRQHandler
 .text.CAN_CMD_Current
                0x0000000008002da4       0x54 CMakeFiles/Mechanical_Arm.elf.dir/Lib/Src/CAN_Operation.c.obj
                0x0000000008002da4                CAN_CMD_Current
 .text.CAN_CMD_Voltage
                0x0000000008002df8       0x4c CMakeFiles/Mechanical_Arm.elf.dir/Lib/Src/CAN_Operation.c.obj
                0x0000000008002df8                CAN_CMD_Voltage
 .text.CAN_Transmit_Message
                0x0000000008002e44       0x50 CMakeFiles/Mechanical_Arm.elf.dir/Lib/Src/CAN_Operation.c.obj
                0x0000000008002e44                CAN_Transmit_Message
 .text.CAN1_Filter_Init
                0x0000000008002e94       0x58 CMakeFiles/Mechanical_Arm.elf.dir/Lib/Src/CAN_Operation.c.obj
                0x0000000008002e94                CAN1_Filter_Init
 .text.CAN2_Filter_Init
                0x0000000008002eec       0x58 CMakeFiles/Mechanical_Arm.elf.dir/Lib/Src/CAN_Operation.c.obj
                0x0000000008002eec                CAN2_Filter_Init
 .text.HAL_CAN_RxFifo0MsgPendingCallback
                0x0000000008002f44       0xcc CMakeFiles/Mechanical_Arm.elf.dir/Lib/Src/CAN_Operation.c.obj
                0x0000000008002f44                HAL_CAN_RxFifo0MsgPendingCallback
 .text.Inverse_Theta_Calculation
                0x0000000008003010      0x2c4 CMakeFiles/Mechanical_Arm.elf.dir/Lib/Src/Inverse_Mechanical_Calulation.c.obj
                0x0000000008003010                Inverse_Theta_Calculation
 *fill*         0x00000000080032d4        0x4 
 .text.Arm_Move
                0x00000000080032d8      0x124 CMakeFiles/Mechanical_Arm.elf.dir/Lib/Src/Inverse_Mechanical_Calulation.c.obj
                0x00000000080032d8                Arm_Move
 .text.M6020_Speed_Control_Init
                0x00000000080033fc       0x40 CMakeFiles/Mechanical_Arm.elf.dir/Lib/Src/M6020_PID_Controller.c.obj
                0x00000000080033fc                M6020_Speed_Control_Init
 .text.M6020_Position_Control_Init
                0x000000000800343c       0x3c CMakeFiles/Mechanical_Arm.elf.dir/Lib/Src/M6020_PID_Controller.c.obj
                0x000000000800343c                M6020_Position_Control_Init
 .text.PID_Speed_Calculate
                0x0000000008003478      0x110 CMakeFiles/Mechanical_Arm.elf.dir/Lib/Src/M6020_PID_Controller.c.obj
                0x0000000008003478                PID_Speed_Calculate
 .text.Voltage_Speed_Control
                0x0000000008003588       0x6c CMakeFiles/Mechanical_Arm.elf.dir/Lib/Src/M6020_PID_Controller.c.obj
                0x0000000008003588                Voltage_Speed_Control
 .text.M6020_Control_Init
                0x00000000080035f4       0x1c CMakeFiles/Mechanical_Arm.elf.dir/Lib/Src/M6020_PID_Controller.c.obj
                0x00000000080035f4                M6020_Control_Init
 .text.PID_Position_Calculate
                0x0000000008003610      0x110 CMakeFiles/Mechanical_Arm.elf.dir/Lib/Src/M6020_PID_Controller.c.obj
                0x0000000008003610                PID_Position_Calculate
 .text.Voltage_Position_Control
                0x0000000008003720       0x60 CMakeFiles/Mechanical_Arm.elf.dir/Lib/Src/M6020_PID_Controller.c.obj
                0x0000000008003720                Voltage_Position_Control
 .text.M3508_Speed_Control_Init
                0x0000000008003780       0x40 CMakeFiles/Mechanical_Arm.elf.dir/Lib/Src/PID_Controlor.c.obj
                0x0000000008003780                M3508_Speed_Control_Init
 .text.M3508_Position_Control_Init
                0x00000000080037c0       0x3c CMakeFiles/Mechanical_Arm.elf.dir/Lib/Src/PID_Controlor.c.obj
                0x00000000080037c0                M3508_Position_Control_Init
 .text.Speed_PID_Calculate
                0x00000000080037fc      0x110 CMakeFiles/Mechanical_Arm.elf.dir/Lib/Src/PID_Controlor.c.obj
                0x00000000080037fc                Speed_PID_Calculate
 .text.Base_Speed_Calculation
                0x000000000800390c       0x74 CMakeFiles/Mechanical_Arm.elf.dir/Lib/Src/PID_Controlor.c.obj
                0x000000000800390c                Base_Speed_Calculation
 .text.Tuner_Control_Init
                0x0000000008003980       0x14 CMakeFiles/Mechanical_Arm.elf.dir/Lib/Src/PID_Controlor.c.obj
                0x0000000008003980                Tuner_Control_Init
 .text.update_crc
                0x0000000008003994       0x48 CMakeFiles/Mechanical_Arm.elf.dir/Lib/Src/dynamixel2.c.obj
                0x0000000008003994                update_crc
 .text.dxl_add_stuffing
                0x00000000080039dc       0xec CMakeFiles/Mechanical_Arm.elf.dir/Lib/Src/dynamixel2.c.obj
                0x00000000080039dc                dxl_add_stuffing
 .text.dxl2_tx_packet
                0x0000000008003ac8       0x68 CMakeFiles/Mechanical_Arm.elf.dir/Lib/Src/dynamixel2.c.obj
                0x0000000008003ac8                dxl2_tx_packet
 .text.dxl2_write_byte
                0x0000000008003b30       0x20 CMakeFiles/Mechanical_Arm.elf.dir/Lib/Src/dynamixel2.c.obj
                0x0000000008003b30                dxl2_write_byte
 .text.dxl2_write_dword
                0x0000000008003b50       0x30 CMakeFiles/Mechanical_Arm.elf.dir/Lib/Src/dynamixel2.c.obj
                0x0000000008003b50                dxl2_write_dword
 .text.Servo_Torque
                0x0000000008003b80       0x2e CMakeFiles/Mechanical_Arm.elf.dir/Lib/Src/servo.c.obj
                0x0000000008003b80                Servo_Torque
 .text.Servo_Goal_Position
                0x0000000008003bae       0x16 CMakeFiles/Mechanical_Arm.elf.dir/Lib/Src/servo.c.obj
                0x0000000008003bae                Servo_Goal_Position
 .text.vListInsertEnd
                0x0000000008003bc4       0x16 CMakeFiles/Mechanical_Arm.elf.dir/Middlewares/Third_Party/FreeRTOS/Source/list.c.obj
                0x0000000008003bc4                vListInsertEnd
 .text.uxListRemove
                0x0000000008003bda       0x26 CMakeFiles/Mechanical_Arm.elf.dir/Middlewares/Third_Party/FreeRTOS/Source/list.c.obj
                0x0000000008003bda                uxListRemove
 .text.SVC_Handler
                0x0000000008003c00       0x24 CMakeFiles/Mechanical_Arm.elf.dir/Middlewares/Third_Party/FreeRTOS/Source/portable/GCC/ARM_CM4F/port.c.obj
                0x0000000008003c00                SVC_Handler
 *fill*         0x0000000008003c24        0xc 
 .text.PendSV_Handler
                0x0000000008003c30       0x64 CMakeFiles/Mechanical_Arm.elf.dir/Middlewares/Third_Party/FreeRTOS/Source/portable/GCC/ARM_CM4F/port.c.obj
                0x0000000008003c30                PendSV_Handler
 .text.xPortSysTickHandler
                0x0000000008003c94       0x2c CMakeFiles/Mechanical_Arm.elf.dir/Middlewares/Third_Party/FreeRTOS/Source/portable/GCC/ARM_CM4F/port.c.obj
                0x0000000008003c94                xPortSysTickHandler
 .text.prvResetNextTaskUnblockTime
                0x0000000008003cc0       0x2c CMakeFiles/Mechanical_Arm.elf.dir/Middlewares/Third_Party/FreeRTOS/Source/tasks.c.obj
 .text.xTaskIncrementTick
                0x0000000008003cec      0x118 CMakeFiles/Mechanical_Arm.elf.dir/Middlewares/Third_Party/FreeRTOS/Source/tasks.c.obj
                0x0000000008003cec                xTaskIncrementTick
 .text.vTaskSwitchContext
                0x0000000008003e04       0x98 CMakeFiles/Mechanical_Arm.elf.dir/Middlewares/Third_Party/FreeRTOS/Source/tasks.c.obj
                0x0000000008003e04                vTaskSwitchContext
 .text.xTaskGetSchedulerState
                0x0000000008003e9c       0x20 CMakeFiles/Mechanical_Arm.elf.dir/Middlewares/Third_Party/FreeRTOS/Source/tasks.c.obj
                0x0000000008003e9c                xTaskGetSchedulerState
 .text.MX_CAN1_Init
                0x0000000008003ebc       0x3c CMakeFiles/Mechanical_Arm.elf.dir/Src/can.c.obj
                0x0000000008003ebc                MX_CAN1_Init
 .text.MX_CAN2_Init
                0x0000000008003ef8       0x3c CMakeFiles/Mechanical_Arm.elf.dir/Src/can.c.obj
                0x0000000008003ef8                MX_CAN2_Init
 .text.HAL_CAN_MspInit
                0x0000000008003f34      0x124 CMakeFiles/Mechanical_Arm.elf.dir/Src/can.c.obj
                0x0000000008003f34                HAL_CAN_MspInit
 .text.MX_DMA_Init
                0x0000000008004058       0x44 CMakeFiles/Mechanical_Arm.elf.dir/Src/dma.c.obj
                0x0000000008004058                MX_DMA_Init
 .text.MX_GPIO_Init
                0x000000000800409c       0xdc CMakeFiles/Mechanical_Arm.elf.dir/Src/gpio.c.obj
                0x000000000800409c                MX_GPIO_Init
 .text.CAN_Recieved_Data_Dealer
                0x0000000008004178      0x190 CMakeFiles/Mechanical_Arm.elf.dir/Src/main.c.obj
                0x0000000008004178                CAN_Recieved_Data_Dealer
 .text.Error_Handler
                0x0000000008004308        0x4 CMakeFiles/Mechanical_Arm.elf.dir/Src/main.c.obj
                0x0000000008004308                Error_Handler
 .text.SystemClock_Config
                0x000000000800430c       0xa8 CMakeFiles/Mechanical_Arm.elf.dir/Src/main.c.obj
                0x000000000800430c                SystemClock_Config
 .text.main     0x00000000080043b4      0x1c8 CMakeFiles/Mechanical_Arm.elf.dir/Src/main.c.obj
                0x00000000080043b4                main
 .text.HAL_MspInit
                0x000000000800457c       0x44 CMakeFiles/Mechanical_Arm.elf.dir/Src/stm32f4xx_hal_msp.c.obj
                0x000000000800457c                HAL_MspInit
 .text.NMI_Handler
                0x00000000080045c0        0x2 CMakeFiles/Mechanical_Arm.elf.dir/Src/stm32f4xx_it.c.obj
                0x00000000080045c0                NMI_Handler
 .text.HardFault_Handler
                0x00000000080045c2        0x2 CMakeFiles/Mechanical_Arm.elf.dir/Src/stm32f4xx_it.c.obj
                0x00000000080045c2                HardFault_Handler
 .text.MemManage_Handler
                0x00000000080045c4        0x2 CMakeFiles/Mechanical_Arm.elf.dir/Src/stm32f4xx_it.c.obj
                0x00000000080045c4                MemManage_Handler
 .text.BusFault_Handler
                0x00000000080045c6        0x2 CMakeFiles/Mechanical_Arm.elf.dir/Src/stm32f4xx_it.c.obj
                0x00000000080045c6                BusFault_Handler
 .text.UsageFault_Handler
                0x00000000080045c8        0x2 CMakeFiles/Mechanical_Arm.elf.dir/Src/stm32f4xx_it.c.obj
                0x00000000080045c8                UsageFault_Handler
 .text.DebugMon_Handler
                0x00000000080045ca        0x2 CMakeFiles/Mechanical_Arm.elf.dir/Src/stm32f4xx_it.c.obj
                0x00000000080045ca                DebugMon_Handler
 .text.SysTick_Handler
                0x00000000080045cc       0x16 CMakeFiles/Mechanical_Arm.elf.dir/Src/stm32f4xx_it.c.obj
                0x00000000080045cc                SysTick_Handler
 *fill*         0x00000000080045e2        0x2 
 .text.CAN1_RX0_IRQHandler
                0x00000000080045e4       0x10 CMakeFiles/Mechanical_Arm.elf.dir/Src/stm32f4xx_it.c.obj
                0x00000000080045e4                CAN1_RX0_IRQHandler
 .text.DMA2_Stream2_IRQHandler
                0x00000000080045f4       0x10 CMakeFiles/Mechanical_Arm.elf.dir/Src/stm32f4xx_it.c.obj
                0x00000000080045f4                DMA2_Stream2_IRQHandler
 .text.CAN2_RX0_IRQHandler
                0x0000000008004604       0x10 CMakeFiles/Mechanical_Arm.elf.dir/Src/stm32f4xx_it.c.obj
                0x0000000008004604                CAN2_RX0_IRQHandler
 .text.DMA2_Stream7_IRQHandler
                0x0000000008004614       0x10 CMakeFiles/Mechanical_Arm.elf.dir/Src/stm32f4xx_it.c.obj
                0x0000000008004614                DMA2_Stream7_IRQHandler
 .text.SystemInit
                0x0000000008004624       0x14 CMakeFiles/Mechanical_Arm.elf.dir/Src/system_stm32f4xx.c.obj
                0x0000000008004624                SystemInit
 .text.MX_UART8_Init
                0x0000000008004638       0x34 CMakeFiles/Mechanical_Arm.elf.dir/Src/usart.c.obj
                0x0000000008004638                MX_UART8_Init
 .text.MX_USART6_UART_Init
                0x000000000800466c       0x3c CMakeFiles/Mechanical_Arm.elf.dir/Src/usart.c.obj
                0x000000000800466c                MX_USART6_UART_Init
 .text.HAL_UART_MspInit
                0x00000000080046a8      0x15c CMakeFiles/Mechanical_Arm.elf.dir/Src/usart.c.obj
                0x00000000080046a8                HAL_UART_MspInit
 .text.Reset_Handler
                0x0000000008004804       0x50 CMakeFiles/Mechanical_Arm.elf.dir/startup/startup_stm32f427xx.s.obj
                0x0000000008004804                Reset_Handler
 .text.Default_Handler
                0x0000000008004854        0x2 CMakeFiles/Mechanical_Arm.elf.dir/startup/startup_stm32f427xx.s.obj
                0x0000000008004854                DMA1_Stream3_IRQHandler
                0x0000000008004854                HASH_RNG_IRQHandler
                0x0000000008004854                EXTI2_IRQHandler
                0x0000000008004854                TIM8_CC_IRQHandler
                0x0000000008004854                UART8_IRQHandler
                0x0000000008004854                SPI4_IRQHandler
                0x0000000008004854                TIM1_CC_IRQHandler
                0x0000000008004854                DMA2_Stream5_IRQHandler
                0x0000000008004854                DMA1_Stream5_IRQHandler
                0x0000000008004854                PVD_IRQHandler
                0x0000000008004854                SDIO_IRQHandler
                0x0000000008004854                TAMP_STAMP_IRQHandler
                0x0000000008004854                CAN2_RX1_IRQHandler
                0x0000000008004854                EXTI3_IRQHandler
                0x0000000008004854                TIM8_TRG_COM_TIM14_IRQHandler
                0x0000000008004854                TIM1_UP_TIM10_IRQHandler
                0x0000000008004854                TIM8_UP_TIM13_IRQHandler
                0x0000000008004854                I2C3_ER_IRQHandler
                0x0000000008004854                EXTI0_IRQHandler
                0x0000000008004854                I2C2_EV_IRQHandler
                0x0000000008004854                DMA1_Stream2_IRQHandler
                0x0000000008004854                FPU_IRQHandler
                0x0000000008004854                OTG_HS_WKUP_IRQHandler
                0x0000000008004854                CAN2_SCE_IRQHandler
                0x0000000008004854                SPI1_IRQHandler
                0x0000000008004854                TIM6_DAC_IRQHandler
                0x0000000008004854                TIM1_BRK_TIM9_IRQHandler
                0x0000000008004854                DCMI_IRQHandler
                0x0000000008004854                DMA2_Stream3_IRQHandler
                0x0000000008004854                USART3_IRQHandler
                0x0000000008004854                CAN1_RX1_IRQHandler
                0x0000000008004854                UART5_IRQHandler
                0x0000000008004854                DMA2_Stream0_IRQHandler
                0x0000000008004854                TIM4_IRQHandler
                0x0000000008004854                I2C1_EV_IRQHandler
                0x0000000008004854                DMA1_Stream6_IRQHandler
                0x0000000008004854                DMA1_Stream1_IRQHandler
                0x0000000008004854                UART4_IRQHandler
                0x0000000008004854                TIM3_IRQHandler
                0x0000000008004854                RCC_IRQHandler
                0x0000000008004854                TIM8_BRK_TIM12_IRQHandler
                0x0000000008004854                Default_Handler
                0x0000000008004854                EXTI15_10_IRQHandler
                0x0000000008004854                ADC_IRQHandler
                0x0000000008004854                DMA1_Stream7_IRQHandler
                0x0000000008004854                SPI5_IRQHandler
                0x0000000008004854                TIM7_IRQHandler
                0x0000000008004854                CAN2_TX_IRQHandler
                0x0000000008004854                TIM5_IRQHandler
                0x0000000008004854                I2C3_EV_IRQHandler
                0x0000000008004854                EXTI9_5_IRQHandler
                0x0000000008004854                RTC_WKUP_IRQHandler
                0x0000000008004854                ETH_WKUP_IRQHandler
                0x0000000008004854                SPI2_IRQHandler
                0x0000000008004854                OTG_HS_EP1_IN_IRQHandler
                0x0000000008004854                DMA1_Stream0_IRQHandler
                0x0000000008004854                CAN1_TX_IRQHandler
                0x0000000008004854                EXTI4_IRQHandler
                0x0000000008004854                ETH_IRQHandler
                0x0000000008004854                OTG_HS_EP1_OUT_IRQHandler
                0x0000000008004854                WWDG_IRQHandler
                0x0000000008004854                SPI6_IRQHandler
                0x0000000008004854                TIM2_IRQHandler
                0x0000000008004854                OTG_FS_WKUP_IRQHandler
                0x0000000008004854                TIM1_TRG_COM_TIM11_IRQHandler
                0x0000000008004854                OTG_HS_IRQHandler
                0x0000000008004854                DMA2D_IRQHandler
                0x0000000008004854                EXTI1_IRQHandler
                0x0000000008004854                UART7_IRQHandler
                0x0000000008004854                USART2_IRQHandler
                0x0000000008004854                I2C2_ER_IRQHandler
                0x0000000008004854                DMA2_Stream1_IRQHandler
                0x0000000008004854                CAN1_SCE_IRQHandler
                0x0000000008004854                FLASH_IRQHandler
                0x0000000008004854                DMA2_Stream4_IRQHandler
                0x0000000008004854                USART1_IRQHandler
                0x0000000008004854                OTG_FS_IRQHandler
                0x0000000008004854                SPI3_IRQHandler
                0x0000000008004854                DMA1_Stream4_IRQHandler
                0x0000000008004854                I2C1_ER_IRQHandler
                0x0000000008004854                FMC_IRQHandler
                0x0000000008004854                DMA2_Stream6_IRQHandler
                0x0000000008004854                SAI1_IRQHandler
                0x0000000008004854                RTC_Alarm_IRQHandler
 *fill*         0x0000000008004856        0x2 
 .text.__errno  0x0000000008004858        0xc /opt/homebrew/Cellar/arm-none-eabi-gcc/10.3-2021.07/gcc/bin/../lib/gcc/arm-none-eabi/10.3.1/../../../../arm-none-eabi/lib/thumb/v7e-m+fp/hard/libg.a(lib_a-errno.o)
                0x0000000008004858                __errno
 .text.__libc_init_array
                0x0000000008004864       0x48 /opt/homebrew/Cellar/arm-none-eabi-gcc/10.3-2021.07/gcc/bin/../lib/gcc/arm-none-eabi/10.3.1/../../../../arm-none-eabi/lib/thumb/v7e-m+fp/hard/libg.a(lib_a-init.o)
                0x0000000008004864                __libc_init_array
 .text.memset   0x00000000080048ac       0xa4 /opt/homebrew/Cellar/arm-none-eabi-gcc/10.3-2021.07/gcc/bin/../lib/gcc/arm-none-eabi/10.3.1/../../../../arm-none-eabi/lib/thumb/v7e-m+fp/hard/libg.a(lib_a-memset.o)
                0x00000000080048ac                memset
 .text.startup.register_fini
                0x0000000008004950       0x14 /opt/homebrew/Cellar/arm-none-eabi-gcc/10.3-2021.07/gcc/bin/../lib/gcc/arm-none-eabi/10.3.1/../../../../arm-none-eabi/lib/thumb/v7e-m+fp/hard/libg.a(lib_a-__call_atexit.o)
 .text.atexit   0x0000000008004964        0xc /opt/homebrew/Cellar/arm-none-eabi-gcc/10.3-2021.07/gcc/bin/../lib/gcc/arm-none-eabi/10.3.1/../../../../arm-none-eabi/lib/thumb/v7e-m+fp/hard/libg.a(lib_a-atexit.o)
                0x0000000008004964                atexit
 .text.__libc_fini_array
                0x0000000008004970       0x2c /opt/homebrew/Cellar/arm-none-eabi-gcc/10.3-2021.07/gcc/bin/../lib/gcc/arm-none-eabi/10.3.1/../../../../arm-none-eabi/lib/thumb/v7e-m+fp/hard/libg.a(lib_a-fini.o)
                0x0000000008004970                __libc_fini_array
 .text.__retarget_lock_acquire_recursive
                0x000000000800499c        0x4 /opt/homebrew/Cellar/arm-none-eabi-gcc/10.3-2021.07/gcc/bin/../lib/gcc/arm-none-eabi/10.3.1/../../../../arm-none-eabi/lib/thumb/v7e-m+fp/hard/libg.a(lib_a-lock.o)
                0x000000000800499c                __retarget_lock_acquire_recursive
 .text.__retarget_lock_release_recursive
                0x00000000080049a0        0x4 /opt/homebrew/Cellar/arm-none-eabi-gcc/10.3-2021.07/gcc/bin/../lib/gcc/arm-none-eabi/10.3.1/../../../../arm-none-eabi/lib/thumb/v7e-m+fp/hard/libg.a(lib_a-lock.o)
                0x00000000080049a0                __retarget_lock_release_recursive
 .text.__register_exitproc
                0x00000000080049a4       0x8c /opt/homebrew/Cellar/arm-none-eabi-gcc/10.3-2021.07/gcc/bin/../lib/gcc/arm-none-eabi/10.3.1/../../../../arm-none-eabi/lib/thumb/v7e-m+fp/hard/libg.a(lib_a-__atexit.o)
                0x00000000080049a4                __register_exitproc
 .text.asin     0x0000000008004a30       0x68 /opt/homebrew/Cellar/arm-none-eabi-gcc/10.3-2021.07/gcc/bin/../lib/gcc/arm-none-eabi/10.3.1/../../../../arm-none-eabi/lib/thumb/v7e-m+fp/hard/libm.a(lib_a-w_asin.o)
                0x0000000008004a30                asin
 .text.sqrt     0x0000000008004a98       0x68 /opt/homebrew/Cellar/arm-none-eabi-gcc/10.3-2021.07/gcc/bin/../lib/gcc/arm-none-eabi/10.3.1/../../../../arm-none-eabi/lib/thumb/v7e-m+fp/hard/libm.a(lib_a-w_sqrt.o)
                0x0000000008004a98                sqrt
 .text.__ieee754_asin
                0x0000000008004b00      0x4a4 /opt/homebrew/Cellar/arm-none-eabi-gcc/10.3-2021.07/gcc/bin/../lib/gcc/arm-none-eabi/10.3.1/../../../../arm-none-eabi/lib/thumb/v7e-m+fp/hard/libm.a(lib_a-e_asin.o)
                0x0000000008004b00                __ieee754_asin
 .text.__ieee754_sqrt
                0x0000000008004fa4      0x198 /opt/homebrew/Cellar/arm-none-eabi-gcc/10.3-2021.07/gcc/bin/../lib/gcc/arm-none-eabi/10.3.1/../../../../arm-none-eabi/lib/thumb/v7e-m+fp/hard/libm.a(lib_a-e_sqrt.o)
                0x0000000008004fa4                __ieee754_sqrt
 .text.fabs     0x000000000800513c       0x14 /opt/homebrew/Cellar/arm-none-eabi-gcc/10.3-2021.07/gcc/bin/../lib/gcc/arm-none-eabi/10.3.1/../../../../arm-none-eabi/lib/thumb/v7e-m+fp/hard/libm.a(lib_a-s_fabs.o)
                0x000000000800513c                fabs
 .text.nan      0x0000000008005150       0x10 /opt/homebrew/Cellar/arm-none-eabi-gcc/10.3-2021.07/gcc/bin/../lib/gcc/arm-none-eabi/10.3.1/../../../../arm-none-eabi/lib/thumb/v7e-m+fp/hard/libm.a(lib_a-s_nan.o)
                0x0000000008005150                nan
 *(.glue_7)
 .glue_7        0x0000000008005160        0x0 linker stubs
 *(.glue_7t)
 .glue_7t       0x0000000008005160        0x0 linker stubs
 *(.eh_frame)
 .eh_frame      0x0000000008005160        0x0 /opt/homebrew/Cellar/arm-none-eabi-gcc/10.3-2021.07/gcc/bin/../lib/gcc/arm-none-eabi/10.3.1/thumb/v7e-m+fp/hard/crtbegin.o
 *(.init)
 .init          0x0000000008005160        0x4 /opt/homebrew/Cellar/arm-none-eabi-gcc/10.3-2021.07/gcc/bin/../lib/gcc/arm-none-eabi/10.3.1/thumb/v7e-m+fp/hard/crti.o
                0x0000000008005160                _init
 .init          0x0000000008005164        0x8 /opt/homebrew/Cellar/arm-none-eabi-gcc/10.3-2021.07/gcc/bin/../lib/gcc/arm-none-eabi/10.3.1/thumb/v7e-m+fp/hard/crtn.o
 *(.fini)
 .fini          0x000000000800516c        0x4 /opt/homebrew/Cellar/arm-none-eabi-gcc/10.3-2021.07/gcc/bin/../lib/gcc/arm-none-eabi/10.3.1/thumb/v7e-m+fp/hard/crti.o
                0x000000000800516c                _fini
 .fini          0x0000000008005170        0x8 /opt/homebrew/Cellar/arm-none-eabi-gcc/10.3-2021.07/gcc/bin/../lib/gcc/arm-none-eabi/10.3.1/thumb/v7e-m+fp/hard/crtn.o
                0x0000000008005178                . = ALIGN (0x4)
                0x0000000008005178                _etext = .

.vfp11_veneer   0x0000000008005178        0x0
 .vfp11_veneer  0x0000000008005178        0x0 linker stubs

.v4_bx          0x0000000008005178        0x0
 .v4_bx         0x0000000008005178        0x0 linker stubs

.iplt           0x0000000008005178        0x0
 .iplt          0x0000000008005178        0x0 /opt/homebrew/Cellar/arm-none-eabi-gcc/10.3-2021.07/gcc/bin/../lib/gcc/arm-none-eabi/10.3.1/thumb/v7e-m+fp/hard/crtbegin.o

.rodata         0x0000000008005178      0x228
                0x0000000008005178                . = ALIGN (0x4)
 *(.rodata)
 .rodata        0x0000000008005178      0x200 CMakeFiles/Mechanical_Arm.elf.dir/Lib/Src/dynamixel2.c.obj
 *(.rodata*)
 .rodata.flagBitshiftOffset.0
                0x0000000008005378        0x8 CMakeFiles/Mechanical_Arm.elf.dir/Drivers/STM32F4xx_HAL_Driver/Src/stm32f4xx_hal_dma.c.obj
 .rodata.AHBPrescTable
                0x0000000008005380       0x10 CMakeFiles/Mechanical_Arm.elf.dir/Src/system_stm32f4xx.c.obj
                0x0000000008005380                AHBPrescTable
 .rodata.APBPrescTable
                0x0000000008005390        0x8 CMakeFiles/Mechanical_Arm.elf.dir/Src/system_stm32f4xx.c.obj
                0x0000000008005390                APBPrescTable
 .rodata._global_impure_ptr
                0x0000000008005398        0x4 /opt/homebrew/Cellar/arm-none-eabi-gcc/10.3-2021.07/gcc/bin/../lib/gcc/arm-none-eabi/10.3.1/../../../../arm-none-eabi/lib/thumb/v7e-m+fp/hard/libg.a(lib_a-impure.o)
                0x0000000008005398                _global_impure_ptr
 .rodata.asin.str1.4
                0x000000000800539c        0x1 /opt/homebrew/Cellar/arm-none-eabi-gcc/10.3-2021.07/gcc/bin/../lib/gcc/arm-none-eabi/10.3.1/../../../../arm-none-eabi/lib/thumb/v7e-m+fp/hard/libm.a(lib_a-w_asin.o)
                0x00000000080053a0                . = ALIGN (0x4)
 *fill*         0x000000000800539d        0x3 

.ARM.extab
 *(.ARM.extab* .gnu.linkonce.armextab.*)

.ARM            0x00000000080053a0        0x8
                0x00000000080053a0                __exidx_start = .
 *(.ARM.exidx*)
 .ARM.exidx     0x00000000080053a0        0x8 /opt/homebrew/Cellar/arm-none-eabi-gcc/10.3-2021.07/gcc/bin/../lib/gcc/arm-none-eabi/10.3.1/thumb/v7e-m+fp/hard/libgcc.a(_udivmoddi4.o)
                0x00000000080053a8                __exidx_end = .

.rel.dyn        0x00000000080053a8        0x0
 .rel.iplt      0x00000000080053a8        0x0 /opt/homebrew/Cellar/arm-none-eabi-gcc/10.3-2021.07/gcc/bin/../lib/gcc/arm-none-eabi/10.3.1/thumb/v7e-m+fp/hard/crtbegin.o

.preinit_array  0x00000000080053a8        0x0
                0x00000000080053a8                PROVIDE (__preinit_array_start = .)
 *(.preinit_array*)
                0x00000000080053a8                PROVIDE (__preinit_array_end = .)

.init_array     0x00000000080053a8        0x8
                0x00000000080053a8                PROVIDE (__init_array_start = .)
 *(SORT_BY_NAME(.init_array.*))
 .init_array.00000
                0x00000000080053a8        0x4 /opt/homebrew/Cellar/arm-none-eabi-gcc/10.3-2021.07/gcc/bin/../lib/gcc/arm-none-eabi/10.3.1/../../../../arm-none-eabi/lib/thumb/v7e-m+fp/hard/libg.a(lib_a-__call_atexit.o)
 *(.init_array*)
 .init_array    0x00000000080053ac        0x4 /opt/homebrew/Cellar/arm-none-eabi-gcc/10.3-2021.07/gcc/bin/../lib/gcc/arm-none-eabi/10.3.1/thumb/v7e-m+fp/hard/crtbegin.o
                0x00000000080053b0                PROVIDE (__init_array_end = .)

.fini_array     0x00000000080053b0        0x4
                0x00000000080053b0                PROVIDE (__fini_array_start = .)
 *(SORT_BY_NAME(.fini_array.*))
 *(.fini_array*)
 .fini_array    0x00000000080053b0        0x4 /opt/homebrew/Cellar/arm-none-eabi-gcc/10.3-2021.07/gcc/bin/../lib/gcc/arm-none-eabi/10.3.1/thumb/v7e-m+fp/hard/crtbegin.o
                0x00000000080053b4                PROVIDE (__fini_array_end = .)
                0x00000000080053b4                _sidata = LOADADDR (.data)

.data           0x0000000020000000      0x444 load address 0x00000000080053b4
                0x0000000020000000                . = ALIGN (0x4)
                0x0000000020000000                _sdata = .
 *(.data)
 *(.data*)
 .data.uwTickFreq
                0x0000000020000000        0x1 CMakeFiles/Mechanical_Arm.elf.dir/Drivers/STM32F4xx_HAL_Driver/Src/stm32f4xx_hal.c.obj
                0x0000000020000000                uwTickFreq
 *fill*         0x0000000020000001        0x3 
 .data.uwTickPrio
                0x0000000020000004        0x4 CMakeFiles/Mechanical_Arm.elf.dir/Drivers/STM32F4xx_HAL_Driver/Src/stm32f4xx_hal.c.obj
                0x0000000020000004                uwTickPrio
 .data.gbCommStatus
                0x0000000020000008        0x4 CMakeFiles/Mechanical_Arm.elf.dir/Lib/Src/dynamixel2.c.obj
 .data.SystemCoreClock
                0x000000002000000c        0x4 CMakeFiles/Mechanical_Arm.elf.dir/Src/system_stm32f4xx.c.obj
                0x000000002000000c                SystemCoreClock
 .data._impure_ptr
                0x0000000020000010        0x4 /opt/homebrew/Cellar/arm-none-eabi-gcc/10.3-2021.07/gcc/bin/../lib/gcc/arm-none-eabi/10.3.1/../../../../arm-none-eabi/lib/thumb/v7e-m+fp/hard/libg.a(lib_a-impure.o)
                0x0000000020000010                _impure_ptr
 *fill*         0x0000000020000014        0x4 
 .data.impure_data
                0x0000000020000018      0x428 /opt/homebrew/Cellar/arm-none-eabi-gcc/10.3-2021.07/gcc/bin/../lib/gcc/arm-none-eabi/10.3.1/../../../../arm-none-eabi/lib/thumb/v7e-m+fp/hard/libg.a(lib_a-impure.o)
 .data.__atexit_recursive_mutex
                0x0000000020000440        0x4 /opt/homebrew/Cellar/arm-none-eabi-gcc/10.3-2021.07/gcc/bin/../lib/gcc/arm-none-eabi/10.3.1/../../../../arm-none-eabi/lib/thumb/v7e-m+fp/hard/libg.a(lib_a-__call_atexit.o)
                0x0000000020000440                __atexit_recursive_mutex
                0x0000000020000444                . = ALIGN (0x4)
                0x0000000020000444                _edata = .
                0x00000000080057f8                _siccmram = LOADADDR (.ccmram)

.igot.plt       0x0000000020000444        0x0 load address 0x00000000080057f8
 .igot.plt      0x0000000020000444        0x0 /opt/homebrew/Cellar/arm-none-eabi-gcc/10.3-2021.07/gcc/bin/../lib/gcc/arm-none-eabi/10.3.1/thumb/v7e-m+fp/hard/crtbegin.o

.ccmram         0x0000000010000000        0x0 load address 0x00000000080057f8
                0x0000000010000000                . = ALIGN (0x4)
                0x0000000010000000                _sccmram = .
 *(.ccmram)
 *(.ccmram*)
                0x0000000010000000                . = ALIGN (0x4)
                0x0000000010000000                _eccmram = .
                0x0000000010000000                . = ALIGN (0x4)

.bss            0x0000000020000448      0xbac
                0x0000000020000448                _sbss = .
                0x0000000020000448                __bss_start__ = _sbss
 *(.bss)
 .bss           0x0000000020000448       0x1c /opt/homebrew/Cellar/arm-none-eabi-gcc/10.3-2021.07/gcc/bin/../lib/gcc/arm-none-eabi/10.3.1/thumb/v7e-m+fp/hard/crtbegin.o
 *(.bss*)
 .bss.uwTick    0x0000000020000464        0x4 CMakeFiles/Mechanical_Arm.elf.dir/Drivers/STM32F4xx_HAL_Driver/Src/stm32f4xx_hal.c.obj
                0x0000000020000464                uwTick
 .bss.A1_Motor_Rx_Data
                0x0000000020000468       0xc6 CMakeFiles/Mechanical_Arm.elf.dir/Lib/Src/A1_Drive.c.obj
                0x0000000020000468                A1_Motor_Rx_Data
 *fill*         0x000000002000052e        0x2 
 .bss.A1_Start_Move_A
                0x0000000020000530        0x4 CMakeFiles/Mechanical_Arm.elf.dir/Lib/Src/A1_Drive.c.obj
                0x0000000020000530                A1_Start_Move_A
 .bss.A1_Start_Move_B
                0x0000000020000534        0x4 CMakeFiles/Mechanical_Arm.elf.dir/Lib/Src/A1_Drive.c.obj
                0x0000000020000534                A1_Start_Move_B
 .bss.A1_State  0x0000000020000538       0x48 CMakeFiles/Mechanical_Arm.elf.dir/Lib/Src/A1_Drive.c.obj
                0x0000000020000538                A1_State
 .bss.CRC_u     0x0000000020000580        0x4 CMakeFiles/Mechanical_Arm.elf.dir/Lib/Src/A1_Drive.c.obj
                0x0000000020000580                CRC_u
 .bss.Data_Box  0x0000000020000584       0x66 CMakeFiles/Mechanical_Arm.elf.dir/Lib/Src/A1_Drive.c.obj
                0x0000000020000584                Data_Box
 *fill*         0x00000000200005ea        0x2 
 .bss.Motor_Rx_u
                0x00000000200005ec       0x10 CMakeFiles/Mechanical_Arm.elf.dir/Lib/Src/A1_Drive.c.obj
                0x00000000200005ec                Motor_Rx_u
 .bss.Motor_Tx_u
                0x00000000200005fc       0x18 CMakeFiles/Mechanical_Arm.elf.dir/Lib/Src/A1_Drive.c.obj
                0x00000000200005fc                Motor_Tx_u
 .bss.Set_Zero  0x0000000020000614        0xc CMakeFiles/Mechanical_Arm.elf.dir/Lib/Src/A1_Drive.c.obj
                0x0000000020000614                Set_Zero
 .bss.this_time_rx_len.3
                0x0000000020000620        0x2 CMakeFiles/Mechanical_Arm.elf.dir/Lib/Src/A1_Drive.c.obj
 *fill*         0x0000000020000622        0x2 
 .bss.CAN_Recieved_Message
                0x0000000020000624        0x8 CMakeFiles/Mechanical_Arm.elf.dir/Lib/Src/CAN_Operation.c.obj
                0x0000000020000624                CAN_Recieved_Message
 .bss.Motor_Data_Box
                0x000000002000062c        0x8 CMakeFiles/Mechanical_Arm.elf.dir/Lib/Src/CAN_Operation.c.obj
                0x000000002000062c                Motor_Data_Box
 .bss.Motor_Message_Box
                0x0000000020000634       0x1c CMakeFiles/Mechanical_Arm.elf.dir/Lib/Src/CAN_Operation.c.obj
                0x0000000020000634                Motor_Message_Box
 .bss.Now_Angle_M6020
                0x0000000020000650        0xa CMakeFiles/Mechanical_Arm.elf.dir/Lib/Src/CAN_Operation.c.obj
                0x0000000020000650                Now_Angle_M6020
 *fill*         0x000000002000065a        0x2 
 .bss.Now_Angle_Normal
                0x000000002000065c        0xa CMakeFiles/Mechanical_Arm.elf.dir/Lib/Src/CAN_Operation.c.obj
                0x000000002000065c                Now_Angle_Normal
 *fill*         0x0000000020000666        0x2 
 .bss.Now_Speed_M6020
                0x0000000020000668        0xa CMakeFiles/Mechanical_Arm.elf.dir/Lib/Src/CAN_Operation.c.obj
                0x0000000020000668                Now_Speed_M6020
 *fill*         0x0000000020000672        0x2 
 .bss.Now_Speed_Normal
                0x0000000020000674        0xa CMakeFiles/Mechanical_Arm.elf.dir/Lib/Src/CAN_Operation.c.obj
                0x0000000020000674                Now_Speed_Normal
 *fill*         0x000000002000067e        0x2 
 .bss.Recieved_Message_Box
                0x0000000020000680       0x1c CMakeFiles/Mechanical_Arm.elf.dir/Lib/Src/CAN_Operation.c.obj
                0x0000000020000680                Recieved_Message_Box
 *fill*         0x000000002000069c        0x4 
 .bss.A         0x00000000200006a0        0x8 CMakeFiles/Mechanical_Arm.elf.dir/Lib/Src/Inverse_Mechanical_Calulation.c.obj
                0x00000000200006a0                A
 .bss.Angle_R   0x00000000200006a8        0x8 CMakeFiles/Mechanical_Arm.elf.dir/Lib/Src/Inverse_Mechanical_Calulation.c.obj
                0x00000000200006a8                Angle_R
 .bss.B         0x00000000200006b0        0x8 CMakeFiles/Mechanical_Arm.elf.dir/Lib/Src/Inverse_Mechanical_Calulation.c.obj
                0x00000000200006b0                B
 .bss.L1        0x00000000200006b8        0x8 CMakeFiles/Mechanical_Arm.elf.dir/Lib/Src/Inverse_Mechanical_Calulation.c.obj
                0x00000000200006b8                L1
 .bss.L2        0x00000000200006c0        0x8 CMakeFiles/Mechanical_Arm.elf.dir/Lib/Src/Inverse_Mechanical_Calulation.c.obj
                0x00000000200006c0                L2
 .bss.L3        0x00000000200006c8        0x8 CMakeFiles/Mechanical_Arm.elf.dir/Lib/Src/Inverse_Mechanical_Calulation.c.obj
                0x00000000200006c8                L3
 .bss.L4        0x00000000200006d0        0x8 CMakeFiles/Mechanical_Arm.elf.dir/Lib/Src/Inverse_Mechanical_Calulation.c.obj
                0x00000000200006d0                L4
 .bss.Now_X     0x00000000200006d8        0x4 CMakeFiles/Mechanical_Arm.elf.dir/Lib/Src/Inverse_Mechanical_Calulation.c.obj
                0x00000000200006d8                Now_X
 .bss.Now_Y     0x00000000200006dc        0x4 CMakeFiles/Mechanical_Arm.elf.dir/Lib/Src/Inverse_Mechanical_Calulation.c.obj
                0x00000000200006dc                Now_Y
 .bss.Start_Turn
                0x00000000200006e0        0x4 CMakeFiles/Mechanical_Arm.elf.dir/Lib/Src/Inverse_Mechanical_Calulation.c.obj
                0x00000000200006e0                Start_Turn
 .bss.Switch_State
                0x00000000200006e4        0x4 CMakeFiles/Mechanical_Arm.elf.dir/Lib/Src/Inverse_Mechanical_Calulation.c.obj
                0x00000000200006e4                Switch_State
 .bss.Theta1    0x00000000200006e8        0x8 CMakeFiles/Mechanical_Arm.elf.dir/Lib/Src/Inverse_Mechanical_Calulation.c.obj
                0x00000000200006e8                Theta1
 .bss.Theta2    0x00000000200006f0        0x8 CMakeFiles/Mechanical_Arm.elf.dir/Lib/Src/Inverse_Mechanical_Calulation.c.obj
                0x00000000200006f0                Theta2
 .bss.Theta3    0x00000000200006f8        0x8 CMakeFiles/Mechanical_Arm.elf.dir/Lib/Src/Inverse_Mechanical_Calulation.c.obj
                0x00000000200006f8                Theta3
 .bss.PID_Position_Num_M6020
                0x0000000020000700      0x118 CMakeFiles/Mechanical_Arm.elf.dir/Lib/Src/M6020_PID_Controller.c.obj
                0x0000000020000700                PID_Position_Num_M6020
 .bss.PID_Speed_Num_M6020
                0x0000000020000818      0x118 CMakeFiles/Mechanical_Arm.elf.dir/Lib/Src/M6020_PID_Controller.c.obj
                0x0000000020000818                PID_Speed_Num_M6020
 .bss.Current   0x0000000020000930        0xa CMakeFiles/Mechanical_Arm.elf.dir/Lib/Src/PID_Controlor.c.obj
                0x0000000020000930                Current
 *fill*         0x000000002000093a        0x2 
 .bss.PID_Position_Control_Num
                0x000000002000093c      0x1c0 CMakeFiles/Mechanical_Arm.elf.dir/Lib/Src/PID_Controlor.c.obj
                0x000000002000093c                PID_Position_Control_Num
 .bss.PID_Speed_Control_Num
                0x0000000020000afc      0x1c0 CMakeFiles/Mechanical_Arm.elf.dir/Lib/Src/PID_Controlor.c.obj
                0x0000000020000afc                PID_Speed_Control_Num
 .bss.gbInstructionPacket
                0x0000000020000cbc       0xc8 CMakeFiles/Mechanical_Arm.elf.dir/Lib/Src/dynamixel2.c.obj
 .bss.pxCurrentTCB
                0x0000000020000d84        0x4 CMakeFiles/Mechanical_Arm.elf.dir/Middlewares/Third_Party/FreeRTOS/Source/tasks.c.obj
                0x0000000020000d84                pxCurrentTCB
 .bss.pxDelayedTaskList
                0x0000000020000d88        0x4 CMakeFiles/Mechanical_Arm.elf.dir/Middlewares/Third_Party/FreeRTOS/Source/tasks.c.obj
 .bss.pxOverflowDelayedTaskList
                0x0000000020000d8c        0x4 CMakeFiles/Mechanical_Arm.elf.dir/Middlewares/Third_Party/FreeRTOS/Source/tasks.c.obj
 .bss.pxReadyTasksLists
                0x0000000020000d90       0x8c CMakeFiles/Mechanical_Arm.elf.dir/Middlewares/Third_Party/FreeRTOS/Source/tasks.c.obj
 .bss.uxSchedulerSuspended
                0x0000000020000e1c        0x4 CMakeFiles/Mechanical_Arm.elf.dir/Middlewares/Third_Party/FreeRTOS/Source/tasks.c.obj
 .bss.uxTopReadyPriority
                0x0000000020000e20        0x4 CMakeFiles/Mechanical_Arm.elf.dir/Middlewares/Third_Party/FreeRTOS/Source/tasks.c.obj
 .bss.xNextTaskUnblockTime
                0x0000000020000e24        0x4 CMakeFiles/Mechanical_Arm.elf.dir/Middlewares/Third_Party/FreeRTOS/Source/tasks.c.obj
 .bss.xNumOfOverflows
                0x0000000020000e28        0x4 CMakeFiles/Mechanical_Arm.elf.dir/Middlewares/Third_Party/FreeRTOS/Source/tasks.c.obj
 .bss.xPendedTicks
                0x0000000020000e2c        0x4 CMakeFiles/Mechanical_Arm.elf.dir/Middlewares/Third_Party/FreeRTOS/Source/tasks.c.obj
 .bss.xSchedulerRunning
                0x0000000020000e30        0x4 CMakeFiles/Mechanical_Arm.elf.dir/Middlewares/Third_Party/FreeRTOS/Source/tasks.c.obj
 .bss.xTickCount
                0x0000000020000e34        0x4 CMakeFiles/Mechanical_Arm.elf.dir/Middlewares/Third_Party/FreeRTOS/Source/tasks.c.obj
 .bss.xYieldPending
                0x0000000020000e38        0x4 CMakeFiles/Mechanical_Arm.elf.dir/Middlewares/Third_Party/FreeRTOS/Source/tasks.c.obj
 .bss.HAL_RCC_CAN1_CLK_ENABLED
                0x0000000020000e3c        0x4 CMakeFiles/Mechanical_Arm.elf.dir/Src/can.c.obj
 .bss.hcan1     0x0000000020000e40       0x28 CMakeFiles/Mechanical_Arm.elf.dir/Src/can.c.obj
                0x0000000020000e40                hcan1
 .bss.hcan2     0x0000000020000e68       0x28 CMakeFiles/Mechanical_Arm.elf.dir/Src/can.c.obj
                0x0000000020000e68                hcan2
 .bss.Received  0x0000000020000e90        0x4 CMakeFiles/Mechanical_Arm.elf.dir/Src/main.c.obj
                0x0000000020000e90                Received
 .bss.Stable    0x0000000020000e94        0x4 CMakeFiles/Mechanical_Arm.elf.dir/Src/main.c.obj
                0x0000000020000e94                Stable
 .bss.Target_X  0x0000000020000e98        0x8 CMakeFiles/Mechanical_Arm.elf.dir/Src/main.c.obj
                0x0000000020000e98                Target_X
 .bss.Target_Y  0x0000000020000ea0        0x8 CMakeFiles/Mechanical_Arm.elf.dir/Src/main.c.obj
                0x0000000020000ea0                Target_Y
 .bss.hdma_usart6_rx
                0x0000000020000ea8       0x60 CMakeFiles/Mechanical_Arm.elf.dir/Src/usart.c.obj
                0x0000000020000ea8                hdma_usart6_rx
 .bss.hdma_usart6_tx
                0x0000000020000f08       0x60 CMakeFiles/Mechanical_Arm.elf.dir/Src/usart.c.obj
                0x0000000020000f08                hdma_usart6_tx
 .bss.huart6    0x0000000020000f68       0x44 CMakeFiles/Mechanical_Arm.elf.dir/Src/usart.c.obj
                0x0000000020000f68                huart6
 .bss.huart8    0x0000000020000fac       0x44 CMakeFiles/Mechanical_Arm.elf.dir/Src/usart.c.obj
                0x0000000020000fac                huart8
 .bss.__lock___atexit_recursive_mutex
                0x0000000020000ff0        0x1 /opt/homebrew/Cellar/arm-none-eabi-gcc/10.3-2021.07/gcc/bin/../lib/gcc/arm-none-eabi/10.3.1/../../../../arm-none-eabi/lib/thumb/v7e-m+fp/hard/libg.a(lib_a-lock.o)
                0x0000000020000ff0                __lock___atexit_recursive_mutex
 *(COMMON)
                0x0000000020000ff4                . = ALIGN (0x4)
 *fill*         0x0000000020000ff1        0x3 
                0x0000000020000ff4                _ebss = .
                0x0000000020000ff4                __bss_end__ = _ebss

._user_heap_stack
                0x0000000020000ff4      0x604
                0x0000000020000ff8                . = ALIGN (0x8)
 *fill*         0x0000000020000ff4        0x4 
                0x0000000020000ff8                PROVIDE (end = .)
                [!provide]                        PROVIDE (_end = .)
                0x00000000200011f8                . = (. + _Min_Heap_Size)
 *fill*         0x0000000020000ff8      0x200 
                0x00000000200015f8                . = (. + _Min_Stack_Size)
 *fill*         0x00000000200011f8      0x400 
                0x00000000200015f8                . = ALIGN (0x8)

/DISCARD/
 libc.a(*)
 libm.a(*)
 libgcc.a(*)

.ARM.attributes
                0x0000000000000000       0x30
 *(.ARM.attributes)
 .ARM.attributes
                0x0000000000000000       0x1e /opt/homebrew/Cellar/arm-none-eabi-gcc/10.3-2021.07/gcc/bin/../lib/gcc/arm-none-eabi/10.3.1/thumb/v7e-m+fp/hard/crti.o
 .ARM.attributes
                0x000000000000001e       0x34 /opt/homebrew/Cellar/arm-none-eabi-gcc/10.3-2021.07/gcc/bin/../lib/gcc/arm-none-eabi/10.3.1/thumb/v7e-m+fp/hard/crtbegin.o
 .ARM.attributes
                0x0000000000000052       0x34 CMakeFiles/Mechanical_Arm.elf.dir/Drivers/STM32F4xx_HAL_Driver/Src/stm32f4xx_hal.c.obj
 .ARM.attributes
                0x0000000000000086       0x34 CMakeFiles/Mechanical_Arm.elf.dir/Drivers/STM32F4xx_HAL_Driver/Src/stm32f4xx_hal_can.c.obj
 .ARM.attributes
                0x00000000000000ba       0x34 CMakeFiles/Mechanical_Arm.elf.dir/Drivers/STM32F4xx_HAL_Driver/Src/stm32f4xx_hal_cortex.c.obj
 .ARM.attributes
                0x00000000000000ee       0x34 CMakeFiles/Mechanical_Arm.elf.dir/Drivers/STM32F4xx_HAL_Driver/Src/stm32f4xx_hal_dma.c.obj
 .ARM.attributes
                0x0000000000000122       0x34 CMakeFiles/Mechanical_Arm.elf.dir/Drivers/STM32F4xx_HAL_Driver/Src/stm32f4xx_hal_gpio.c.obj
 .ARM.attributes
                0x0000000000000156       0x34 CMakeFiles/Mechanical_Arm.elf.dir/Drivers/STM32F4xx_HAL_Driver/Src/stm32f4xx_hal_rcc.c.obj
 .ARM.attributes
                0x000000000000018a       0x34 CMakeFiles/Mechanical_Arm.elf.dir/Drivers/STM32F4xx_HAL_Driver/Src/stm32f4xx_hal_uart.c.obj
 .ARM.attributes
                0x00000000000001be       0x34 CMakeFiles/Mechanical_Arm.elf.dir/Lib/Src/A1_Drive.c.obj
 .ARM.attributes
                0x00000000000001f2       0x34 CMakeFiles/Mechanical_Arm.elf.dir/Lib/Src/CAN_Operation.c.obj
 .ARM.attributes
                0x0000000000000226       0x34 CMakeFiles/Mechanical_Arm.elf.dir/Lib/Src/Inverse_Mechanical_Calulation.c.obj
 .ARM.attributes
                0x000000000000025a       0x34 CMakeFiles/Mechanical_Arm.elf.dir/Lib/Src/M6020_PID_Controller.c.obj
 .ARM.attributes
                0x000000000000028e       0x34 CMakeFiles/Mechanical_Arm.elf.dir/Lib/Src/PID_Controlor.c.obj
 .ARM.attributes
                0x00000000000002c2       0x34 CMakeFiles/Mechanical_Arm.elf.dir/Lib/Src/dynamixel2.c.obj
 .ARM.attributes
                0x00000000000002f6       0x34 CMakeFiles/Mechanical_Arm.elf.dir/Lib/Src/servo.c.obj
 .ARM.attributes
                0x000000000000032a       0x34 CMakeFiles/Mechanical_Arm.elf.dir/Middlewares/Third_Party/FreeRTOS/Source/list.c.obj
 .ARM.attributes
                0x000000000000035e       0x34 CMakeFiles/Mechanical_Arm.elf.dir/Middlewares/Third_Party/FreeRTOS/Source/portable/GCC/ARM_CM4F/port.c.obj
 .ARM.attributes
                0x0000000000000392       0x34 CMakeFiles/Mechanical_Arm.elf.dir/Middlewares/Third_Party/FreeRTOS/Source/tasks.c.obj
 .ARM.attributes
                0x00000000000003c6       0x34 CMakeFiles/Mechanical_Arm.elf.dir/Src/can.c.obj
 .ARM.attributes
                0x00000000000003fa       0x34 CMakeFiles/Mechanical_Arm.elf.dir/Src/dma.c.obj
 .ARM.attributes
                0x000000000000042e       0x34 CMakeFiles/Mechanical_Arm.elf.dir/Src/gpio.c.obj
 .ARM.attributes
                0x0000000000000462       0x34 CMakeFiles/Mechanical_Arm.elf.dir/Src/main.c.obj
 .ARM.attributes
                0x0000000000000496       0x34 CMakeFiles/Mechanical_Arm.elf.dir/Src/stm32f4xx_hal_msp.c.obj
 .ARM.attributes
                0x00000000000004ca       0x34 CMakeFiles/Mechanical_Arm.elf.dir/Src/stm32f4xx_it.c.obj
 .ARM.attributes
                0x00000000000004fe       0x34 CMakeFiles/Mechanical_Arm.elf.dir/Src/system_stm32f4xx.c.obj
 .ARM.attributes
                0x0000000000000532       0x34 CMakeFiles/Mechanical_Arm.elf.dir/Src/usart.c.obj
 .ARM.attributes
                0x0000000000000566       0x21 CMakeFiles/Mechanical_Arm.elf.dir/startup/startup_stm32f427xx.s.obj
 .ARM.attributes
                0x0000000000000587       0x1e /opt/homebrew/Cellar/arm-none-eabi-gcc/10.3-2021.07/gcc/bin/../lib/gcc/arm-none-eabi/10.3.1/thumb/v7e-m+fp/hard/libgcc.a(_arm_addsubdf3.o)
 .ARM.attributes
                0x00000000000005a5       0x1e /opt/homebrew/Cellar/arm-none-eabi-gcc/10.3-2021.07/gcc/bin/../lib/gcc/arm-none-eabi/10.3.1/thumb/v7e-m+fp/hard/libgcc.a(_arm_muldivdf3.o)
 .ARM.attributes
                0x00000000000005c3       0x1e /opt/homebrew/Cellar/arm-none-eabi-gcc/10.3-2021.07/gcc/bin/../lib/gcc/arm-none-eabi/10.3.1/thumb/v7e-m+fp/hard/libgcc.a(_arm_fixunsdfsi.o)
 .ARM.attributes
                0x00000000000005e1       0x1e /opt/homebrew/Cellar/arm-none-eabi-gcc/10.3-2021.07/gcc/bin/../lib/gcc/arm-none-eabi/10.3.1/thumb/v7e-m+fp/hard/libgcc.a(_arm_truncdfsf2.o)
 .ARM.attributes
                0x00000000000005ff       0x1e /opt/homebrew/Cellar/arm-none-eabi-gcc/10.3-2021.07/gcc/bin/../lib/gcc/arm-none-eabi/10.3.1/thumb/v7e-m+fp/hard/libgcc.a(_aeabi_uldivmod.o)
 .ARM.attributes
                0x000000000000061d       0x34 /opt/homebrew/Cellar/arm-none-eabi-gcc/10.3-2021.07/gcc/bin/../lib/gcc/arm-none-eabi/10.3.1/thumb/v7e-m+fp/hard/libgcc.a(_udivmoddi4.o)
 .ARM.attributes
                0x0000000000000651       0x1e /opt/homebrew/Cellar/arm-none-eabi-gcc/10.3-2021.07/gcc/bin/../lib/gcc/arm-none-eabi/10.3.1/thumb/v7e-m+fp/hard/libgcc.a(_dvmd_tls.o)
 .ARM.attributes
                0x000000000000066f       0x34 /opt/homebrew/Cellar/arm-none-eabi-gcc/10.3-2021.07/gcc/bin/../lib/gcc/arm-none-eabi/10.3.1/../../../../arm-none-eabi/lib/thumb/v7e-m+fp/hard/libg.a(lib_a-errno.o)
 .ARM.attributes
                0x00000000000006a3       0x32 /opt/homebrew/Cellar/arm-none-eabi-gcc/10.3-2021.07/gcc/bin/../lib/gcc/arm-none-eabi/10.3.1/../../../../arm-none-eabi/lib/thumb/v7e-m+fp/hard/libg.a(lib_a-impure.o)
 .ARM.attributes
                0x00000000000006d5       0x34 /opt/homebrew/Cellar/arm-none-eabi-gcc/10.3-2021.07/gcc/bin/../lib/gcc/arm-none-eabi/10.3.1/../../../../arm-none-eabi/lib/thumb/v7e-m+fp/hard/libg.a(lib_a-init.o)
 .ARM.attributes
                0x0000000000000709       0x1c /opt/homebrew/Cellar/arm-none-eabi-gcc/10.3-2021.07/gcc/bin/../lib/gcc/arm-none-eabi/10.3.1/../../../../arm-none-eabi/lib/thumb/v7e-m+fp/hard/libg.a(lib_a-memcpy.o)
 .ARM.attributes
                0x0000000000000725       0x34 /opt/homebrew/Cellar/arm-none-eabi-gcc/10.3-2021.07/gcc/bin/../lib/gcc/arm-none-eabi/10.3.1/../../../../arm-none-eabi/lib/thumb/v7e-m+fp/hard/libg.a(lib_a-memset.o)
 .ARM.attributes
                0x0000000000000759       0x34 /opt/homebrew/Cellar/arm-none-eabi-gcc/10.3-2021.07/gcc/bin/../lib/gcc/arm-none-eabi/10.3.1/../../../../arm-none-eabi/lib/thumb/v7e-m+fp/hard/libg.a(lib_a-__call_atexit.o)
 .ARM.attributes
                0x000000000000078d       0x34 /opt/homebrew/Cellar/arm-none-eabi-gcc/10.3-2021.07/gcc/bin/../lib/gcc/arm-none-eabi/10.3.1/../../../../arm-none-eabi/lib/thumb/v7e-m+fp/hard/libg.a(lib_a-atexit.o)
 .ARM.attributes
                0x00000000000007c1       0x34 /opt/homebrew/Cellar/arm-none-eabi-gcc/10.3-2021.07/gcc/bin/../lib/gcc/arm-none-eabi/10.3.1/../../../../arm-none-eabi/lib/thumb/v7e-m+fp/hard/libg.a(lib_a-fini.o)
 .ARM.attributes
                0x00000000000007f5       0x34 /opt/homebrew/Cellar/arm-none-eabi-gcc/10.3-2021.07/gcc/bin/../lib/gcc/arm-none-eabi/10.3.1/../../../../arm-none-eabi/lib/thumb/v7e-m+fp/hard/libg.a(lib_a-lock.o)
 .ARM.attributes
                0x0000000000000829       0x34 /opt/homebrew/Cellar/arm-none-eabi-gcc/10.3-2021.07/gcc/bin/../lib/gcc/arm-none-eabi/10.3.1/../../../../arm-none-eabi/lib/thumb/v7e-m+fp/hard/libg.a(lib_a-__atexit.o)
 .ARM.attributes
                0x000000000000085d       0x1e /opt/homebrew/Cellar/arm-none-eabi-gcc/10.3-2021.07/gcc/bin/../lib/gcc/arm-none-eabi/10.3.1/thumb/v7e-m+fp/hard/libgcc.a(_arm_cmpdf2.o)
 .ARM.attributes
                0x000000000000087b       0x1e /opt/homebrew/Cellar/arm-none-eabi-gcc/10.3-2021.07/gcc/bin/../lib/gcc/arm-none-eabi/10.3.1/thumb/v7e-m+fp/hard/libgcc.a(_arm_unorddf2.o)
 .ARM.attributes
                0x0000000000000899       0x1e /opt/homebrew/Cellar/arm-none-eabi-gcc/10.3-2021.07/gcc/bin/../lib/gcc/arm-none-eabi/10.3.1/thumb/v7e-m+fp/hard/crtn.o
OUTPUT(Mechanical_Arm.elf elf32-littlearm)
LOAD linker stubs
LOAD /opt/homebrew/Cellar/arm-none-eabi-gcc/10.3-2021.07/gcc/bin/../lib/gcc/arm-none-eabi/10.3.1/../../../../arm-none-eabi/lib/thumb/v7e-m+fp/hard/libc.a
LOAD /opt/homebrew/Cellar/arm-none-eabi-gcc/10.3-2021.07/gcc/bin/../lib/gcc/arm-none-eabi/10.3.1/../../../../arm-none-eabi/lib/thumb/v7e-m+fp/hard/libm.a
LOAD /opt/homebrew/Cellar/arm-none-eabi-gcc/10.3-2021.07/gcc/bin/../lib/gcc/arm-none-eabi/10.3.1/thumb/v7e-m+fp/hard/libgcc.a

.debug_info     0x0000000000000000    0x154a7
 .debug_info    0x0000000000000000      0xa5c CMakeFiles/Mechanical_Arm.elf.dir/Drivers/STM32F4xx_HAL_Driver/Src/stm32f4xx_hal.c.obj
 .debug_info    0x0000000000000a5c     0x126e CMakeFiles/Mechanical_Arm.elf.dir/Drivers/STM32F4xx_HAL_Driver/Src/stm32f4xx_hal_can.c.obj
 .debug_info    0x0000000000001cca     0x10c2 CMakeFiles/Mechanical_Arm.elf.dir/Drivers/STM32F4xx_HAL_Driver/Src/stm32f4xx_hal_cortex.c.obj
 .debug_info    0x0000000000002d8c      0xb3f CMakeFiles/Mechanical_Arm.elf.dir/Drivers/STM32F4xx_HAL_Driver/Src/stm32f4xx_hal_dma.c.obj
 .debug_info    0x00000000000038cb      0x7cc CMakeFiles/Mechanical_Arm.elf.dir/Drivers/STM32F4xx_HAL_Driver/Src/stm32f4xx_hal_gpio.c.obj
 .debug_info    0x0000000000004097      0xb1f CMakeFiles/Mechanical_Arm.elf.dir/Drivers/STM32F4xx_HAL_Driver/Src/stm32f4xx_hal_rcc.c.obj
 .debug_info    0x0000000000004bb6     0x4233 CMakeFiles/Mechanical_Arm.elf.dir/Drivers/STM32F4xx_HAL_Driver/Src/stm32f4xx_hal_uart.c.obj
 .debug_info    0x0000000000008de9     0x105b CMakeFiles/Mechanical_Arm.elf.dir/Lib/Src/A1_Drive.c.obj
 .debug_info    0x0000000000009e44      0xb7b CMakeFiles/Mechanical_Arm.elf.dir/Lib/Src/CAN_Operation.c.obj
 .debug_info    0x000000000000a9bf      0x5bd CMakeFiles/Mechanical_Arm.elf.dir/Lib/Src/Inverse_Mechanical_Calulation.c.obj
 .debug_info    0x000000000000af7c      0x3fa CMakeFiles/Mechanical_Arm.elf.dir/Lib/Src/M6020_PID_Controller.c.obj
 .debug_info    0x000000000000b376      0x489 CMakeFiles/Mechanical_Arm.elf.dir/Lib/Src/PID_Controlor.c.obj
 .debug_info    0x000000000000b7ff     0x14a1 CMakeFiles/Mechanical_Arm.elf.dir/Lib/Src/dynamixel2.c.obj
 .debug_info    0x000000000000cca0      0xdde CMakeFiles/Mechanical_Arm.elf.dir/Lib/Src/servo.c.obj
 .debug_info    0x000000000000da7e      0x2e0 CMakeFiles/Mechanical_Arm.elf.dir/Middlewares/Third_Party/FreeRTOS/Source/list.c.obj
 .debug_info    0x000000000000dd5e      0x587 CMakeFiles/Mechanical_Arm.elf.dir/Middlewares/Third_Party/FreeRTOS/Source/portable/GCC/ARM_CM4F/port.c.obj
 .debug_info    0x000000000000e2e5     0x2971 CMakeFiles/Mechanical_Arm.elf.dir/Middlewares/Third_Party/FreeRTOS/Source/tasks.c.obj
 .debug_info    0x0000000000010c56      0xcff CMakeFiles/Mechanical_Arm.elf.dir/Src/can.c.obj
 .debug_info    0x0000000000011955      0x576 CMakeFiles/Mechanical_Arm.elf.dir/Src/dma.c.obj
 .debug_info    0x0000000000011ecb      0x509 CMakeFiles/Mechanical_Arm.elf.dir/Src/gpio.c.obj
 .debug_info    0x00000000000123d4      0xf96 CMakeFiles/Mechanical_Arm.elf.dir/Src/main.c.obj
 .debug_info    0x000000000001336a      0x53e CMakeFiles/Mechanical_Arm.elf.dir/Src/stm32f4xx_hal_msp.c.obj
 .debug_info    0x00000000000138a8      0x888 CMakeFiles/Mechanical_Arm.elf.dir/Src/stm32f4xx_it.c.obj
 .debug_info    0x0000000000014130      0x554 CMakeFiles/Mechanical_Arm.elf.dir/Src/system_stm32f4xx.c.obj
 .debug_info    0x0000000000014684      0xe01 CMakeFiles/Mechanical_Arm.elf.dir/Src/usart.c.obj
 .debug_info    0x0000000000015485       0x22 CMakeFiles/Mechanical_Arm.elf.dir/startup/startup_stm32f427xx.s.obj

.debug_abbrev   0x0000000000000000     0x34d7
 .debug_abbrev  0x0000000000000000      0x206 CMakeFiles/Mechanical_Arm.elf.dir/Drivers/STM32F4xx_HAL_Driver/Src/stm32f4xx_hal.c.obj
 .debug_abbrev  0x0000000000000206      0x267 CMakeFiles/Mechanical_Arm.elf.dir/Drivers/STM32F4xx_HAL_Driver/Src/stm32f4xx_hal_can.c.obj
 .debug_abbrev  0x000000000000046d      0x36a CMakeFiles/Mechanical_Arm.elf.dir/Drivers/STM32F4xx_HAL_Driver/Src/stm32f4xx_hal_cortex.c.obj
 .debug_abbrev  0x00000000000007d7      0x2c2 CMakeFiles/Mechanical_Arm.elf.dir/Drivers/STM32F4xx_HAL_Driver/Src/stm32f4xx_hal_dma.c.obj
 .debug_abbrev  0x0000000000000a99      0x1ef CMakeFiles/Mechanical_Arm.elf.dir/Drivers/STM32F4xx_HAL_Driver/Src/stm32f4xx_hal_gpio.c.obj
 .debug_abbrev  0x0000000000000c88      0x28a CMakeFiles/Mechanical_Arm.elf.dir/Drivers/STM32F4xx_HAL_Driver/Src/stm32f4xx_hal_rcc.c.obj
 .debug_abbrev  0x0000000000000f12      0x2f6 CMakeFiles/Mechanical_Arm.elf.dir/Drivers/STM32F4xx_HAL_Driver/Src/stm32f4xx_hal_uart.c.obj
 .debug_abbrev  0x0000000000001208      0x353 CMakeFiles/Mechanical_Arm.elf.dir/Lib/Src/A1_Drive.c.obj
 .debug_abbrev  0x000000000000155b      0x244 CMakeFiles/Mechanical_Arm.elf.dir/Lib/Src/CAN_Operation.c.obj
 .debug_abbrev  0x000000000000179f      0x146 CMakeFiles/Mechanical_Arm.elf.dir/Lib/Src/Inverse_Mechanical_Calulation.c.obj
 .debug_abbrev  0x00000000000018e5      0x174 CMakeFiles/Mechanical_Arm.elf.dir/Lib/Src/M6020_PID_Controller.c.obj
 .debug_abbrev  0x0000000000001a59      0x18c CMakeFiles/Mechanical_Arm.elf.dir/Lib/Src/PID_Controlor.c.obj
 .debug_abbrev  0x0000000000001be5      0x380 CMakeFiles/Mechanical_Arm.elf.dir/Lib/Src/dynamixel2.c.obj
 .debug_abbrev  0x0000000000001f65      0x1fa CMakeFiles/Mechanical_Arm.elf.dir/Lib/Src/servo.c.obj
 .debug_abbrev  0x000000000000215f      0x106 CMakeFiles/Mechanical_Arm.elf.dir/Middlewares/Third_Party/FreeRTOS/Source/list.c.obj
 .debug_abbrev  0x0000000000002265      0x26b CMakeFiles/Mechanical_Arm.elf.dir/Middlewares/Third_Party/FreeRTOS/Source/portable/GCC/ARM_CM4F/port.c.obj
 .debug_abbrev  0x00000000000024d0      0x313 CMakeFiles/Mechanical_Arm.elf.dir/Middlewares/Third_Party/FreeRTOS/Source/tasks.c.obj
 .debug_abbrev  0x00000000000027e3      0x1f6 CMakeFiles/Mechanical_Arm.elf.dir/Src/can.c.obj
 .debug_abbrev  0x00000000000029d9      0x126 CMakeFiles/Mechanical_Arm.elf.dir/Src/dma.c.obj
 .debug_abbrev  0x0000000000002aff      0x14e CMakeFiles/Mechanical_Arm.elf.dir/Src/gpio.c.obj
 .debug_abbrev  0x0000000000002c4d      0x29c CMakeFiles/Mechanical_Arm.elf.dir/Src/main.c.obj
 .debug_abbrev  0x0000000000002ee9      0x119 CMakeFiles/Mechanical_Arm.elf.dir/Src/stm32f4xx_hal_msp.c.obj
 .debug_abbrev  0x0000000000003002      0x1bb CMakeFiles/Mechanical_Arm.elf.dir/Src/stm32f4xx_it.c.obj
 .debug_abbrev  0x00000000000031bd      0x119 CMakeFiles/Mechanical_Arm.elf.dir/Src/system_stm32f4xx.c.obj
 .debug_abbrev  0x00000000000032d6      0x1ef CMakeFiles/Mechanical_Arm.elf.dir/Src/usart.c.obj
 .debug_abbrev  0x00000000000034c5       0x12 CMakeFiles/Mechanical_Arm.elf.dir/startup/startup_stm32f427xx.s.obj

.debug_loc      0x0000000000000000     0xba3c
 .debug_loc     0x0000000000000000      0x141 CMakeFiles/Mechanical_Arm.elf.dir/Drivers/STM32F4xx_HAL_Driver/Src/stm32f4xx_hal.c.obj
 .debug_loc     0x0000000000000141      0xde6 CMakeFiles/Mechanical_Arm.elf.dir/Drivers/STM32F4xx_HAL_Driver/Src/stm32f4xx_hal_can.c.obj
 .debug_loc     0x0000000000000f27      0x744 CMakeFiles/Mechanical_Arm.elf.dir/Drivers/STM32F4xx_HAL_Driver/Src/stm32f4xx_hal_cortex.c.obj
 .debug_loc     0x000000000000166b      0xbf9 CMakeFiles/Mechanical_Arm.elf.dir/Drivers/STM32F4xx_HAL_Driver/Src/stm32f4xx_hal_dma.c.obj
 .debug_loc     0x0000000000002264      0x520 CMakeFiles/Mechanical_Arm.elf.dir/Drivers/STM32F4xx_HAL_Driver/Src/stm32f4xx_hal_gpio.c.obj
 .debug_loc     0x0000000000002784      0x58c CMakeFiles/Mechanical_Arm.elf.dir/Drivers/STM32F4xx_HAL_Driver/Src/stm32f4xx_hal_rcc.c.obj
 .debug_loc     0x0000000000002d10     0x49eb CMakeFiles/Mechanical_Arm.elf.dir/Drivers/STM32F4xx_HAL_Driver/Src/stm32f4xx_hal_uart.c.obj
 .debug_loc     0x00000000000076fb      0x629 CMakeFiles/Mechanical_Arm.elf.dir/Lib/Src/A1_Drive.c.obj
 .debug_loc     0x0000000000007d24      0x277 CMakeFiles/Mechanical_Arm.elf.dir/Lib/Src/CAN_Operation.c.obj
 .debug_loc     0x0000000000007f9b      0x15f CMakeFiles/Mechanical_Arm.elf.dir/Lib/Src/Inverse_Mechanical_Calulation.c.obj
 .debug_loc     0x00000000000080fa      0x1c1 CMakeFiles/Mechanical_Arm.elf.dir/Lib/Src/M6020_PID_Controller.c.obj
 .debug_loc     0x00000000000082bb      0x1e5 CMakeFiles/Mechanical_Arm.elf.dir/Lib/Src/PID_Controlor.c.obj
 .debug_loc     0x00000000000084a0      0xb4d CMakeFiles/Mechanical_Arm.elf.dir/Lib/Src/dynamixel2.c.obj
 .debug_loc     0x0000000000008fed      0x3e7 CMakeFiles/Mechanical_Arm.elf.dir/Lib/Src/servo.c.obj
 .debug_loc     0x00000000000093d4       0xad CMakeFiles/Mechanical_Arm.elf.dir/Middlewares/Third_Party/FreeRTOS/Source/list.c.obj
 .debug_loc     0x0000000000009481      0x124 CMakeFiles/Mechanical_Arm.elf.dir/Middlewares/Third_Party/FreeRTOS/Source/portable/GCC/ARM_CM4F/port.c.obj
 .debug_loc     0x00000000000095a5     0x1e83 CMakeFiles/Mechanical_Arm.elf.dir/Middlewares/Third_Party/FreeRTOS/Source/tasks.c.obj
 .debug_loc     0x000000000000b428       0xcb CMakeFiles/Mechanical_Arm.elf.dir/Src/can.c.obj
 .debug_loc     0x000000000000b4f3      0x339 CMakeFiles/Mechanical_Arm.elf.dir/Src/main.c.obj
 .debug_loc     0x000000000000b82c      0x158 CMakeFiles/Mechanical_Arm.elf.dir/Src/system_stm32f4xx.c.obj
 .debug_loc     0x000000000000b984       0xb8 CMakeFiles/Mechanical_Arm.elf.dir/Src/usart.c.obj

.debug_aranges  0x0000000000000000      0xe28
 .debug_aranges
                0x0000000000000000      0x100 CMakeFiles/Mechanical_Arm.elf.dir/Drivers/STM32F4xx_HAL_Driver/Src/stm32f4xx_hal.c.obj
 .debug_aranges
                0x0000000000000100      0x138 CMakeFiles/Mechanical_Arm.elf.dir/Drivers/STM32F4xx_HAL_Driver/Src/stm32f4xx_hal_can.c.obj
 .debug_aranges
                0x0000000000000238       0xa8 CMakeFiles/Mechanical_Arm.elf.dir/Drivers/STM32F4xx_HAL_Driver/Src/stm32f4xx_hal_cortex.c.obj
 .debug_aranges
                0x00000000000002e0       0x90 CMakeFiles/Mechanical_Arm.elf.dir/Drivers/STM32F4xx_HAL_Driver/Src/stm32f4xx_hal_dma.c.obj
 .debug_aranges
                0x0000000000000370       0x58 CMakeFiles/Mechanical_Arm.elf.dir/Drivers/STM32F4xx_HAL_Driver/Src/stm32f4xx_hal_gpio.c.obj
 .debug_aranges
                0x00000000000003c8       0x88 CMakeFiles/Mechanical_Arm.elf.dir/Drivers/STM32F4xx_HAL_Driver/Src/stm32f4xx_hal_rcc.c.obj
 .debug_aranges
                0x0000000000000450      0x200 CMakeFiles/Mechanical_Arm.elf.dir/Drivers/STM32F4xx_HAL_Driver/Src/stm32f4xx_hal_uart.c.obj
 .debug_aranges
                0x0000000000000650       0x88 CMakeFiles/Mechanical_Arm.elf.dir/Lib/Src/A1_Drive.c.obj
 .debug_aranges
                0x00000000000006d8       0x50 CMakeFiles/Mechanical_Arm.elf.dir/Lib/Src/CAN_Operation.c.obj
 .debug_aranges
                0x0000000000000728       0x28 CMakeFiles/Mechanical_Arm.elf.dir/Lib/Src/Inverse_Mechanical_Calulation.c.obj
 .debug_aranges
                0x0000000000000750       0x50 CMakeFiles/Mechanical_Arm.elf.dir/Lib/Src/M6020_PID_Controller.c.obj
 .debug_aranges
                0x00000000000007a0       0x58 CMakeFiles/Mechanical_Arm.elf.dir/Lib/Src/PID_Controlor.c.obj
 .debug_aranges
                0x00000000000007f8      0x190 CMakeFiles/Mechanical_Arm.elf.dir/Lib/Src/dynamixel2.c.obj
 .debug_aranges
                0x0000000000000988       0x58 CMakeFiles/Mechanical_Arm.elf.dir/Lib/Src/servo.c.obj
 .debug_aranges
                0x00000000000009e0       0x40 CMakeFiles/Mechanical_Arm.elf.dir/Middlewares/Third_Party/FreeRTOS/Source/list.c.obj
 .debug_aranges
                0x0000000000000a20       0x80 CMakeFiles/Mechanical_Arm.elf.dir/Middlewares/Third_Party/FreeRTOS/Source/portable/GCC/ARM_CM4F/port.c.obj
 .debug_aranges
                0x0000000000000aa0      0x1b8 CMakeFiles/Mechanical_Arm.elf.dir/Middlewares/Third_Party/FreeRTOS/Source/tasks.c.obj
 .debug_aranges
                0x0000000000000c58       0x38 CMakeFiles/Mechanical_Arm.elf.dir/Src/can.c.obj
 .debug_aranges
                0x0000000000000c90       0x20 CMakeFiles/Mechanical_Arm.elf.dir/Src/dma.c.obj
 .debug_aranges
                0x0000000000000cb0       0x20 CMakeFiles/Mechanical_Arm.elf.dir/Src/gpio.c.obj
 .debug_aranges
                0x0000000000000cd0       0x40 CMakeFiles/Mechanical_Arm.elf.dir/Src/main.c.obj
 .debug_aranges
                0x0000000000000d10       0x20 CMakeFiles/Mechanical_Arm.elf.dir/Src/stm32f4xx_hal_msp.c.obj
 .debug_aranges
                0x0000000000000d30       0x70 CMakeFiles/Mechanical_Arm.elf.dir/Src/stm32f4xx_it.c.obj
 .debug_aranges
                0x0000000000000da0       0x28 CMakeFiles/Mechanical_Arm.elf.dir/Src/system_stm32f4xx.c.obj
 .debug_aranges
                0x0000000000000dc8       0x38 CMakeFiles/Mechanical_Arm.elf.dir/Src/usart.c.obj
 .debug_aranges
                0x0000000000000e00       0x28 CMakeFiles/Mechanical_Arm.elf.dir/startup/startup_stm32f427xx.s.obj

.debug_ranges   0x0000000000000000      0xe78
 .debug_ranges  0x0000000000000000       0xf0 CMakeFiles/Mechanical_Arm.elf.dir/Drivers/STM32F4xx_HAL_Driver/Src/stm32f4xx_hal.c.obj
 .debug_ranges  0x00000000000000f0      0x128 CMakeFiles/Mechanical_Arm.elf.dir/Drivers/STM32F4xx_HAL_Driver/Src/stm32f4xx_hal_can.c.obj
 .debug_ranges  0x0000000000000218       0xf8 CMakeFiles/Mechanical_Arm.elf.dir/Drivers/STM32F4xx_HAL_Driver/Src/stm32f4xx_hal_cortex.c.obj
 .debug_ranges  0x0000000000000310       0x80 CMakeFiles/Mechanical_Arm.elf.dir/Drivers/STM32F4xx_HAL_Driver/Src/stm32f4xx_hal_dma.c.obj
 .debug_ranges  0x0000000000000390       0x48 CMakeFiles/Mechanical_Arm.elf.dir/Drivers/STM32F4xx_HAL_Driver/Src/stm32f4xx_hal_gpio.c.obj
 .debug_ranges  0x00000000000003d8       0x90 CMakeFiles/Mechanical_Arm.elf.dir/Drivers/STM32F4xx_HAL_Driver/Src/stm32f4xx_hal_rcc.c.obj
 .debug_ranges  0x0000000000000468      0x208 CMakeFiles/Mechanical_Arm.elf.dir/Drivers/STM32F4xx_HAL_Driver/Src/stm32f4xx_hal_uart.c.obj
 .debug_ranges  0x0000000000000670       0xc8 CMakeFiles/Mechanical_Arm.elf.dir/Lib/Src/A1_Drive.c.obj
 .debug_ranges  0x0000000000000738       0x40 CMakeFiles/Mechanical_Arm.elf.dir/Lib/Src/CAN_Operation.c.obj
 .debug_ranges  0x0000000000000778       0x18 CMakeFiles/Mechanical_Arm.elf.dir/Lib/Src/Inverse_Mechanical_Calulation.c.obj
 .debug_ranges  0x0000000000000790       0x40 CMakeFiles/Mechanical_Arm.elf.dir/Lib/Src/M6020_PID_Controller.c.obj
 .debug_ranges  0x00000000000007d0       0x48 CMakeFiles/Mechanical_Arm.elf.dir/Lib/Src/PID_Controlor.c.obj
 .debug_ranges  0x0000000000000818      0x180 CMakeFiles/Mechanical_Arm.elf.dir/Lib/Src/dynamixel2.c.obj
 .debug_ranges  0x0000000000000998       0x48 CMakeFiles/Mechanical_Arm.elf.dir/Lib/Src/servo.c.obj
 .debug_ranges  0x00000000000009e0       0x30 CMakeFiles/Mechanical_Arm.elf.dir/Middlewares/Third_Party/FreeRTOS/Source/list.c.obj
 .debug_ranges  0x0000000000000a10       0x88 CMakeFiles/Mechanical_Arm.elf.dir/Middlewares/Third_Party/FreeRTOS/Source/portable/GCC/ARM_CM4F/port.c.obj
 .debug_ranges  0x0000000000000a98      0x280 CMakeFiles/Mechanical_Arm.elf.dir/Middlewares/Third_Party/FreeRTOS/Source/tasks.c.obj
 .debug_ranges  0x0000000000000d18       0x28 CMakeFiles/Mechanical_Arm.elf.dir/Src/can.c.obj
 .debug_ranges  0x0000000000000d40       0x10 CMakeFiles/Mechanical_Arm.elf.dir/Src/dma.c.obj
 .debug_ranges  0x0000000000000d50       0x10 CMakeFiles/Mechanical_Arm.elf.dir/Src/gpio.c.obj
 .debug_ranges  0x0000000000000d60       0x48 CMakeFiles/Mechanical_Arm.elf.dir/Src/main.c.obj
 .debug_ranges  0x0000000000000da8       0x10 CMakeFiles/Mechanical_Arm.elf.dir/Src/stm32f4xx_hal_msp.c.obj
 .debug_ranges  0x0000000000000db8       0x60 CMakeFiles/Mechanical_Arm.elf.dir/Src/stm32f4xx_it.c.obj
 .debug_ranges  0x0000000000000e18       0x18 CMakeFiles/Mechanical_Arm.elf.dir/Src/system_stm32f4xx.c.obj
 .debug_ranges  0x0000000000000e30       0x28 CMakeFiles/Mechanical_Arm.elf.dir/Src/usart.c.obj
 .debug_ranges  0x0000000000000e58       0x20 CMakeFiles/Mechanical_Arm.elf.dir/startup/startup_stm32f427xx.s.obj

.debug_line     0x0000000000000000    0x114c6
 .debug_line    0x0000000000000000      0x683 CMakeFiles/Mechanical_Arm.elf.dir/Drivers/STM32F4xx_HAL_Driver/Src/stm32f4xx_hal.c.obj
 .debug_line    0x0000000000000683     0x11c3 CMakeFiles/Mechanical_Arm.elf.dir/Drivers/STM32F4xx_HAL_Driver/Src/stm32f4xx_hal_can.c.obj
 .debug_line    0x0000000000001846      0x85e CMakeFiles/Mechanical_Arm.elf.dir/Drivers/STM32F4xx_HAL_Driver/Src/stm32f4xx_hal_cortex.c.obj
 .debug_line    0x00000000000020a4      0xed7 CMakeFiles/Mechanical_Arm.elf.dir/Drivers/STM32F4xx_HAL_Driver/Src/stm32f4xx_hal_dma.c.obj
 .debug_line    0x0000000000002f7b      0x7a5 CMakeFiles/Mechanical_Arm.elf.dir/Drivers/STM32F4xx_HAL_Driver/Src/stm32f4xx_hal_gpio.c.obj
 .debug_line    0x0000000000003720      0xbbe CMakeFiles/Mechanical_Arm.elf.dir/Drivers/STM32F4xx_HAL_Driver/Src/stm32f4xx_hal_rcc.c.obj
 .debug_line    0x00000000000042de     0x46be CMakeFiles/Mechanical_Arm.elf.dir/Drivers/STM32F4xx_HAL_Driver/Src/stm32f4xx_hal_uart.c.obj
 .debug_line    0x000000000000899c      0xa82 CMakeFiles/Mechanical_Arm.elf.dir/Lib/Src/A1_Drive.c.obj
 .debug_line    0x000000000000941e      0x640 CMakeFiles/Mechanical_Arm.elf.dir/Lib/Src/CAN_Operation.c.obj
 .debug_line    0x0000000000009a5e      0x442 CMakeFiles/Mechanical_Arm.elf.dir/Lib/Src/Inverse_Mechanical_Calulation.c.obj
 .debug_line    0x0000000000009ea0      0x4ad CMakeFiles/Mechanical_Arm.elf.dir/Lib/Src/M6020_PID_Controller.c.obj
 .debug_line    0x000000000000a34d      0x4c4 CMakeFiles/Mechanical_Arm.elf.dir/Lib/Src/PID_Controlor.c.obj
 .debug_line    0x000000000000a811     0x12c0 CMakeFiles/Mechanical_Arm.elf.dir/Lib/Src/dynamixel2.c.obj
 .debug_line    0x000000000000bad1      0x58e CMakeFiles/Mechanical_Arm.elf.dir/Lib/Src/servo.c.obj
 .debug_line    0x000000000000c05f      0x408 CMakeFiles/Mechanical_Arm.elf.dir/Middlewares/Third_Party/FreeRTOS/Source/list.c.obj
 .debug_line    0x000000000000c467      0x7b4 CMakeFiles/Mechanical_Arm.elf.dir/Middlewares/Third_Party/FreeRTOS/Source/portable/GCC/ARM_CM4F/port.c.obj
 .debug_line    0x000000000000cc1b     0x2588 CMakeFiles/Mechanical_Arm.elf.dir/Middlewares/Third_Party/FreeRTOS/Source/tasks.c.obj
 .debug_line    0x000000000000f1a3      0x5a7 CMakeFiles/Mechanical_Arm.elf.dir/Src/can.c.obj
 .debug_line    0x000000000000f74a      0x22f CMakeFiles/Mechanical_Arm.elf.dir/Src/dma.c.obj
 .debug_line    0x000000000000f979      0x294 CMakeFiles/Mechanical_Arm.elf.dir/Src/gpio.c.obj
 .debug_line    0x000000000000fc0d      0x880 CMakeFiles/Mechanical_Arm.elf.dir/Src/main.c.obj
 .debug_line    0x000000000001048d      0x240 CMakeFiles/Mechanical_Arm.elf.dir/Src/stm32f4xx_hal_msp.c.obj
 .debug_line    0x00000000000106cd      0x504 CMakeFiles/Mechanical_Arm.elf.dir/Src/stm32f4xx_it.c.obj
 .debug_line    0x0000000000010bd1      0x2fa CMakeFiles/Mechanical_Arm.elf.dir/Src/system_stm32f4xx.c.obj
 .debug_line    0x0000000000010ecb      0x546 CMakeFiles/Mechanical_Arm.elf.dir/Src/usart.c.obj
 .debug_line    0x0000000000011411       0xb5 CMakeFiles/Mechanical_Arm.elf.dir/startup/startup_stm32f427xx.s.obj

.debug_str      0x0000000000000000     0x51b5